Component: ARM Compiler 5.06 update 6 (build 750) Tool: armlink [4d35ed]

==============================================================================

Section Cross References

    system_stm32f4xx.o(i.SystemCoreClockUpdate) refers to system_stm32f4xx.o(.data) for .data
    system_stm32f4xx.o(i.SystemInit) refers to system_stm32f4xx.o(i.SetSysClock) for SetSysClock
    main.o(i.main) refers to foc_init.o(i.foc_bsp_init) for foc_bsp_init
    main.o(i.main) refers to foc_init.o(i.foc_app_init) for foc_app_init
    main.o(i.main) refers to foc_init.o(i.foc_task_init) for foc_task_init
    main.o(i.main) refers to tasks.o(i.vTaskStartScheduler) for vTaskStartScheduler
    main.o(i.vApplicationMallocFailedHook) refers to bsp_uart.o(i.debug_log) for debug_log
    main.o(i.vApplicationStackOverflowHook) refers to bsp_uart.o(i.debug_log) for debug_log
    startup_stm32f40_41xxx.o(RESET) refers to startup_stm32f40_41xxx.o(STACK) for __initial_sp
    startup_stm32f40_41xxx.o(RESET) refers to startup_stm32f40_41xxx.o(.text) for Reset_Handler
    startup_stm32f40_41xxx.o(RESET) refers to stm32f4xx_it.o(i.NMI_Handler) for NMI_Handler
    startup_stm32f40_41xxx.o(RESET) refers to stm32f4xx_it.o(i.HardFault_Handler) for HardFault_Handler
    startup_stm32f40_41xxx.o(RESET) refers to stm32f4xx_it.o(i.MemManage_Handler) for MemManage_Handler
    startup_stm32f40_41xxx.o(RESET) refers to stm32f4xx_it.o(i.BusFault_Handler) for BusFault_Handler
    startup_stm32f40_41xxx.o(RESET) refers to stm32f4xx_it.o(i.UsageFault_Handler) for UsageFault_Handler
    startup_stm32f40_41xxx.o(RESET) refers to port.o(.emb_text) for SVC_Handler
    startup_stm32f40_41xxx.o(RESET) refers to stm32f4xx_it.o(i.DebugMon_Handler) for DebugMon_Handler
    startup_stm32f40_41xxx.o(RESET) refers to port.o(i.SysTick_Handler) for SysTick_Handler
    startup_stm32f40_41xxx.o(RESET) refers to bsp_uart.o(i.DMA1_Stream3_IRQHandler) for DMA1_Stream3_IRQHandler
    startup_stm32f40_41xxx.o(RESET) refers to bsp_adc.o(i.ADC_IRQHandler) for ADC_IRQHandler
    startup_stm32f40_41xxx.o(RESET) refers to bsp_timer.o(i.TIM1_BRK_TIM9_IRQHandler) for TIM1_BRK_TIM9_IRQHandler
    startup_stm32f40_41xxx.o(RESET) refers to bsp_timer.o(i.TIM1_UP_TIM10_IRQHandler) for TIM1_UP_TIM10_IRQHandler
    startup_stm32f40_41xxx.o(RESET) refers to bsp_uart.o(i.USART3_IRQHandler) for USART3_IRQHandler
    startup_stm32f40_41xxx.o(RESET) refers to bsp_adc.o(i.DMA2_Stream0_IRQHandler) for DMA2_Stream0_IRQHandler
    startup_stm32f40_41xxx.o(.text) refers to system_stm32f4xx.o(i.SystemInit) for SystemInit
    startup_stm32f40_41xxx.o(.text) refers to entry.o(.ARM.Collect$$$$00000000) for __main
    stm32f4xx_adc.o(i.ADC_DeInit) refers to stm32f4xx_rcc.o(i.RCC_APB2PeriphResetCmd) for RCC_APB2PeriphResetCmd
    stm32f4xx_can.o(i.CAN_DeInit) refers to stm32f4xx_rcc.o(i.RCC_APB1PeriphResetCmd) for RCC_APB1PeriphResetCmd
    stm32f4xx_can.o(i.CAN_GetITStatus) refers to stm32f4xx_can.o(i.CheckITStatus) for CheckITStatus
    stm32f4xx_cryp.o(i.CRYP_DeInit) refers to stm32f4xx_rcc.o(i.RCC_AHB2PeriphResetCmd) for RCC_AHB2PeriphResetCmd
    stm32f4xx_cryp_aes.o(i.CRYP_AES_CBC) refers to stm32f4xx_cryp.o(i.CRYP_KeyStructInit) for CRYP_KeyStructInit
    stm32f4xx_cryp_aes.o(i.CRYP_AES_CBC) refers to stm32f4xx_cryp.o(i.CRYP_KeyInit) for CRYP_KeyInit
    stm32f4xx_cryp_aes.o(i.CRYP_AES_CBC) refers to stm32f4xx_cryp.o(i.CRYP_Init) for CRYP_Init
    stm32f4xx_cryp_aes.o(i.CRYP_AES_CBC) refers to stm32f4xx_cryp.o(i.CRYP_IVInit) for CRYP_IVInit
    stm32f4xx_cryp_aes.o(i.CRYP_AES_CBC) refers to stm32f4xx_cryp.o(i.CRYP_FIFOFlush) for CRYP_FIFOFlush
    stm32f4xx_cryp_aes.o(i.CRYP_AES_CBC) refers to stm32f4xx_cryp.o(i.CRYP_Cmd) for CRYP_Cmd
    stm32f4xx_cryp_aes.o(i.CRYP_AES_CBC) refers to stm32f4xx_cryp.o(i.CRYP_GetCmdStatus) for CRYP_GetCmdStatus
    stm32f4xx_cryp_aes.o(i.CRYP_AES_CBC) refers to stm32f4xx_cryp.o(i.CRYP_GetFlagStatus) for CRYP_GetFlagStatus
    stm32f4xx_cryp_aes.o(i.CRYP_AES_CBC) refers to stm32f4xx_cryp.o(i.CRYP_DataIn) for CRYP_DataIn
    stm32f4xx_cryp_aes.o(i.CRYP_AES_CBC) refers to stm32f4xx_cryp.o(i.CRYP_DataOut) for CRYP_DataOut
    stm32f4xx_cryp_aes.o(i.CRYP_AES_CCM) refers to stm32f4xx_cryp.o(i.CRYP_KeyStructInit) for CRYP_KeyStructInit
    stm32f4xx_cryp_aes.o(i.CRYP_AES_CCM) refers to stm32f4xx_cryp.o(i.CRYP_FIFOFlush) for CRYP_FIFOFlush
    stm32f4xx_cryp_aes.o(i.CRYP_AES_CCM) refers to stm32f4xx_cryp.o(i.CRYP_KeyInit) for CRYP_KeyInit
    stm32f4xx_cryp_aes.o(i.CRYP_AES_CCM) refers to stm32f4xx_cryp.o(i.CRYP_IVInit) for CRYP_IVInit
    stm32f4xx_cryp_aes.o(i.CRYP_AES_CCM) refers to stm32f4xx_cryp.o(i.CRYP_Init) for CRYP_Init
    stm32f4xx_cryp_aes.o(i.CRYP_AES_CCM) refers to stm32f4xx_cryp.o(i.CRYP_PhaseConfig) for CRYP_PhaseConfig
    stm32f4xx_cryp_aes.o(i.CRYP_AES_CCM) refers to stm32f4xx_cryp.o(i.CRYP_DataIn) for CRYP_DataIn
[...]
    i.TIM_OC2Init                            0x0800145c   Section        0  stm32f4xx_tim.o(i.TIM_OC2Init)
    i.TIM_OC2PreloadConfig                   0x080014dc   Section        0  stm32f4xx_tim.o(i.TIM_OC2PreloadConfig)
    i.TIM_OC3Init                            0x080014f0   Section        0  stm32f4xx_tim.o(i.TIM_OC3Init)
    i.TIM_OC3PreloadConfig                   0x0800156c   Section        0  stm32f4xx_tim.o(i.TIM_OC3PreloadConfig)
    i.TIM_OC4Init                            0x08001578   Section        0  stm32f4xx_tim.o(i.TIM_OC4Init)
    i.TIM_OC4PreloadConfig                   0x080015d8   Section        0  stm32f4xx_tim.o(i.TIM_OC4PreloadConfig)
    i.TIM_SelectOutputTrigger                0x080015ec   Section        0  stm32f4xx_tim.o(i.TIM_SelectOutputTrigger)
    i.TIM_SetCompare1                        0x080015fc   Section        0  stm32f4xx_tim.o(i.TIM_SetCompare1)
    i.TIM_SetCompare2                        0x08001600   Section        0  stm32f4xx_tim.o(i.TIM_SetCompare2)
    i.TIM_SetCompare3                        0x08001604   Section        0  stm32f4xx_tim.o(i.TIM_SetCompare3)
    i.TIM_TimeBaseInit                       0x08001608   Section        0  stm32f4xx_tim.o(i.TIM_TimeBaseInit)
    i.USART3_IRQHandler                      0x08001684   Section        0  bsp_uart.o(i.USART3_IRQHandler)
    i.USART_Cmd                              0x080016ac   Section        0  stm32f4xx_usart.o(i.USART_Cmd)
    i.USART_DMACmd                           0x080016c0   Section        0  stm32f4xx_usart.o(i.USART_DMACmd)
    i.USART_GetFlagStatus                    0x080016d0   Section        0  stm32f4xx_usart.o(i.USART_GetFlagStatus)
    i.USART_GetITStatus                      0x080016de   Section        0  stm32f4xx_usart.o(i.USART_GetITStatus)
    i.USART_ITConfig                         0x0800171c   Section        0  stm32f4xx_usart.o(i.USART_ITConfig)
    i.USART_Init                             0x0800174c   Section        0  stm32f4xx_usart.o(i.USART_Init)
    i.USART_ReceiveData                      0x080017f8   Section        0  stm32f4xx_usart.o(i.USART_ReceiveData)
    i.USART_SendData                         0x08001800   Section        0  stm32f4xx_usart.o(i.USART_SendData)
    i.UsageFault_Handler                     0x08001808   Section        0  stm32f4xx_it.o(i.UsageFault_Handler)
    i.__0vsnprintf                           0x0800180c   Section        0  printfa.o(i.__0vsnprintf)
    i.__ARM_fpclassifyf                      0x08001838   Section        0  fpclassifyf.o(i.__ARM_fpclassifyf)
    i.__hardfp_cosf                          0x08001860   Section        0  cosf.o(i.__hardfp_cosf)
    i.__hardfp_fabs                          0x080019b0   Section        0  fabs.o(i.__hardfp_fabs)
    i.__hardfp_sinf                          0x080019c4   Section        0  sinf.o(i.__hardfp_sinf)
    i.__hardfp_sqrtf                         0x08001b54   Section        0  sqrtf.o(i.__hardfp_sqrtf)
    i.__mathlib_flt_infnan                   0x08001b8e   Section        0  funder.o(i.__mathlib_flt_infnan)
    i.__mathlib_flt_invalid                  0x08001b94   Section        0  funder.o(i.__mathlib_flt_invalid)
    i.__mathlib_flt_underflow                0x08001ba4   Section        0  funder.o(i.__mathlib_flt_underflow)
    i.__mathlib_rredf2                       0x08001bb4   Section        0  rredf.o(i.__mathlib_rredf2)
    i.__scatterload_copy                     0x08001d08   Section       14  handlers.o(i.__scatterload_copy)
    i.__scatterload_null                     0x08001d16   Section        2  handlers.o(i.__scatterload_null)
    i.__scatterload_zeroinit                 0x08001d18   Section       14  handlers.o(i.__scatterload_zeroinit)
    i.__set_errno                            0x08001d28   Section        0  errno.o(i.__set_errno)
    i._fp_digits                             0x08001d34   Section        0  printfa.o(i._fp_digits)
    _fp_digits                               0x08001d35   Thumb Code   366  printfa.o(i._fp_digits)
    i._printf_core                           0x08001eb8   Section        0  printfa.o(i._printf_core)
    _printf_core                             0x08001eb9   Thumb Code  1744  printfa.o(i._printf_core)
    i._printf_post_padding                   0x08002594   Section        0  printfa.o(i._printf_post_padding)
    _printf_post_padding                     0x08002595   Thumb Code    36  printfa.o(i._printf_post_padding)
    i._printf_pre_padding                    0x080025b8   Section        0  printfa.o(i._printf_pre_padding)
    _printf_pre_padding                      0x080025b9   Thumb Code    46  printfa.o(i._printf_pre_padding)
    i._snputc                                0x080025e6   Section        0  printfa.o(i._snputc)
    _snputc                                  0x080025e7   Thumb Code    22  printfa.o(i._snputc)
    i.adc_apply_filter                       0x080025fc   Section        0  bsp_adc.o(i.adc_apply_filter)
    adc_apply_filter                         0x080025fd   Thumb Code   452  bsp_adc.o(i.adc_apply_filter)
    i.bsp_adc_calib_current_offset           0x080027d0   Section        0  bsp_adc.o(i.bsp_adc_calib_current_offset)
    i.bsp_adc_get_calib_data                 0x08002940   Section        0  bsp_adc.o(i.bsp_adc_get_calib_data)
    i.bsp_adc_init                           0x0800294c   Section        0  bsp_adc.o(i.bsp_adc_init)
    i.bsp_adc_init_calibration               0x08002b28   Section        0  bsp_adc.o(i.bsp_adc_init_calibration)
    i.bsp_adc_process_data                   0x08002be0   Section        0  bsp_adc.o(i.bsp_adc_process_data)
    i.bsp_gpio_init                          0x08002bfc   Section        0  bsp_gpio.o(i.bsp_gpio_init)
    i.bsp_pwm_disable                        0x08002c2c   Section        0  bsp_timer.o(i.bsp_pwm_disable)
    i.bsp_timer_init                         0x08002c58   Section        0  bsp_timer.o(i.bsp_timer_init)
    i.bsp_uart_dma_init                      0x08002e6c   Section        0  bsp_uart.o(i.bsp_uart_dma_init)
    i.bsp_uart_init                          0x08002f0c   Section        0  bsp_uart.o(i.bsp_uart_init)
    i.bsp_uart_send                          0x08002fec   Section        0  bsp_uart.o(i.bsp_uart_send)
    i.bsp_uart_send_buffer                   0x08003008   Section        0  bsp_uart.o(i.bsp_uart_send_buffer)
    i.bsp_uart_send_byte                     0x08003070   Section        0  bsp_uart.o(i.bsp_uart_send_byte)
    i.debug_init                             0x080030a0   Section        0  foc_debug.o(i.debug_init)
    i.debug_log                              0x080030a4   Section        0  bsp_uart.o(i.debug_log)
    i.debug_printf                           0x080030ec   Section        0  foc_debug.o(i.debug_printf)
    i.foc_app_init                           0x08003134   Section        0  foc_init.o(i.foc_app_init)
    i.foc_bsp_init                           0x08003168   Section        0  foc_init.o(i.foc_bsp_init)
    i.foc_control_init                       0x080031b4   Section        0  foc_control.o(i.foc_control_init)
    i.foc_gather_init                        0x080031dc   Section        0  foc_gather.o(i.foc_gather_init)
    i.foc_open_loop_control                  0x080031e0   Section        0  foc_control.o(i.foc_open_loop_control)
    i.foc_set_open_loop_speed                0x08003428   Section        0  foc_control.o(i.foc_set_open_loop_speed)
    i.foc_task_init                          0x08003434   Section        0  foc_init.o(i.foc_task_init)
    i.inv_clark_transform                    0x08003468   Section        0  foc_conversion.o(i.inv_clark_transform)
    i.inv_park_transform                     0x080034a8   Section        0  foc_conversion.o(i.inv_park_transform)
    i.led_init                               0x080034f8   Section        0  led.o(i.led_init)
    i.main                                   0x08003504   Section        0  main.o(i.main)
    i.prvAddCurrentTaskToDelayedList         0x08003518   Section        0  tasks.o(i.prvAddCurrentTaskToDelayedList)
    prvAddCurrentTaskToDelayedList           0x08003519   Thumb Code   128  tasks.o(i.prvAddCurrentTaskToDelayedList)
    i.prvAddNewTaskToReadyList               0x080035a0   Section        0  tasks.o(i.prvAddNewTaskToReadyList)
    prvAddNewTaskToReadyList                 0x080035a1   Thumb Code   228  tasks.o(i.prvAddNewTaskToReadyList)
    i.prvCheckForValidListAndQueue           0x08003690   Section        0  timers.o(i.prvCheckForValidListAndQueue)
    prvCheckForValidListAndQueue             0x08003691   Thumb Code    62  timers.o(i.prvCheckForValidListAndQueue)
    i.prvCopyDataFromQueue                   0x080036e0   Section        0  queue.o(i.prvCopyDataFromQueue)
    prvCopyDataFromQueue                     0x080036e1   Thumb Code    38  queue.o(i.prvCopyDataFromQueue)
    i.prvCopyDataToQueue                     0x08003706   Section        0  queue.o(i.prvCopyDataToQueue)
    prvCopyDataToQueue                       0x08003707   Thumb Code   108  queue.o(i.prvCopyDataToQueue)
    i.prvDeleteTCB                           0x08003772   Section        0  tasks.o(i.prvDeleteTCB)
    prvDeleteTCB                             0x08003773   Thumb Code    20  tasks.o(i.prvDeleteTCB)
    i.prvHeapInit                            0x08003788   Section        0  heap_4.o(i.prvHeapInit)
    prvHeapInit                              0x08003789   Thumb Code    60  heap_4.o(i.prvHeapInit)
    i.prvIdleTask                            0x080037cc   Section        0  tasks.o(i.prvIdleTask)
    prvIdleTask                              0x080037cd   Thumb Code    82  tasks.o(i.prvIdleTask)
    i.prvInitialiseNewTask                   0x0800382c   Section        0  tasks.o(i.prvInitialiseNewTask)
    prvInitialiseNewTask                     0x0800382d   Thumb Code   166  tasks.o(i.prvInitialiseNewTask)
    i.prvInsertBlockIntoFreeList             0x080038d4   Section        0  heap_4.o(i.prvInsertBlockIntoFreeList)
    prvInsertBlockIntoFreeList               0x080038d5   Thumb Code    72  heap_4.o(i.prvInsertBlockIntoFreeList)
    i.prvInsertTimerInActiveList             0x08003920   Section        0  timers.o(i.prvInsertTimerInActiveList)
    prvInsertTimerInActiveList               0x08003921   Thumb Code    52  timers.o(i.prvInsertTimerInActiveList)
    i.prvIsQueueEmpty                        0x08003958   Section        0  queue.o(i.prvIsQueueEmpty)
    prvIsQueueEmpty                          0x08003959   Thumb Code    28  queue.o(i.prvIsQueueEmpty)
    i.prvProcessExpiredTimer                 0x08003974   Section        0  timers.o(i.prvProcessExpiredTimer)
    prvProcessExpiredTimer                   0x08003975   Thumb Code    58  timers.o(i.prvProcessExpiredTimer)
    i.prvProcessReceivedCommands             0x080039b4   Section        0  timers.o(i.prvProcessReceivedCommands)
    prvProcessReceivedCommands               0x080039b5   Thumb Code   222  timers.o(i.prvProcessReceivedCommands)
    i.prvProcessTimerOrBlockTask             0x08003a98   Section        0  timers.o(i.prvProcessTimerOrBlockTask)
    prvProcessTimerOrBlockTask               0x08003a99   Thumb Code    98  timers.o(i.prvProcessTimerOrBlockTask)
    i.prvReloadTimer                         0x08003b04   Section        0  timers.o(i.prvReloadTimer)
    prvReloadTimer                           0x08003b05   Thumb Code    40  timers.o(i.prvReloadTimer)
    i.prvResetNextTaskUnblockTime            0x08003b2c   Section        0  tasks.o(i.prvResetNextTaskUnblockTime)
    prvResetNextTaskUnblockTime              0x08003b2d   Thumb Code    24  tasks.o(i.prvResetNextTaskUnblockTime)
    i.prvSampleTimeNow                       0x08003b48   Section        0  timers.o(i.prvSampleTimeNow)
    prvSampleTimeNow                         0x08003b49   Thumb Code    66  timers.o(i.prvSampleTimeNow)
    i.prvTaskExitError                       0x08003b90   Section        0  port.o(i.prvTaskExitError)
    prvTaskExitError                         0x08003b91   Thumb Code    36  port.o(i.prvTaskExitError)
    i.prvTimerTask                           0x08003bb8   Section        0  timers.o(i.prvTimerTask)
    prvTimerTask                             0x08003bb9   Thumb Code    32  timers.o(i.prvTimerTask)
    i.prvUnlockQueue                         0x08003bdc   Section        0  queue.o(i.prvUnlockQueue)
    prvUnlockQueue                           0x08003bdd   Thumb Code   106  queue.o(i.prvUnlockQueue)
    i.pvPortMalloc                           0x08003c48   Section        0  heap_4.o(i.pvPortMalloc)
    i.pvTaskIncrementMutexHeldCount          0x08003d14   Section        0  tasks.o(i.pvTaskIncrementMutexHeldCount)
    i.pxPortInitialiseStack                  0x08003d2c   Section        0  port.o(i.pxPortInitialiseStack)
    i.uxListRemove                           0x08003d58   Section        0  list.o(i.uxListRemove)
    i.uxTaskGetNumberOfTasks                 0x08003d80   Section        0  tasks.o(i.uxTaskGetNumberOfTasks)
    i.vApplicationMallocFailedHook           0x08003d8c   Section        0  main.o(i.vApplicationMallocFailedHook)
    i.vApplicationStackOverflowHook          0x08003db0   Section        0  main.o(i.vApplicationStackOverflowHook)
    i.vDebugProcessTask                      0x08003ddc   Section        0  foc_debug.o(i.vDebugProcessTask)
    i.vFOCControlTask                        0x08003de8   Section        0  foc_control.o(i.vFOCControlTask)
    i.vGatherProcessTask                     0x08003e06   Section        0  foc_gather.o(i.vGatherProcessTask)
    i.vLEDProcessTask                        0x08003e1c   Section        0  led.o(i.vLEDProcessTask)
    i.vListInitialise                        0x08003e48   Section        0  list.o(i.vListInitialise)
    i.vListInitialiseItem                    0x08003e5e   Section        0  list.o(i.vListInitialiseItem)
    i.vListInsert                            0x08003e64   Section        0  list.o(i.vListInsert)
    i.vPortEnterCritical                     0x08003e94   Section        0  port.o(i.vPortEnterCritical)
    i.vPortExitCritical                      0x08003ed4   Section        0  port.o(i.vPortExitCritical)
    i.vPortFree                              0x08003efc   Section        0  heap_4.o(i.vPortFree)
    i.vPortSetupTimerInterrupt               0x08003f60   Section        0  port.o(i.vPortSetupTimerInterrupt)
    i.vPortValidateInterruptPriority         0x08003f84   Section        0  port.o(i.vPortValidateInterruptPriority)
    i.vQueueAddToRegistry                    0x08003fd8   Section        0  queue.o(i.vQueueAddToRegistry)
    i.vQueueWaitForMessageRestricted         0x08004028   Section        0  queue.o(i.vQueueWaitForMessageRestricted)
    i.vTaskDelay                             0x0800406c   Section        0  tasks.o(i.vTaskDelay)
    i.vTaskInternalSetTimeOutState           0x080040b8   Section        0  tasks.o(i.vTaskInternalSetTimeOutState)
    i.vTaskMissedYield                       0x080040c8   Section        0  tasks.o(i.vTaskMissedYield)
    i.vTaskPlaceOnEventList                  0x080040d4   Section        0  tasks.o(i.vTaskPlaceOnEventList)
    i.vTaskPlaceOnEventListRestricted        0x08004104   Section        0  tasks.o(i.vTaskPlaceOnEventListRestricted)
    i.vTaskPriorityDisinheritAfterTimeout    0x08004154   Section        0  tasks.o(i.vTaskPriorityDisinheritAfterTimeout)
    i.vTaskStartScheduler                    0x08004218   Section        0  tasks.o(i.vTaskStartScheduler)
    i.vTaskSuspendAll                        0x08004288   Section        0  tasks.o(i.vTaskSuspendAll)
    i.vTaskSwitchContext                     0x08004298   Section        0  tasks.o(i.vTaskSwitchContext)
    i.xPortStartScheduler                    0x08004320   Section        0  port.o(i.xPortStartScheduler)
    i.xQueueGenericCreate                    0x08004414   Section        0  queue.o(i.xQueueGenericCreate)
    i.xQueueGenericReset                     0x08004474   Section        0  queue.o(i.xQueueGenericReset)
    i.xQueueGenericSend                      0x08004524   Section        0  queue.o(i.xQueueGenericSend)
    i.xQueueGiveFromISR                      0x08004684   Section        0  queue.o(i.xQueueGiveFromISR)
    i.xQueueReceive                          0x08004740   Section        0  queue.o(i.xQueueReceive)
    i.xQueueSemaphoreTake                    0x08004878   Section        0  queue.o(i.xQueueSemaphoreTake)
    i.xTaskCheckForTimeOut                   0x080049e0   Section        0  tasks.o(i.xTaskCheckForTimeOut)
    i.xTaskCreate                            0x08004a5c   Section        0  tasks.o(i.xTaskCreate)
    i.xTaskDelayUntil                        0x08004ab8   Section        0  tasks.o(i.xTaskDelayUntil)
    i.xTaskGetSchedulerState                 0x08004b4c   Section        0  tasks.o(i.xTaskGetSchedulerState)
    i.xTaskGetTickCount                      0x08004b68   Section        0  tasks.o(i.xTaskGetTickCount)
    i.xTaskIncrementTick                     0x08004b74   Section        0  tasks.o(i.xTaskIncrementTick)
    i.xTaskPriorityDisinherit                0x08004cac   Section        0  tasks.o(i.xTaskPriorityDisinherit)
    i.xTaskPriorityInherit                   0x08004d64   Section        0  tasks.o(i.xTaskPriorityInherit)
    i.xTaskRemoveFromEventList               0x08004e14   Section        0  tasks.o(i.xTaskRemoveFromEventList)
    i.xTaskResumeAll                         0x08004ef0   Section        0  tasks.o(i.xTaskResumeAll)
    i.xTimerCreateTimerTask                  0x0800501c   Section        0  timers.o(i.xTimerCreateTimerTask)
    .constdata                               0x08005064   Section       32  rredf.o(.constdata)
    twooverpi                                0x08005064   Data          32  rredf.o(.constdata)
    .data                                    0x20000000   Section       20  system_stm32f4xx.o(.data)
    .data                                    0x20000014   Section       16  stm32f4xx_rcc.o(.data)
    APBAHBPrescTable                         0x20000014   Data          16  stm32f4xx_rcc.o(.data)
    .data                                    0x20000024   Section        4  bsp_uart.o(.data)
    uart_tx_semaphore                        0x20000024   Data           4  bsp_uart.o(.data)
    .data                                    0x20000028   Section       28  bsp_adc.o(.data)
    avg_idx                                  0x20000029   Data           1  bsp_adc.o(.data)
    is_filter_initialized_i                  0x2000002a   Data           1  bsp_adc.o(.data)
    is_filter_initialized_v                  0x2000002b   Data           1  bsp_adc.o(.data)
    ia_lpf                                   0x2000002c   Data           4  bsp_adc.o(.data)
    ib_lpf                                   0x20000030   Data           4  bsp_adc.o(.data)
    ic_lpf                                   0x20000034   Data           4  bsp_adc.o(.data)
    adc_calib                                0x20000038   Data          12  bsp_adc.o(.data)
    .data                                    0x20000044   Section        4  bsp_timer.o(.data)
    .data                                    0x20000048   Section        4  foc_init.o(.data)
    .data                                    0x2000004c   Section        8  foc_control.o(.data)
    last_time                                0x2000004c   Data           4  foc_control.o(.data)
    angle_accum                              0x20000050   Data           4  foc_control.o(.data)
    .data                                    0x20000054   Section       28  heap_4.o(.data)
    pxEnd                                    0x20000054   Data           4  heap_4.o(.data)
    xFreeBytesRemaining                      0x20000058   Data           4  heap_4.o(.data)
    xMinimumEverFreeBytesRemaining           0x2000005c   Data           4  heap_4.o(.data)
    xNumberOfSuccessfulAllocations           0x20000060   Data           4  heap_4.o(.data)
    xNumberOfSuccessfulFrees                 0x20000064   Data           4  heap_4.o(.data)
    xStart                                   0x20000068   Data           8  heap_4.o(.data)
    .data                                    0x20000070   Section       12  port.o(.data)
    ucMaxSysCallPriority                     0x20000070   Data           1  port.o(.data)
    uxCriticalNesting                        0x20000074   Data           4  port.o(.data)
    ulMaxPRIGROUPValue                       0x20000078   Data           4  port.o(.data)
    .data                                    0x2000007c   Section       64  tasks.o(.data)
    uxDeletedTasksWaitingCleanUp             0x20000080   Data           4  tasks.o(.data)
    uxCurrentNumberOfTasks                   0x20000084   Data           4  tasks.o(.data)
    xTickCount                               0x20000088   Data           4  tasks.o(.data)
    uxTopReadyPriority                       0x2000008c   Data           4  tasks.o(.data)
    xSchedulerRunning                        0x20000090   Data           4  tasks.o(.data)
    xPendedTicks                             0x20000094   Data           4  tasks.o(.data)
    xYieldPending                            0x20000098   Data           4  tasks.o(.data)
    xNumOfOverflows                          0x2000009c   Data           4  tasks.o(.data)
    uxTaskNumber                             0x200000a0   Data           4  tasks.o(.data)
    xNextTaskUnblockTime                     0x200000a4   Data           4  tasks.o(.data)
    xIdleTaskHandle                          0x200000a8   Data           4  tasks.o(.data)
    uxSchedulerSuspended                     0x200000b0   Data           4  tasks.o(.data)
    pxDelayedTaskList                        0x200000b4   Data           4  tasks.o(.data)
    pxOverflowDelayedTaskList                0x200000b8   Data           4  tasks.o(.data)
    .data                                    0x200000bc   Section       20  timers.o(.data)
    xTimerQueue                              0x200000bc   Data           4  timers.o(.data)
    xTimerTaskHandle                         0x200000c0   Data           4  timers.o(.data)
    xLastTime                                0x200000c4   Data           4  timers.o(.data)
    pxCurrentTimerList                       0x200000c8   Data           4  timers.o(.data)
    pxOverflowTimerList                      0x200000cc   Data           4  timers.o(.data)
    .data                                    0x200000d0   Section        4  errno.o(.data)
    _errno                                   0x200000d0   Data           4  errno.o(.data)
    .bss                                     0x200000d4   Section     1280  bsp_uart.o(.bss)
    d_buffer                                 0x200000d4   Data         256  bsp_uart.o(.bss)
    dma_tx_buffer                            0x200001d4   Data        1024  bsp_uart.o(.bss)
    .bss                                     0x200005d4   Section      124  bsp_adc.o(.bss)
    va_avg_buf                               0x20000600   Data          16  bsp_adc.o(.bss)
    vb_avg_buf                               0x20000610   Data          16  bsp_adc.o(.bss)
    vc_avg_buf                               0x20000620   Data          16  bsp_adc.o(.bss)
    vbus_avg_buf                             0x20000630   Data          16  bsp_adc.o(.bss)
    adc_dma_buffer                           0x20000640   Data          16  bsp_adc.o(.bss)
    .bss                                     0x20000650   Section      512  foc_debug.o(.bss)
    debug_buffer                             0x20000650   Data         512  foc_debug.o(.bss)
    .bss                                     0x20000850   Section       24  foc_control.o(.bss)
    .bss                                     0x20000868   Section    26624  heap_4.o(.bss)
    ucHeap                                   0x20000868   Data       26624  heap_4.o(.bss)
    .bss                                     0x20007068   Section       64  queue.o(.bss)
    .bss                                     0x200070a8   Section      200  tasks.o(.bss)
    pxReadyTasksLists                        0x200070a8   Data         100  tasks.o(.bss)
    xDelayedTaskList1                        0x2000710c   Data          20  tasks.o(.bss)
    xDelayedTaskList2                        0x20007120   Data          20  tasks.o(.bss)
    xPendingReadyList                        0x20007134   Data          20  tasks.o(.bss)
    xTasksWaitingTermination                 0x20007148   Data          20  tasks.o(.bss)
    xSuspendedTaskList                       0x2000715c   Data          20  tasks.o(.bss)
    .bss                                     0x20007170   Section       40  timers.o(.bss)
    xActiveTimerList1                        0x20007170   Data          20  timers.o(.bss)
    xActiveTimerList2                        0x20007184   Data          20  timers.o(.bss)
    STACK                                    0x20007198   Section     1024  startup_stm32f40_41xxx.o(STACK)

    Global Symbols

    Symbol Name                              Value     Ov Type        Size  Object(Section)

    BuildAttributes$$THM_ISAv4$E$P$D$K$B$S$7EM$VFPi3$EXTD16$VFPS$VFMA$PE$A:L22UL41UL21$X:L11$S22US41US21$IEEE1$IW$USESV6$~STKCKD$USESV7$~SHL$OTIME$ROPI$IEEEX$EBA8$MICROLIB$REQ8$PRES8$EABIv2 0x00000000   Number         0  anon$$obj.o ABSOLUTE
    __ARM_use_no_argv                        0x00000000   Number         0  main.o ABSOLUTE
    __cpp_initialize__aeabi_                  - Undefined Weak Reference
    __cxa_finalize                            - Undefined Weak Reference
    __decompress                              - Undefined Weak Reference
    _clock_init                               - Undefined Weak Reference
    _microlib_exit                            - Undefined Weak Reference
    __Vectors_Size                           0x00000188   Number         0  startup_stm32f40_41xxx.o ABSOLUTE
    __Vectors                                0x08000000   Data           4  startup_stm32f40_41xxx.o(RESET)
    __Vectors_End                            0x08000188   Data           0  startup_stm32f40_41xxx.o(RESET)
    __main                                   0x08000189   Thumb Code     0  entry.o(.ARM.Collect$$$$00000000)
    _main_stk                                0x08000189   Thumb Code     0  entry2.o(.ARM.Collect$$$$00000001)
    _main_scatterload                        0x0800018d   Thumb Code     0  entry5.o(.ARM.Collect$$$$00000004)
    __main_after_scatterload                 0x08000191   Thumb Code     0  entry5.o(.ARM.Collect$$$$00000004)
    _main_clock                              0x08000191   Thumb Code     0  entry7b.o(.ARM.Collect$$$$00000008)
    _main_cpp_init                           0x08000191   Thumb Code     0  entry8b.o(.ARM.Collect$$$$0000000A)
    _main_init                               0x08000191   Thumb Code     0  entry9a.o(.ARM.Collect$$$$0000000B)
    __rt_final_cpp                           0x08000199   Thumb Code     0  entry10a.o(.ARM.Collect$$$$0000000D)
    __rt_final_exit                          0x08000199   Thumb Code     0  entry11a.o(.ARM.Collect$$$$0000000F)
    SVC_Handler                              0x0800019d   Thumb Code    28  port.o(.emb_text)
    __asm___6_port_c_39a90d8d__prvStartFirstTask 0x080001bd   Thumb Code    36  port.o(.emb_text)
    __asm___6_port_c_39a90d8d__prvEnableVFP  0x080001e5   Thumb Code    16  port.o(.emb_text)
    PendSV_Handler                           0x080001f9   Thumb Code    88  port.o(.emb_text)
    vPortGetIPSR                             0x08000255   Thumb Code     6  port.o(.emb_text)
    Reset_Handler                            0x0800025d   Thumb Code     8  startup_stm32f40_41xxx.o(.text)
    CAN1_RX0_IRQHandler                      0x08000277   Thumb Code     0  startup_stm32f40_41xxx.o(.text)
    CAN1_RX1_IRQHandler                      0x08000277   Thumb Code     0  startup_stm32f40_41xxx.o(.text)
    CAN1_SCE_IRQHandler                      0x08000277   Thumb Code     0  startup_stm32f40_41xxx.o(.text)
    CAN1_TX_IRQHandler                       0x08000277   Thumb Code     0  startup_stm32f40_41xxx.o(.text)
    CAN2_RX0_IRQHandler                      0x08000277   Thumb Code     0  startup_stm32f40_41xxx.o(.text)
    CAN2_RX1_IRQHandler                      0x08000277   Thumb Code     0  startup_stm32f40_41xxx.o(.text)
    CAN2_SCE_IRQHandler                      0x08000277   Thumb Code     0  startup_stm32f40_41xxx.o(.text)
    CAN2_TX_IRQHandler                       0x08000277   Thumb Code     0  startup_stm32f40_41xxx.o(.text)
    CRYP_IRQHandler                          0x08000277   Thumb Code     0  startup_stm32f40_41xxx.o(.text)
    DCMI_IRQHandler                          0x08000277   Thumb Code     0  startup_stm32f40_41xxx.o(.text)
    DMA1_Stream0_IRQHandler                  0x08000277   Thumb Code     0  startup_stm32f40_41xxx.o(.text)
    DMA1_Stream1_IRQHandler                  0x08000277   Thumb Code     0  startup_stm32f40_41xxx.o(.text)
    DMA1_Stream2_IRQHandler                  0x08000277   Thumb Code     0  startup_stm32f40_41xxx.o(.text)
    DMA1_Stream4_IRQHandler                  0x08000277   Thumb Code     0  startup_stm32f40_41xxx.o(.text)
    DMA1_Stream5_IRQHandler                  0x08000277   Thumb Code     0  startup_stm32f40_41xxx.o(.text)
    DMA1_Stream6_IRQHandler                  0x08000277   Thumb Code     0  startup_stm32f40_41xxx.o(.text)
    DMA1_Stream7_IRQHandler                  0x08000277   Thumb Code     0  startup_stm32f40_41xxx.o(.text)
    DMA2_Stream1_IRQHandler                  0x08000277   Thumb Code     0  startup_stm32f40_41xxx.o(.text)
    DMA2_Stream2_IRQHandler                  0x08000277   Thumb Code     0  startup_stm32f40_41xxx.o(.text)
    DMA2_Stream3_IRQHandler                  0x08000277   Thumb Code     0  startup_stm32f40_41xxx.o(.text)
    DMA2_Stream4_IRQHandler                  0x08000277   Thumb Code     0  startup_stm32f40_41xxx.o(.text)
    DMA2_Stream5_IRQHandler                  0x08000277   Thumb Code     0  startup_stm32f40_41xxx.o(.text)
    DMA2_Stream6_IRQHandler                  0x08000277   Thumb Code     0  startup_stm32f40_41xxx.o(.text)
    DMA2_Stream7_IRQHandler                  0x08000277   Thumb Code     0  startup_stm32f40_41xxx.o(.text)
    ETH_IRQHandler                           0x08000277   Thumb Code     0  startup_stm32f40_41xxx.o(.text)
    ETH_WKUP_IRQHandler                      0x08000277   Thumb Code     0  startup_stm32f40_41xxx.o(.text)
    EXTI0_IRQHandler                         0x08000277   Thumb Code     0  startup_stm32f40_41xxx.o(.text)
    EXTI15_10_IRQHandler                     0x08000277   Thumb Code     0  startup_stm32f40_41xxx.o(.text)
    EXTI1_IRQHandler                         0x08000277   Thumb Code     0  startup_stm32f40_41xxx.o(.text)
    EXTI2_IRQHandler                         0x08000277   Thumb Code     0  startup_stm32f40_41xxx.o(.text)
    EXTI3_IRQHandler                         0x08000277   Thumb Code     0  startup_stm32f40_41xxx.o(.text)
    EXTI4_IRQHandler                         0x08000277   Thumb Code     0  startup_stm32f40_41xxx.o(.text)
    EXTI9_5_IRQHandler                       0x08000277   Thumb Code     0  startup_stm32f40_41xxx.o(.text)
    FLASH_IRQHandler                         0x08000277   Thumb Code     0  startup_stm32f40_41xxx.o(.text)
    FPU_IRQHandler                           0x08000277   Thumb Code     0  startup_stm32f40_41xxx.o(.text)
    FSMC_IRQHandler                          0x08000277   Thumb Code     0  startup_stm32f40_41xxx.o(.text)
    HASH_RNG_IRQHandler                      0x08000277   Thumb Code     0  startup_stm32f40_41xxx.o(.text)
    I2C1_ER_IRQHandler                       0x08000277   Thumb Code     0  startup_stm32f40_41xxx.o(.text)
    I2C1_EV_IRQHandler                       0x08000277   Thumb Code     0  startup_stm32f40_41xxx.o(.text)
    I2C2_ER_IRQHandler                       0x08000277   Thumb Code     0  startup_stm32f40_41xxx.o(.text)
    I2C2_EV_IRQHandler                       0x08000277   Thumb Code     0  startup_stm32f40_41xxx.o(.text)
    I2C3_ER_IRQHandler                       0x08000277   Thumb Code     0  startup_stm32f40_41xxx.o(.text)
    I2C3_EV_IRQHandler                       0x08000277   Thumb Code     0  startup_stm32f40_41xxx.o(.text)
    OTG_FS_IRQHandler                        0x08000277   Thumb Code     0  startup_stm32f40_41xxx.o(.text)
    OTG_FS_WKUP_IRQHandler                   0x08000277   Thumb Code     0  startup_stm32f40_41xxx.o(.text)
    OTG_HS_EP1_IN_IRQHandler                 0x08000277   Thumb Code     0  startup_stm32f40_41xxx.o(.text)
    OTG_HS_EP1_OUT_IRQHandler                0x08000277   Thumb Code     0  startup_stm32f40_41xxx.o(.text)
    OTG_HS_IRQHandler                        0x08000277   Thumb Code     0  startup_stm32f40_41xxx.o(.text)
    OTG_HS_WKUP_IRQHandler                   0x08000277   Thumb Code     0  startup_stm32f40_41xxx.o(.text)
    PVD_IRQHandler                           0x08000277   Thumb Code     0  startup_stm32f40_41xxx.o(.text)
    RCC_IRQHandler                           0x08000277   Thumb Code     0  startup_stm32f40_41xxx.o(.text)
    RTC_Alarm_IRQHandler                     0x08000277   Thumb Code     0  startup_stm32f40_41xxx.o(.text)
    RTC_WKUP_IRQHandler                      0x08000277   Thumb Code     0  startup_stm32f40_41xxx.o(.text)
    SDIO_IRQHandler                          0x08000277   Thumb Code     0  startup_stm32f40_41xxx.o(.text)
    SPI1_IRQHandler                          0x08000277   Thumb Code     0  startup_stm32f40_41xxx.o(.text)
    SPI2_IRQHandler                          0x08000277   Thumb Code     0  startup_stm32f40_41xxx.o(.text)
    SPI3_IRQHandler                          0x08000277   Thumb Code     0  startup_stm32f40_41xxx.o(.text)
    TAMP_STAMP_IRQHandler                    0x08000277   Thumb Code     0  startup_stm32f40_41xxx.o(.text)
    TIM1_CC_IRQHandler                       0x08000277   Thumb Code     0  startup_stm32f40_41xxx.o(.text)
    TIM1_TRG_COM_TIM11_IRQHandler            0x08000277   Thumb Code     0  startup_stm32f40_41xxx.o(.text)
    TIM2_IRQHandler                          0x08000277   Thumb Code     0  startup_stm32f40_41xxx.o(.text)
    TIM3_IRQHandler                          0x08000277   Thumb Code     0  startup_stm32f40_41xxx.o(.text)
    TIM4_IRQHandler                          0x08000277   Thumb Code     0  startup_stm32f40_41xxx.o(.text)
    TIM5_IRQHandler                          0x08000277   Thumb Code     0  startup_stm32f40_41xxx.o(.text)
    TIM6_DAC_IRQHandler                      0x08000277   Thumb Code     0  startup_stm32f40_41xxx.o(.text)
    TIM7_IRQHandler                          0x08000277   Thumb Code     0  startup_stm32f40_41xxx.o(.text)
    TIM8_BRK_TIM12_IRQHandler                0x08000277   Thumb Code     0  startup_stm32f40_41xxx.o(.text)
    TIM8_CC_IRQHandler                       0x08000277   Thumb Code     0  startup_stm32f40_41xxx.o(.text)
    TIM8_TRG_COM_TIM14_IRQHandler            0x08000277   Thumb Code     0  startup_stm32f40_41xxx.o(.text)
    TIM8_UP_TIM13_IRQHandler                 0x08000277   Thumb Code     0  startup_stm32f40_41xxx.o(.text)
    UART4_IRQHandler                         0x08000277   Thumb Code     0  startup_stm32f40_41xxx.o(.text)
    UART5_IRQHandler                         0x08000277   Thumb Code     0  startup_stm32f40_41xxx.o(.text)
    USART1_IRQHandler                        0x08000277   Thumb Code     0  startup_stm32f40_41xxx.o(.text)
    USART2_IRQHandler                        0x08000277   Thumb Code     0  startup_stm32f40_41xxx.o(.text)
    USART6_IRQHandler                        0x08000277   Thumb Code     0  startup_stm32f40_41xxx.o(.text)
    WWDG_IRQHandler                          0x08000277   Thumb Code     0  startup_stm32f40_41xxx.o(.text)
    __aeabi_memcpy                           0x08000281   Thumb Code    36  memcpya.o(.text)
    __aeabi_memcpy4                          0x08000281   Thumb Code     0  memcpya.o(.text)
    __aeabi_memcpy8                          0x08000281   Thumb Code     0  memcpya.o(.text)
    __aeabi_memset                           0x080002a5   Thumb Code    14  memseta.o(.text)
    __aeabi_memset4                          0x080002a5   Thumb Code     0  memseta.o(.text)
    __aeabi_memset8                          0x080002a5   Thumb Code     0  memseta.o(.text)
    __aeabi_memclr                           0x080002b3   Thumb Code     4  memseta.o(.text)
    __aeabi_memclr4                          0x080002b3   Thumb Code     0  memseta.o(.text)
    __aeabi_memclr8                          0x080002b3   Thumb Code     0  memseta.o(.text)
    memset                                   0x080002b7   Thumb Code    18  memseta.o(.text)
    __aeabi_i2d                              0x080002c9   Thumb Code    34  dflti.o(.text)
    __aeabi_f2d                              0x080002eb   Thumb Code    38  f2d.o(.text)
    __aeabi_cdrcmple                         0x08000311   Thumb Code    48  cdrcmple.o(.text)
    __aeabi_uidiv                            0x08000341   Thumb Code     0  uidiv.o(.text)
    __aeabi_uidivmod                         0x08000341   Thumb Code    44  uidiv.o(.text)
    __aeabi_uldivmod                         0x0800036d   Thumb Code    98  uldiv.o(.text)
    __I$use$fp                               0x080003cf   Thumb Code     0  iusefp.o(.text)
    _double_round                            0x080003cf   Thumb Code    30  depilogue.o(.text)
    _double_epilogue                         0x080003ed   Thumb Code   156  depilogue.o(.text)
    __aeabi_dadd                             0x08000489   Thumb Code   322  dadd.o(.text)
    __aeabi_dsub                             0x080005cb   Thumb Code     6  dadd.o(.text)
    __aeabi_drsub                            0x080005d1   Thumb Code     6  dadd.o(.text)
    __aeabi_dmul                             0x080005d7   Thumb Code   228  dmul.o(.text)
    __aeabi_ddiv                             0x080006bb   Thumb Code   222  ddiv.o(.text)
    __aeabi_d2ulz                            0x08000799   Thumb Code    48  dfixul.o(.text)
    __scatterload                            0x080007c9   Thumb Code    28  init.o(.text)
    __scatterload_rt2                        0x080007c9   Thumb Code     0  init.o(.text)
    __aeabi_llsl                             0x080007ed   Thumb Code    30  llshl.o(.text)
    _ll_shift_l                              0x080007ed   Thumb Code     0  llshl.o(.text)
    __aeabi_llsr                             0x0800080b   Thumb Code    32  llushr.o(.text)
    _ll_ushift_r                             0x0800080b   Thumb Code     0  llushr.o(.text)
    __aeabi_lasr                             0x0800082b   Thumb Code    36  llsshr.o(.text)
    _ll_sshift_r                             0x0800082b   Thumb Code     0  llsshr.o(.text)
    ADC_ClearITPendingBit                    0x0800084f   Thumb Code     8  stm32f4xx_adc.o(i.ADC_ClearITPendingBit)
    ADC_Cmd                                  0x08000857   Thumb Code    20  stm32f4xx_adc.o(i.ADC_Cmd)
    ADC_CommonInit                           0x0800086d   Thumb Code    34  stm32f4xx_adc.o(i.ADC_CommonInit)
    ADC_DMACmd                               0x08000899   Thumb Code    20  stm32f4xx_adc.o(i.ADC_DMACmd)
    ADC_ExternalTrigInjectedConvConfig       0x080008ad   Thumb Code    12  stm32f4xx_adc.o(i.ADC_ExternalTrigInjectedConvConfig)
    ADC_ExternalTrigInjectedConvEdgeConfig   0x080008b9   Thumb Code    12  stm32f4xx_adc.o(i.ADC_ExternalTrigInjectedConvEdgeConfig)
    ADC_GetConversionValue                   0x080008c5   Thumb Code     6  stm32f4xx_adc.o(i.ADC_GetConversionValue)
    ADC_GetFlagStatus                        0x080008cb   Thumb Code    14  stm32f4xx_adc.o(i.ADC_GetFlagStatus)
    ADC_GetITStatus                          0x080008d9   Thumb Code    30  stm32f4xx_adc.o(i.ADC_GetITStatus)
    ADC_GetInjectedConversionValue           0x080008f7   Thumb Code    14  stm32f4xx_adc.o(i.ADC_GetInjectedConversionValue)
    ADC_IRQHandler                           0x08000905   Thumb Code   162  bsp_adc.o(i.ADC_IRQHandler)
    ADC_ITConfig                             0x080009b9   Thumb Code    18  stm32f4xx_adc.o(i.ADC_ITConfig)
    ADC_Init                                 0x080009cd   Thumb Code    66  stm32f4xx_adc.o(i.ADC_Init)
    ADC_InjectedChannelConfig                0x08000a19   Thumb Code    74  stm32f4xx_adc.o(i.ADC_InjectedChannelConfig)
    ADC_InjectedSequencerLengthConfig        0x08000a63   Thumb Code    16  stm32f4xx_adc.o(i.ADC_InjectedSequencerLengthConfig)
    ADC_RegularChannelConfig                 0x08000a73   Thumb Code   116  stm32f4xx_adc.o(i.ADC_RegularChannelConfig)
    ADC_SoftwareStartConv                    0x08000ae7   Thumb Code    10  stm32f4xx_adc.o(i.ADC_SoftwareStartConv)
    BusFault_Handler                         0x08000af1   Thumb Code     2  stm32f4xx_it.o(i.BusFault_Handler)
    DMA1_Stream3_IRQHandler                  0x08000af5   Thumb Code    72  bsp_uart.o(i.DMA1_Stream3_IRQHandler)
    DMA2_Stream0_IRQHandler                  0x08000b4d   Thumb Code   104  bsp_adc.o(i.DMA2_Stream0_IRQHandler)
    DMA_ClearFlag                            0x08000bc9   Thumb Code    32  stm32f4xx_dma.o(i.DMA_ClearFlag)
    DMA_ClearITPendingBit                    0x08000bf5   Thumb Code    32  stm32f4xx_dma.o(i.DMA_ClearITPendingBit)
    DMA_Cmd                                  0x08000c21   Thumb Code    20  stm32f4xx_dma.o(i.DMA_Cmd)
    DMA_DeInit                               0x08000c35   Thumb Code   272  stm32f4xx_dma.o(i.DMA_DeInit)
    DMA_GetCmdStatus                         0x08000d59   Thumb Code    14  stm32f4xx_dma.o(i.DMA_GetCmdStatus)
    DMA_GetITStatus                          0x08000d69   Thumb Code    68  stm32f4xx_dma.o(i.DMA_GetITStatus)
    DMA_ITConfig                             0x08000dbd   Thumb Code    44  stm32f4xx_dma.o(i.DMA_ITConfig)
    DMA_Init                                 0x08000de9   Thumb Code    80  stm32f4xx_dma.o(i.DMA_Init)
    DebugMon_Handler                         0x08000e3d   Thumb Code     2  stm32f4xx_it.o(i.DebugMon_Handler)
    Debug_task_create                        0x08000e41   Thumb Code    42  foc_init.o(i.Debug_task_create)
    FOC_Control_task_create                  0x08000e9d   Thumb Code    42  foc_init.o(i.FOC_Control_task_create)
    GPIO_Init                                0x08000efd   Thumb Code   162  stm32f4xx_gpio.o(i.GPIO_Init)
    GPIO_PinAFConfig                         0x08000f9f   Thumb Code    32  stm32f4xx_gpio.o(i.GPIO_PinAFConfig)
    GPIO_ResetBits                           0x08000fbf   Thumb Code     6  stm32f4xx_gpio.o(i.GPIO_ResetBits)
    GPIO_SetBits                             0x08000fc5   Thumb Code     4  stm32f4xx_gpio.o(i.GPIO_SetBits)
    Gather_task_create                       0x08000fc9   Thumb Code    44  foc_init.o(i.Gather_task_create)
    HardFault_Handler                        0x08001025   Thumb Code     2  stm32f4xx_it.o(i.HardFault_Handler)
    LED_task_create                          0x08001029   Thumb Code    42  foc_init.o(i.LED_task_create)
    MemManage_Handler                        0x0800107d   Thumb Code     2  stm32f4xx_it.o(i.MemManage_Handler)
    NMI_Handler                              0x0800107f   Thumb Code     2  stm32f4xx_it.o(i.NMI_Handler)
    NVIC_Init                                0x08001099   Thumb Code    96  misc.o(i.NVIC_Init)
    RCC_AHB1PeriphClockCmd                   0x080010fd   Thumb Code    18  stm32f4xx_rcc.o(i.RCC_AHB1PeriphClockCmd)
    RCC_APB1PeriphClockCmd                   0x08001115   Thumb Code    18  stm32f4xx_rcc.o(i.RCC_APB1PeriphClockCmd)
    RCC_APB2PeriphClockCmd                   0x0800112d   Thumb Code    18  stm32f4xx_rcc.o(i.RCC_APB2PeriphClockCmd)
    RCC_GetClocksFreq                        0x08001145   Thumb Code   132  stm32f4xx_rcc.o(i.RCC_GetClocksFreq)
    SysTick_Handler                          0x08001289   Thumb Code    38  port.o(i.SysTick_Handler)
    SystemInit                               0x080012b5   Thumb Code    74  system_stm32f4xx.o(i.SystemInit)
    TIM1_BRK_TIM9_IRQHandler                 0x08001311   Thumb Code    40  bsp_timer.o(i.TIM1_BRK_TIM9_IRQHandler)
    TIM1_UP_TIM10_IRQHandler                 0x08001351   Thumb Code    30  bsp_timer.o(i.TIM1_UP_TIM10_IRQHandler)
    TIM_BDTRConfig                           0x08001375   Thumb Code    34  stm32f4xx_tim.o(i.TIM_BDTRConfig)
    TIM_ClearITPendingBit                    0x08001397   Thumb Code     6  stm32f4xx_tim.o(i.TIM_ClearITPendingBit)
    TIM_Cmd                                  0x0800139d   Thumb Code    20  stm32f4xx_tim.o(i.TIM_Cmd)
    TIM_CtrlPWMOutputs                       0x080013b1   Thumb Code    22  stm32f4xx_tim.o(i.TIM_CtrlPWMOutputs)
    TIM_GetITStatus                          0x080013c7   Thumb Code    24  stm32f4xx_tim.o(i.TIM_GetITStatus)
    TIM_ITConfig                             0x080013df   Thumb Code    16  stm32f4xx_tim.o(i.TIM_ITConfig)
    TIM_OC1Init                              0x080013f1   Thumb Code    88  stm32f4xx_tim.o(i.TIM_OC1Init)
    TIM_OC1PreloadConfig                     0x08001451   Thumb Code    12  stm32f4xx_tim.o(i.TIM_OC1PreloadConfig)
    TIM_OC2Init                              0x0800145d   Thumb Code   120  stm32f4xx_tim.o(i.TIM_OC2Init)
    TIM_OC2PreloadConfig                     0x080014dd   Thumb Code    20  stm32f4xx_tim.o(i.TIM_OC2PreloadConfig)
    TIM_OC3Init                              0x080014f1   Thumb Code   116  stm32f4xx_tim.o(i.TIM_OC3Init)
    TIM_OC3PreloadConfig                     0x0800156d   Thumb Code    12  stm32f4xx_tim.o(i.TIM_OC3PreloadConfig)
    TIM_OC4Init                              0x08001579   Thumb Code    88  stm32f4xx_tim.o(i.TIM_OC4Init)
    TIM_OC4PreloadConfig                     0x080015d9   Thumb Code    20  stm32f4xx_tim.o(i.TIM_OC4PreloadConfig)
    TIM_SelectOutputTrigger                  0x080015ed   Thumb Code    16  stm32f4xx_tim.o(i.TIM_SelectOutputTrigger)
    TIM_SetCompare1                          0x080015fd   Thumb Code     4  stm32f4xx_tim.o(i.TIM_SetCompare1)
    TIM_SetCompare2                          0x08001601   Thumb Code     4  stm32f4xx_tim.o(i.TIM_SetCompare2)
    TIM_SetCompare3                          0x08001605   Thumb Code     4  stm32f4xx_tim.o(i.TIM_SetCompare3)
    TIM_TimeBaseInit                         0x08001609   Thumb Code    96  stm32f4xx_tim.o(i.TIM_TimeBaseInit)
    USART3_IRQHandler                        0x08001685   Thumb Code    36  bsp_uart.o(i.USART3_IRQHandler)
    USART_Cmd                                0x080016ad   Thumb Code    20  stm32f4xx_usart.o(i.USART_Cmd)
    USART_DMACmd                             0x080016c1   Thumb Code    16  stm32f4xx_usart.o(i.USART_DMACmd)
    USART_GetFlagStatus                      0x080016d1   Thumb Code    14  stm32f4xx_usart.o(i.USART_GetFlagStatus)
    USART_GetITStatus                        0x080016df   Thumb Code    62  stm32f4xx_usart.o(i.USART_GetITStatus)
    USART_ITConfig                           0x0800171d   Thumb Code    48  stm32f4xx_usart.o(i.USART_ITConfig)
    USART_Init                               0x0800174d   Thumb Code   164  stm32f4xx_usart.o(i.USART_Init)
    USART_ReceiveData                        0x080017f9   Thumb Code     8  stm32f4xx_usart.o(i.USART_ReceiveData)
    USART_SendData                           0x08001801   Thumb Code     8  stm32f4xx_usart.o(i.USART_SendData)
    UsageFault_Handler                       0x08001809   Thumb Code     2  stm32f4xx_it.o(i.UsageFault_Handler)
    __0vsnprintf                             0x0800180d   Thumb Code    40  printfa.o(i.__0vsnprintf)
    __1vsnprintf                             0x0800180d   Thumb Code     0  printfa.o(i.__0vsnprintf)
    __2vsnprintf                             0x0800180d   Thumb Code     0  printfa.o(i.__0vsnprintf)
    __c89vsnprintf                           0x0800180d   Thumb Code     0  printfa.o(i.__0vsnprintf)
    vsnprintf                                0x0800180d   Thumb Code     0  printfa.o(i.__0vsnprintf)
    __ARM_fpclassifyf                        0x08001839   Thumb Code    38  fpclassifyf.o(i.__ARM_fpclassifyf)
    __hardfp_cosf                            0x08001861   Thumb Code   280  cosf.o(i.__hardfp_cosf)
    __hardfp_fabs                            0x080019b1   Thumb Code    20  fabs.o(i.__hardfp_fabs)
    __hardfp_sinf                            0x080019c5   Thumb Code   344  sinf.o(i.__hardfp_sinf)
    __hardfp_sqrtf                           0x08001b55   Thumb Code    58  sqrtf.o(i.__hardfp_sqrtf)
    __mathlib_flt_infnan                     0x08001b8f   Thumb Code     6  funder.o(i.__mathlib_flt_infnan)
    __mathlib_flt_invalid                    0x08001b95   Thumb Code    10  funder.o(i.__mathlib_flt_invalid)
    __mathlib_flt_underflow                  0x08001ba5   Thumb Code    10  funder.o(i.__mathlib_flt_underflow)
    __mathlib_rredf2                         0x08001bb5   Thumb Code   316  rredf.o(i.__mathlib_rredf2)
    __scatterload_copy                       0x08001d09   Thumb Code    14  handlers.o(i.__scatterload_copy)
    __scatterload_null                       0x08001d17   Thumb Code     2  handlers.o(i.__scatterload_null)
    __scatterload_zeroinit                   0x08001d19   Thumb Code    14  handlers.o(i.__scatterload_zeroinit)
    __set_errno                              0x08001d29   Thumb Code     6  errno.o(i.__set_errno)
    bsp_adc_calib_current_offset             0x080027d1   Thumb Code   264  bsp_adc.o(i.bsp_adc_calib_current_offset)
    bsp_adc_get_calib_data                   0x08002941   Thumb Code     8  bsp_adc.o(i.bsp_adc_get_calib_data)
    bsp_adc_init                             0x0800294d   Thumb Code   450  bsp_adc.o(i.bsp_adc_init)
    bsp_adc_init_calibration                 0x08002b29   Thumb Code   174  bsp_adc.o(i.bsp_adc_init_calibration)
    bsp_adc_process_data                     0x08002be1   Thumb Code    24  bsp_adc.o(i.bsp_adc_process_data)
    bsp_gpio_init                            0x08002bfd   Thumb Code    44  bsp_gpio.o(i.bsp_gpio_init)
    bsp_pwm_disable                          0x08002c2d   Thumb Code    40  bsp_timer.o(i.bsp_pwm_disable)
    bsp_timer_init                           0x08002c59   Thumb Code   508  bsp_timer.o(i.bsp_timer_init)
    bsp_uart_dma_init                        0x08002e6d   Thumb Code   140  bsp_uart.o(i.bsp_uart_dma_init)
    bsp_uart_init                            0x08002f0d   Thumb Code   210  bsp_uart.o(i.bsp_uart_init)
    bsp_uart_send                            0x08002fed   Thumb Code    26  bsp_uart.o(i.bsp_uart_send)
    bsp_uart_send_buffer                     0x08003009   Thumb Code    92  bsp_uart.o(i.bsp_uart_send_buffer)
    bsp_uart_send_byte                       0x08003071   Thumb Code    44  bsp_uart.o(i.bsp_uart_send_byte)
    debug_init                               0x080030a1   Thumb Code     2  foc_debug.o(i.debug_init)
    debug_log                                0x080030a5   Thumb Code    66  bsp_uart.o(i.debug_log)
    debug_printf                             0x080030ed   Thumb Code    66  foc_debug.o(i.debug_printf)
    foc_app_init                             0x08003135   Thumb Code    28  foc_init.o(i.foc_app_init)
    foc_bsp_init                             0x08003169   Thumb Code    44  foc_init.o(i.foc_bsp_init)
    foc_control_init                         0x080031b5   Thumb Code    32  foc_control.o(i.foc_control_init)
    foc_gather_init                          0x080031dd   Thumb Code     2  foc_gather.o(i.foc_gather_init)
    foc_open_loop_control                    0x080031e1   Thumb Code   514  foc_control.o(i.foc_open_loop_control)
    foc_set_open_loop_speed                  0x08003429   Thumb Code     8  foc_control.o(i.foc_set_open_loop_speed)
    foc_task_init                            0x08003435   Thumb Code    28  foc_init.o(i.foc_task_init)
    inv_clark_transform                      0x08003469   Thumb Code    58  foc_conversion.o(i.inv_clark_transform)
    inv_park_transform                       0x080034a9   Thumb Code    80  foc_conversion.o(i.inv_park_transform)
    led_init                                 0x080034f9   Thumb Code     8  led.o(i.led_init)
    main                                     0x08003505   Thumb Code    18  main.o(i.main)
    pvPortMalloc                             0x08003c49   Thumb Code   200  heap_4.o(i.pvPortMalloc)
    pvTaskIncrementMutexHeldCount            0x08003d15   Thumb Code    18  tasks.o(i.pvTaskIncrementMutexHeldCount)
    pxPortInitialiseStack                    0x08003d2d   Thumb Code    40  port.o(i.pxPortInitialiseStack)
    uxListRemove                             0x08003d59   Thumb Code    38  list.o(i.uxListRemove)
    uxTaskGetNumberOfTasks                   0x08003d81   Thumb Code     6  tasks.o(i.uxTaskGetNumberOfTasks)
    vApplicationMallocFailedHook             0x08003d8d   Thumb Code     8  main.o(i.vApplicationMallocFailedHook)
    vApplicationStackOverflowHook            0x08003db1   Thumb Code     8  main.o(i.vApplicationStackOverflowHook)
    vDebugProcessTask                        0x08003ddd   Thumb Code    12  foc_debug.o(i.vDebugProcessTask)
    vFOCControlTask                          0x08003de9   Thumb Code    30  foc_control.o(i.vFOCControlTask)
    vGatherProcessTask                       0x08003e07   Thumb Code    22  foc_gather.o(i.vGatherProcessTask)
    vLEDProcessTask                          0x08003e1d   Thumb Code    38  led.o(i.vLEDProcessTask)
    vListInitialise                          0x08003e49   Thumb Code    22  list.o(i.vListInitialise)
    vListInitialiseItem                      0x08003e5f   Thumb Code     6  list.o(i.vListInitialiseItem)
    vListInsert                              0x08003e65   Thumb Code    48  list.o(i.vListInsert)
    vPortEnterCritical                       0x08003e95   Thumb Code    54  port.o(i.vPortEnterCritical)
    vPortExitCritical                        0x08003ed5   Thumb Code    34  port.o(i.vPortExitCritical)
    vPortFree                                0x08003efd   Thumb Code    94  heap_4.o(i.vPortFree)
    vPortSetupTimerInterrupt                 0x08003f61   Thumb Code    32  port.o(i.vPortSetupTimerInterrupt)
    vPortValidateInterruptPriority           0x08003f85   Thumb Code    74  port.o(i.vPortValidateInterruptPriority)
    vQueueAddToRegistry                      0x08003fd9   Thumb Code    74  queue.o(i.vQueueAddToRegistry)
    vQueueWaitForMessageRestricted           0x08004029   Thumb Code    68  queue.o(i.vQueueWaitForMessageRestricted)
    vTaskDelay                               0x0800406d   Thumb Code    66  tasks.o(i.vTaskDelay)
    vTaskInternalSetTimeOutState             0x080040b9   Thumb Code    12  tasks.o(i.vTaskInternalSetTimeOutState)
    vTaskMissedYield                         0x080040c9   Thumb Code     8  tasks.o(i.vTaskMissedYield)
    vTaskPlaceOnEventList                    0x080040d5   Thumb Code    44  tasks.o(i.vTaskPlaceOnEventList)
    vTaskPlaceOnEventListRestricted          0x08004105   Thumb Code    76  tasks.o(i.vTaskPlaceOnEventListRestricted)
    vTaskPriorityDisinheritAfterTimeout      0x08004155   Thumb Code   186  tasks.o(i.vTaskPriorityDisinheritAfterTimeout)
    vTaskStartScheduler                      0x08004219   Thumb Code    94  tasks.o(i.vTaskStartScheduler)
    vTaskSuspendAll                          0x08004289   Thumb Code    10  tasks.o(i.vTaskSuspendAll)
    vTaskSwitchContext                       0x08004299   Thumb Code   126  tasks.o(i.vTaskSwitchContext)
    xPortStartScheduler                      0x08004321   Thumb Code   222  port.o(i.xPortStartScheduler)
    xQueueGenericCreate                      0x08004415   Thumb Code    94  queue.o(i.xQueueGenericCreate)
    xQueueGenericReset                       0x08004475   Thumb Code   172  queue.o(i.xQueueGenericReset)
    xQueueGenericSend                        0x08004525   Thumb Code   346  queue.o(i.xQueueGenericSend)
    xQueueGiveFromISR                        0x08004685   Thumb Code   188  queue.o(i.xQueueGiveFromISR)
    xQueueReceive                            0x08004741   Thumb Code   308  queue.o(i.xQueueReceive)
    xQueueSemaphoreTake                      0x08004879   Thumb Code   356  queue.o(i.xQueueSemaphoreTake)
    xTaskCheckForTimeOut                     0x080049e1   Thumb Code   118  tasks.o(i.xTaskCheckForTimeOut)
    xTaskCreate                              0x08004a5d   Thumb Code    92  tasks.o(i.xTaskCreate)
    xTaskDelayUntil                          0x08004ab9   Thumb Code   138  tasks.o(i.xTaskDelayUntil)
    xTaskGetSchedulerState                   0x08004b4d   Thumb Code    22  tasks.o(i.xTaskGetSchedulerState)
    xTaskGetTickCount                        0x08004b69   Thumb Code     6  tasks.o(i.xTaskGetTickCount)
    xTaskIncrementTick                       0x08004b75   Thumb Code   304  tasks.o(i.xTaskIncrementTick)
    xTaskPriorityDisinherit                  0x08004cad   Thumb Code   174  tasks.o(i.xTaskPriorityDisinherit)
    xTaskPriorityInherit                     0x08004d65   Thumb Code   168  tasks.o(i.xTaskPriorityInherit)
    xTaskRemoveFromEventList                 0x08004e15   Thumb Code   210  tasks.o(i.xTaskRemoveFromEventList)
    xTaskResumeAll                           0x08004ef1   Thumb Code   286  tasks.o(i.xTaskResumeAll)
    xTimerCreateTimerTask                    0x0800501d   Thumb Code    56  timers.o(i.xTimerCreateTimerTask)
    Region$$Table$$Base                      0x08005084   Number         0  anon$$obj.o(Region$$Table)
    Region$$Table$$Limit                     0x080050a4   Number         0  anon$$obj.o(Region$$Table)
    SystemCoreClock                          0x20000000   Data           4  system_stm32f4xx.o(.data)
    AHBPrescTable                            0x20000004   Data          16  system_stm32f4xx.o(.data)
    adc_data_ready                           0x20000028   Data           1  bsp_adc.o(.data)
    TIM1_Clock                               0x20000044   Data           4  bsp_timer.o(.data)
    xReturn                                  0x20000048   Data           4  foc_init.o(.data)
    pxCurrentTCB                             0x2000007c   Data           4  tasks.o(.data)
    uxTopUsedPriority                        0x200000ac   Data           4  tasks.o(.data)
    foc_raw_data                             0x200005d4   Data          14  bsp_adc.o(.bss)
    foc_datav                                0x200005e4   Data          16  bsp_adc.o(.bss)
    foc_datai                                0x200005f4   Data          12  bsp_adc.o(.bss)
    foc_ctrl                                 0x20000850   Data          24  foc_control.o(.bss)
    xQueueRegistry                           0x20007068   Data          64  queue.o(.bss)
    __initial_sp                             0x20007598   Data           0  startup_stm32f40_41xxx.o(STACK)



==============================================================================

Memory Map of the image

  Image Entry point : 0x08000189

  Load Region LR_IROM1 (Base: 0x08000000, Size: 0x00005178, Max: 0x00100000, ABSOLUTE)

    Execution Region ER_IROM1 (Exec base: 0x08000000, Load base: 0x08000000, Size: 0x000050a4, Max: 0x00100000, ABSOLUTE)

    Exec Addr    Load Addr    Size         Type   Attr      Idx    E Section Name        Object

    0x08000000   0x08000000   0x00000188   Data   RO          331    RESET               startup_stm32f40_41xxx.o
    0x08000188   0x08000188   0x00000000   Code   RO         6651  * .ARM.Collect$$$$00000000  mc_w.l(entry.o)
    0x08000188   0x08000188   0x00000004   Code   RO         6715    .ARM.Collect$$$$00000001  mc_w.l(entry2.o)
    0x0800018c   0x0800018c   0x00000004   Code   RO         6718    .ARM.Collect$$$$00000004  mc_w.l(entry5.o)
    0x08000190   0x08000190   0x00000000   Code   RO         6720    .ARM.Collect$$$$00000008  mc_w.l(entry7b.o)
    0x08000190   0x08000190   0x00000000   Code   RO         6722    .ARM.Collect$$$$0000000A  mc_w.l(entry8b.o)
    0x08000190   0x08000190   0x00000008   Code   RO         6723    .ARM.Collect$$$$0000000B  mc_w.l(entry9a.o)
    0x08000198   0x08000198   0x00000000   Code   RO         6725    .ARM.Collect$$$$0000000D  mc_w.l(entry10a.o)
    0x08000198   0x08000198   0x00000000   Code   RO         6727    .ARM.Collect$$$$0000000F  mc_w.l(entry11a.o)
    0x08000198   0x08000198   0x00000004   Code   RO         6716    .ARM.Collect$$$$00002712  mc_w.l(entry2.o)
    0x0800019c   0x0800019c   0x000000be   Code   RO         5551    .emb_text           port.o
    0x0800025a   0x0800025a   0x00000002   PAD
    0x0800025c   0x0800025c   0x00000024   Code   RO          332    .text               startup_stm32f40_41xxx.o
    0x08000280   0x08000280   0x00000024   Code   RO         6654    .text               mc_w.l(memcpya.o)
    0x080002a4   0x080002a4   0x00000024   Code   RO         6658    .text               mc_w.l(memseta.o)
    0x080002c8   0x080002c8   0x00000022   Code   RO         6690    .text               mf_w.l(dflti.o)
    0x080002ea   0x080002ea   0x00000026   Code   RO         6692    .text               mf_w.l(f2d.o)
    0x08000310   0x08000310   0x00000030   Code   RO         6694    .text               mf_w.l(cdrcmple.o)
    0x08000340   0x08000340   0x0000002c   Code   RO         6732    .text               mc_w.l(uidiv.o)
    0x0800036c   0x0800036c   0x00000062   Code   RO         6734    .text               mc_w.l(uldiv.o)
    0x080003ce   0x080003ce   0x00000000   Code   RO         6743    .text               mc_w.l(iusefp.o)
    0x080003ce   0x080003ce   0x000000ba   Code   RO         6744    .text               mf_w.l(depilogue.o)
    0x08000488   0x08000488   0x0000014e   Code   RO         6746    .text               mf_w.l(dadd.o)
    0x080005d6   0x080005d6   0x000000e4   Code   RO         6748    .text               mf_w.l(dmul.o)
    0x080006ba   0x080006ba   0x000000de   Code   RO         6750    .text               mf_w.l(ddiv.o)
    0x08000798   0x08000798   0x00000030   Code   RO         6752    .text               mf_w.l(dfixul.o)
    0x080007c8   0x080007c8   0x00000024   Code   RO         6754    .text               mc_w.l(init.o)
    0x080007ec   0x080007ec   0x0000001e   Code   RO         6757    .text               mc_w.l(llshl.o)
    0x0800080a   0x0800080a   0x00000020   Code   RO         6759    .text               mc_w.l(llushr.o)
    0x0800082a   0x0800082a   0x00000024   Code   RO         6761    .text               mc_w.l(llsshr.o)
    0x0800084e   0x0800084e   0x00000008   Code   RO          418    i.ADC_ClearITPendingBit  stm32f4xx_adc.o
    0x08000856   0x08000856   0x00000014   Code   RO          419    i.ADC_Cmd           stm32f4xx_adc.o
    0x0800086a   0x0800086a   0x00000002   PAD
    0x0800086c   0x0800086c   0x0000002c   Code   RO          420    i.ADC_CommonInit    stm32f4xx_adc.o
    0x08000898   0x08000898   0x00000014   Code   RO          423    i.ADC_DMACmd        stm32f4xx_adc.o
    0x080008ac   0x080008ac   0x0000000c   Code   RO          429    i.ADC_ExternalTrigInjectedConvConfig  stm32f4xx_adc.o
    0x080008b8   0x080008b8   0x0000000c   Code   RO          430    i.ADC_ExternalTrigInjectedConvEdgeConfig  stm32f4xx_adc.o
    0x080008c4   0x080008c4   0x00000006   Code   RO          431    i.ADC_GetConversionValue  stm32f4xx_adc.o
    0x080008ca   0x080008ca   0x0000000e   Code   RO          432    i.ADC_GetFlagStatus  stm32f4xx_adc.o
    0x080008d8   0x080008d8   0x0000001e   Code   RO          433    i.ADC_GetITStatus   stm32f4xx_adc.o
    0x080008f6   0x080008f6   0x0000000e   Code   RO          434    i.ADC_GetInjectedConversionValue  stm32f4xx_adc.o
    0x08000904   0x08000904   0x000000b4   Code   RO         5013    i.ADC_IRQHandler    bsp_adc.o
    0x080009b8   0x080009b8   0x00000012   Code   RO          438    i.ADC_ITConfig      stm32f4xx_adc.o
    0x080009ca   0x080009ca   0x00000002   PAD
    0x080009cc   0x080009cc   0x0000004c   Code   RO          439    i.ADC_Init          stm32f4xx_adc.o
    0x08000a18   0x08000a18   0x0000004a   Code   RO          440    i.ADC_InjectedChannelConfig  stm32f4xx_adc.o
    0x08000a62   0x08000a62   0x00000010   Code   RO          442    i.ADC_InjectedSequencerLengthConfig  stm32f4xx_adc.o
    0x08000a72   0x08000a72   0x00000074   Code   RO          444    i.ADC_RegularChannelConfig  stm32f4xx_adc.o
    0x08000ae6   0x08000ae6   0x0000000a   Code   RO          446    i.ADC_SoftwareStartConv  stm32f4xx_adc.o
    0x08000af0   0x08000af0   0x00000002   Code   RO          148    i.BusFault_Handler  stm32f4xx_it.o
    0x08000af2   0x08000af2   0x00000002   PAD
    0x08000af4   0x08000af4   0x00000058   Code   RO         4884    i.DMA1_Stream3_IRQHandler  bsp_uart.o
    0x08000b4c   0x08000b4c   0x0000007c   Code   RO         5014    i.DMA2_Stream0_IRQHandler  bsp_adc.o
    0x08000bc8   0x08000bc8   0x0000002c   Code   RO         1438    i.DMA_ClearFlag     stm32f4xx_dma.o
    0x08000bf4   0x08000bf4   0x0000002c   Code   RO         1439    i.DMA_ClearITPendingBit  stm32f4xx_dma.o
    0x08000c20   0x08000c20   0x00000014   Code   RO         1440    i.DMA_Cmd           stm32f4xx_dma.o
    0x08000c34   0x08000c34   0x00000124   Code   RO         1441    i.DMA_DeInit        stm32f4xx_dma.o
    0x08000d58   0x08000d58   0x0000000e   Code   RO         1445    i.DMA_GetCmdStatus  stm32f4xx_dma.o
    0x08000d66   0x08000d66   0x00000002   PAD
    0x08000d68   0x08000d68   0x00000054   Code   RO         1450    i.DMA_GetITStatus   stm32f4xx_dma.o
    0x08000dbc   0x08000dbc   0x0000002c   Code   RO         1451    i.DMA_ITConfig      stm32f4xx_dma.o
    0x08000de8   0x08000de8   0x00000054   Code   RO         1452    i.DMA_Init          stm32f4xx_dma.o
    0x08000e3c   0x08000e3c   0x00000002   Code   RO          149    i.DebugMon_Handler  stm32f4xx_it.o
    0x08000e3e   0x08000e3e   0x00000002   PAD
    0x08000e40   0x08000e40   0x0000005c   Code   RO         5168    i.Debug_task_create  foc_init.o
    0x08000e9c   0x08000e9c   0x00000060   Code   RO         5169    i.FOC_Control_task_create  foc_init.o
    0x08000efc   0x08000efc   0x000000a2   Code   RO         1970    i.GPIO_Init         stm32f4xx_gpio.o
    0x08000f9e   0x08000f9e   0x00000020   Code   RO         1971    i.GPIO_PinAFConfig  stm32f4xx_gpio.o
    0x08000fbe   0x08000fbe   0x00000006   Code   RO         1977    i.GPIO_ResetBits    stm32f4xx_gpio.o
    0x08000fc4   0x08000fc4   0x00000004   Code   RO         1978    i.GPIO_SetBits      stm32f4xx_gpio.o
    0x08000fc8   0x08000fc8   0x0000005c   Code   RO         5170    i.Gather_task_create  foc_init.o
    0x08001024   0x08001024   0x00000002   Code   RO          150    i.HardFault_Handler  stm32f4xx_it.o
    0x08001026   0x08001026   0x00000002   PAD
    0x08001028   0x08001028   0x00000054   Code   RO         5171    i.LED_task_create   foc_init.o
    0x0800107c   0x0800107c   0x00000002   Code   RO          151    i.MemManage_Handler  stm32f4xx_it.o
    0x0800107e   0x0800107e   0x00000002   Code   RO          152    i.NMI_Handler       stm32f4xx_it.o
    0x08001080   0x08001080   0x00000016   Code   RO         4885    i.NVIC_EnableIRQ    bsp_uart.o
    0x08001096   0x08001096   0x00000002   PAD
    0x08001098   0x08001098   0x00000064   Code   RO          339    i.NVIC_Init         misc.o
    0x080010fc   0x080010fc   0x00000018   Code   RO         2695    i.RCC_AHB1PeriphClockCmd  stm32f4xx_rcc.o
    0x08001114   0x08001114   0x00000018   Code   RO         2704    i.RCC_APB1PeriphClockCmd  stm32f4xx_rcc.o
    0x0800112c   0x0800112c   0x00000018   Code   RO         2707    i.RCC_APB2PeriphClockCmd  stm32f4xx_rcc.o
    0x08001144   0x08001144   0x00000090   Code   RO         2716    i.RCC_GetClocksFreq  stm32f4xx_rcc.o
    0x080011d4   0x080011d4   0x000000b4   Code   RO            4    i.SetSysClock       system_stm32f4xx.o
    0x08001288   0x08001288   0x0000002c   Code   RO         5552    i.SysTick_Handler   port.o
    0x080012b4   0x080012b4   0x0000005c   Code   RO            6    i.SystemInit        system_stm32f4xx.o
    0x08001310   0x08001310   0x00000040   Code   RO         5108    i.TIM1_BRK_TIM9_IRQHandler  bsp_timer.o
    0x08001350   0x08001350   0x00000024   Code   RO         5109    i.TIM1_UP_TIM10_IRQHandler  bsp_timer.o
    0x08001374   0x08001374   0x00000022   Code   RO         4078    i.TIM_BDTRConfig    stm32f4xx_tim.o
    0x08001396   0x08001396   0x00000006   Code   RO         4084    i.TIM_ClearITPendingBit  stm32f4xx_tim.o
    0x0800139c   0x0800139c   0x00000014   Code   RO         4089    i.TIM_Cmd           stm32f4xx_tim.o
    0x080013b0   0x080013b0   0x00000016   Code   RO         4091    i.TIM_CtrlPWMOutputs  stm32f4xx_tim.o
    0x080013c6   0x080013c6   0x00000018   Code   RO         4110    i.TIM_GetITStatus   stm32f4xx_tim.o
    0x080013de   0x080013de   0x00000010   Code   RO         4114    i.TIM_ITConfig      stm32f4xx_tim.o
    0x080013ee   0x080013ee   0x00000002   PAD
    0x080013f0   0x080013f0   0x00000060   Code   RO         4118    i.TIM_OC1Init       stm32f4xx_tim.o
    0x08001450   0x08001450   0x0000000c   Code   RO         4121    i.TIM_OC1PreloadConfig  stm32f4xx_tim.o
    0x0800145c   0x0800145c   0x00000080   Code   RO         4123    i.TIM_OC2Init       stm32f4xx_tim.o
    0x080014dc   0x080014dc   0x00000014   Code   RO         4126    i.TIM_OC2PreloadConfig  stm32f4xx_tim.o
    0x080014f0   0x080014f0   0x0000007c   Code   RO         4128    i.TIM_OC3Init       stm32f4xx_tim.o
    0x0800156c   0x0800156c   0x0000000c   Code   RO         4131    i.TIM_OC3PreloadConfig  stm32f4xx_tim.o
    0x08001578   0x08001578   0x00000060   Code   RO         4133    i.TIM_OC4Init       stm32f4xx_tim.o
    0x080015d8   0x080015d8   0x00000014   Code   RO         4135    i.TIM_OC4PreloadConfig  stm32f4xx_tim.o
    0x080015ec   0x080015ec   0x00000010   Code   RO         4147    i.TIM_SelectOutputTrigger  stm32f4xx_tim.o
    0x080015fc   0x080015fc   0x00000004   Code   RO         4151    i.TIM_SetCompare1   stm32f4xx_tim.o
    0x08001600   0x08001600   0x00000004   Code   RO         4152    i.TIM_SetCompare2   stm32f4xx_tim.o
    0x08001604   0x08001604   0x00000004   Code   RO         4153    i.TIM_SetCompare3   stm32f4xx_tim.o
    0x08001608   0x08001608   0x0000007c   Code   RO         4161    i.TIM_TimeBaseInit  stm32f4xx_tim.o
    0x08001684   0x08001684   0x00000028   Code   RO         4886    i.USART3_IRQHandler  bsp_uart.o
    0x080016ac   0x080016ac   0x00000014   Code   RO         4630    i.USART_Cmd         stm32f4xx_usart.o
    0x080016c0   0x080016c0   0x00000010   Code   RO         4631    i.USART_DMACmd      stm32f4xx_usart.o
    0x080016d0   0x080016d0   0x0000000e   Code   RO         4633    i.USART_GetFlagStatus  stm32f4xx_usart.o
    0x080016de   0x080016de   0x0000003e   Code   RO         4634    i.USART_GetITStatus  stm32f4xx_usart.o
    0x0800171c   0x0800171c   0x00000030   Code   RO         4636    i.USART_ITConfig    stm32f4xx_usart.o
    0x0800174c   0x0800174c   0x000000ac   Code   RO         4637    i.USART_Init        stm32f4xx_usart.o
    0x080017f8   0x080017f8   0x00000008   Code   RO         4644    i.USART_ReceiveData  stm32f4xx_usart.o
    0x08001800   0x08001800   0x00000008   Code   RO         4647    i.USART_SendData    stm32f4xx_usart.o
    0x08001808   0x08001808   0x00000002   Code   RO          153    i.UsageFault_Handler  stm32f4xx_it.o
    0x0800180a   0x0800180a   0x00000002   PAD
    0x0800180c   0x0800180c   0x0000002c   Code   RO         6668    i.__0vsnprintf      mc_w.l(printfa.o)
    0x08001838   0x08001838   0x00000026   Code   RO         6696    i.__ARM_fpclassifyf  m_wm.l(fpclassifyf.o)
    0x0800185e   0x0800185e   0x00000002   PAD
    0x08001860   0x08001860   0x00000150   Code   RO         6609    i.__hardfp_cosf     m_wm.l(cosf.o)
    0x080019b0   0x080019b0   0x00000014   Code   RO         6621    i.__hardfp_fabs     m_wm.l(fabs.o)
    0x080019c4   0x080019c4   0x00000190   Code   RO         6627    i.__hardfp_sinf     m_wm.l(sinf.o)
    0x08001b54   0x08001b54   0x0000003a   Code   RO         6639    i.__hardfp_sqrtf    m_wm.l(sqrtf.o)
    0x08001b8e   0x08001b8e   0x00000006   Code   RO         6699    i.__mathlib_flt_infnan  m_wm.l(funder.o)
    0x08001b94   0x08001b94   0x00000010   Code   RO         6701    i.__mathlib_flt_invalid  m_wm.l(funder.o)
    0x08001ba4   0x08001ba4   0x00000010   Code   RO         6704    i.__mathlib_flt_underflow  m_wm.l(funder.o)
    0x08001bb4   0x08001bb4   0x00000154   Code   RO         6712    i.__mathlib_rredf2  m_wm.l(rredf.o)
    0x08001d08   0x08001d08   0x0000000e   Code   RO         6766    i.__scatterload_copy  mc_w.l(handlers.o)
    0x08001d16   0x08001d16   0x00000002   Code   RO         6767    i.__scatterload_null  mc_w.l(handlers.o)
    0x08001d18   0x08001d18   0x0000000e   Code   RO         6768    i.__scatterload_zeroinit  mc_w.l(handlers.o)
    0x08001d26   0x08001d26   0x00000002   PAD
    0x08001d28   0x08001d28   0x0000000c   Code   RO         6738    i.__set_errno       mc_w.l(errno.o)
    0x08001d34   0x08001d34   0x00000184   Code   RO         6670    i._fp_digits        mc_w.l(printfa.o)
    0x08001eb8   0x08001eb8   0x000006dc   Code   RO         6671    i._printf_core      mc_w.l(printfa.o)
    0x08002594   0x08002594   0x00000024   Code   RO         6672    i._printf_post_padding  mc_w.l(printfa.o)
    0x080025b8   0x080025b8   0x0000002e   Code   RO         6673    i._printf_pre_padding  mc_w.l(printfa.o)
    0x080025e6   0x080025e6   0x00000016   Code   RO         6674    i._snputc           mc_w.l(printfa.o)
    0x080025fc   0x080025fc   0x000001d4   Code   RO         5015    i.adc_apply_filter  bsp_adc.o
    0x080027d0   0x080027d0   0x00000170   Code   RO         5016    i.bsp_adc_calib_current_offset  bsp_adc.o
    0x08002940   0x08002940   0x0000000c   Code   RO         5018    i.bsp_adc_get_calib_data  bsp_adc.o
    0x0800294c   0x0800294c   0x000001dc   Code   RO         5019    i.bsp_adc_init      bsp_adc.o
    0x08002b28   0x08002b28   0x000000b8   Code   RO         5020    i.bsp_adc_init_calibration  bsp_adc.o
    0x08002be0   0x08002be0   0x0000001c   Code   RO         5021    i.bsp_adc_process_data  bsp_adc.o
    0x08002bfc   0x08002bfc   0x00000030   Code   RO         4986    i.bsp_gpio_init     bsp_gpio.o
    0x08002c2c   0x08002c2c   0x0000002c   Code   RO         5110    i.bsp_pwm_disable   bsp_timer.o
    0x08002c58   0x08002c58   0x00000214   Code   RO         5113    i.bsp_timer_init    bsp_timer.o
    0x08002e6c   0x08002e6c   0x000000a0   Code   RO         4887    i.bsp_uart_dma_init  bsp_uart.o
    0x08002f0c   0x08002f0c   0x000000e0   Code   RO         4888    i.bsp_uart_init     bsp_uart.o
    0x08002fec   0x08002fec   0x0000001a   Code   RO         4889    i.bsp_uart_send     bsp_uart.o
    0x08003006   0x08003006   0x00000002   PAD
    0x08003008   0x08003008   0x00000068   Code   RO         4890    i.bsp_uart_send_buffer  bsp_uart.o
    0x08003070   0x08003070   0x00000030   Code   RO         4891    i.bsp_uart_send_byte  bsp_uart.o
    0x080030a0   0x080030a0   0x00000002   Code   RO         5320    i.debug_init        foc_debug.o
    0x080030a2   0x080030a2   0x00000002   PAD
    0x080030a4   0x080030a4   0x00000048   Code   RO         4893    i.debug_log         bsp_uart.o
    0x080030ec   0x080030ec   0x00000048   Code   RO         5321    i.debug_printf      foc_debug.o
    0x08003134   0x08003134   0x00000034   Code   RO         5172    i.foc_app_init      foc_init.o
    0x08003168   0x08003168   0x0000004c   Code   RO         5173    i.foc_bsp_init      foc_init.o
    0x080031b4   0x080031b4   0x00000028   Code   RO         5418    i.foc_control_init  foc_control.o
    0x080031dc   0x080031dc   0x00000002   Code   RO         5289    i.foc_gather_init   foc_gather.o
    0x080031de   0x080031de   0x00000002   PAD
    0x080031e0   0x080031e0   0x00000248   Code   RO         5419    i.foc_open_loop_control  foc_control.o
    0x08003428   0x08003428   0x0000000c   Code   RO         5420    i.foc_set_open_loop_speed  foc_control.o
    0x08003434   0x08003434   0x00000034   Code   RO         5174    i.foc_task_init     foc_init.o
    0x08003468   0x08003468   0x00000040   Code   RO         5359    i.inv_clark_transform  foc_conversion.o
    0x080034a8   0x080034a8   0x00000050   Code   RO         5360    i.inv_park_transform  foc_conversion.o
    0x080034f8   0x080034f8   0x0000000c   Code   RO         5259    i.led_init          led.o
    0x08003504   0x08003504   0x00000012   Code   RO          209    i.main              main.o
    0x08003516   0x08003516   0x00000002   PAD
    0x08003518   0x08003518   0x00000088   Code   RO         6120    i.prvAddCurrentTaskToDelayedList  tasks.o
    0x080035a0   0x080035a0   0x000000f0   Code   RO         6121    i.prvAddNewTaskToReadyList  tasks.o
    0x08003690   0x08003690   0x00000050   Code   RO         6468    i.prvCheckForValidListAndQueue  timers.o
    0x080036e0   0x080036e0   0x00000026   Code   RO         5775    i.prvCopyDataFromQueue  queue.o
    0x08003706   0x08003706   0x0000006c   Code   RO         5776    i.prvCopyDataToQueue  queue.o
    0x08003772   0x08003772   0x00000014   Code   RO         6122    i.prvDeleteTCB      tasks.o
    0x08003786   0x08003786   0x00000002   PAD
    0x08003788   0x08003788   0x00000044   Code   RO         5462    i.prvHeapInit       heap_4.o
    0x080037cc   0x080037cc   0x00000060   Code   RO         6123    i.prvIdleTask       tasks.o
    0x0800382c   0x0800382c   0x000000a6   Code   RO         6124    i.prvInitialiseNewTask  tasks.o
    0x080038d2   0x080038d2   0x00000002   PAD
    0x080038d4   0x080038d4   0x0000004c   Code   RO         5463    i.prvInsertBlockIntoFreeList  heap_4.o
    0x08003920   0x08003920   0x00000038   Code   RO         6469    i.prvInsertTimerInActiveList  timers.o
    0x08003958   0x08003958   0x0000001c   Code   RO         5777    i.prvIsQueueEmpty   queue.o
    0x08003974   0x08003974   0x00000040   Code   RO         6470    i.prvProcessExpiredTimer  timers.o
    0x080039b4   0x080039b4   0x000000e4   Code   RO         6471    i.prvProcessReceivedCommands  timers.o
    0x08003a98   0x08003a98   0x0000006c   Code   RO         6472    i.prvProcessTimerOrBlockTask  timers.o
    0x08003b04   0x08003b04   0x00000028   Code   RO         6473    i.prvReloadTimer    timers.o
    0x08003b2c   0x08003b2c   0x0000001c   Code   RO         6126    i.prvResetNextTaskUnblockTime  tasks.o
    0x08003b48   0x08003b48   0x00000048   Code   RO         6474    i.prvSampleTimeNow  timers.o
    0x08003b90   0x08003b90   0x00000028   Code   RO         5553    i.prvTaskExitError  port.o
    0x08003bb8   0x08003bb8   0x00000024   Code   RO         6475    i.prvTimerTask      timers.o
    0x08003bdc   0x08003bdc   0x0000006a   Code   RO         5778    i.prvUnlockQueue    queue.o
    0x08003c46   0x08003c46   0x00000002   PAD
    0x08003c48   0x08003c48   0x000000cc   Code   RO         5465    i.pvPortMalloc      heap_4.o
    0x08003d14   0x08003d14   0x00000018   Code   RO         6128    i.pvTaskIncrementMutexHeldCount  tasks.o
    0x08003d2c   0x08003d2c   0x0000002c   Code   RO         5554    i.pxPortInitialiseStack  port.o
    0x08003d58   0x08003d58   0x00000026   Code   RO         5735    i.uxListRemove      list.o
    0x08003d7e   0x08003d7e   0x00000002   PAD
    0x08003d80   0x08003d80   0x0000000c   Code   RO         6131    i.uxTaskGetNumberOfTasks  tasks.o
    0x08003d8c   0x08003d8c   0x00000024   Code   RO          210    i.vApplicationMallocFailedHook  main.o
    0x08003db0   0x08003db0   0x0000002c   Code   RO          211    i.vApplicationStackOverflowHook  main.o
    0x08003ddc   0x08003ddc   0x0000000c   Code   RO         5322    i.vDebugProcessTask  foc_debug.o
    0x08003de8   0x08003de8   0x0000001e   Code   RO         5421    i.vFOCControlTask   foc_control.o
    0x08003e06   0x08003e06   0x00000016   Code   RO         5290    i.vGatherProcessTask  foc_gather.o
    0x08003e1c   0x08003e1c   0x0000002c   Code   RO         5260    i.vLEDProcessTask   led.o
    0x08003e48   0x08003e48   0x00000016   Code   RO         5736    i.vListInitialise   list.o
    0x08003e5e   0x08003e5e   0x00000006   Code   RO         5737    i.vListInitialiseItem  list.o
    0x08003e64   0x08003e64   0x00000030   Code   RO         5738    i.vListInsert       list.o
    0x08003e94   0x08003e94   0x00000040   Code   RO         5556    i.vPortEnterCritical  port.o
    0x08003ed4   0x08003ed4   0x00000028   Code   RO         5557    i.vPortExitCritical  port.o
    0x08003efc   0x08003efc   0x00000064   Code   RO         5466    i.vPortFree         heap_4.o
    0x08003f60   0x08003f60   0x00000024   Code   RO         5558    i.vPortSetupTimerInterrupt  port.o
    0x08003f84   0x08003f84   0x00000054   Code   RO         5559    i.vPortValidateInterruptPriority  port.o
    0x08003fd8   0x08003fd8   0x00000050   Code   RO         5784    i.vQueueAddToRegistry  queue.o
    0x08004028   0x08004028   0x00000044   Code   RO         5788    i.vQueueWaitForMessageRestricted  queue.o
    0x0800406c   0x0800406c   0x0000004c   Code   RO         6137    i.vTaskDelay        tasks.o
    0x080040b8   0x080040b8   0x00000010   Code   RO         6142    i.vTaskInternalSetTimeOutState  tasks.o
    0x080040c8   0x080040c8   0x0000000c   Code   RO         6143    i.vTaskMissedYield  tasks.o
    0x080040d4   0x080040d4   0x00000030   Code   RO         6144    i.vTaskPlaceOnEventList  tasks.o
    0x08004104   0x08004104   0x00000050   Code   RO         6145    i.vTaskPlaceOnEventListRestricted  tasks.o
    0x08004154   0x08004154   0x000000c4   Code   RO         6147    i.vTaskPriorityDisinheritAfterTimeout  tasks.o
    0x08004218   0x08004218   0x00000070   Code   RO         6153    i.vTaskStartScheduler  tasks.o
    0x08004288   0x08004288   0x00000010   Code   RO         6155    i.vTaskSuspendAll   tasks.o
    0x08004298   0x08004298   0x00000088   Code   RO         6156    i.vTaskSwitchContext  tasks.o
    0x08004320   0x08004320   0x000000f4   Code   RO         5560    i.xPortStartScheduler  port.o
    0x08004414   0x08004414   0x0000005e   Code   RO         5791    i.xQueueGenericCreate  queue.o
    0x08004472   0x08004472   0x00000002   PAD
    0x08004474   0x08004474   0x000000b0   Code   RO         5792    i.xQueueGenericReset  queue.o
    0x08004524   0x08004524   0x00000160   Code   RO         5793    i.xQueueGenericSend  queue.o
    0x08004684   0x08004684   0x000000bc   Code   RO         5795    i.xQueueGiveFromISR  queue.o
    0x08004740   0x08004740   0x00000138   Code   RO         5801    i.xQueueReceive     queue.o
    0x08004878   0x08004878   0x00000168   Code   RO         5803    i.xQueueSemaphoreTake  queue.o
    0x080049e0   0x080049e0   0x0000007c   Code   RO         6158    i.xTaskCheckForTimeOut  tasks.o
    0x08004a5c   0x08004a5c   0x0000005c   Code   RO         6159    i.xTaskCreate       tasks.o
    0x08004ab8   0x08004ab8   0x00000094   Code   RO         6160    i.xTaskDelayUntil   tasks.o
    0x08004b4c   0x08004b4c   0x0000001c   Code   RO         6166    i.xTaskGetSchedulerState  tasks.o
    0x08004b68   0x08004b68   0x0000000c   Code   RO         6167    i.xTaskGetTickCount  tasks.o
    0x08004b74   0x08004b74   0x00000138   Code   RO         6169    i.xTaskIncrementTick  tasks.o
    0x08004cac   0x08004cac   0x000000b8   Code   RO         6170    i.xTaskPriorityDisinherit  tasks.o
    0x08004d64   0x08004d64   0x000000b0   Code   RO         6171    i.xTaskPriorityInherit  tasks.o
    0x08004e14   0x08004e14   0x000000dc   Code   RO         6172    i.xTaskRemoveFromEventList  tasks.o
    0x08004ef0   0x08004ef0   0x0000012c   Code   RO         6173    i.xTaskResumeAll    tasks.o
    0x0800501c   0x0800501c   0x00000048   Code   RO         6483    i.xTimerCreateTimerTask  timers.o
    0x08005064   0x08005064   0x00000020   Data   RO         6713    .constdata          m_wm.l(rredf.o)
    0x08005084   0x08005084   0x00000020   Data   RO         6764    Region$$Table       anon$$obj.o


    Execution Region RW_IRAM1 (Exec base: 0x20000000, Load base: 0x080050a4, Size: 0x00007598, Max: 0x00020000, ABSOLUTE)

    Exec Addr    Load Addr    Size         Type   Attr      Idx    E Section Name        Object

    0x20000000   0x080050a4   0x00000014   Data   RW            7    .data               system_stm32f4xx.o
    0x20000014   0x080050b8   0x00000010   Data   RW         2748    .data               stm32f4xx_rcc.o
    0x20000024   0x080050c8   0x00000004   Data   RW         4895    .data               bsp_uart.o
    0x20000028   0x080050cc   0x0000001c   Data   RW         5024    .data               bsp_adc.o
    0x20000044   0x080050e8   0x00000004   Data   RW         5114    .data               bsp_timer.o
    0x20000048   0x080050ec   0x00000004   Data   RW         5175    .data               foc_init.o
    0x2000004c   0x080050f0   0x00000008   Data   RW         5424    .data               foc_control.o
    0x20000054   0x080050f8   0x0000001c   Data   RW         5472    .data               heap_4.o
    0x20000070   0x08005114   0x0000000c   Data   RW         5561    .data               port.o
    0x2000007c   0x08005120   0x00000040   Data   RW         6176    .data               tasks.o
    0x200000bc   0x08005160   0x00000014   Data   RW         6491    .data               timers.o
    0x200000d0   0x08005174   0x00000004   Data   RW         6739    .data               mc_w.l(errno.o)
    0x200000d4        -       0x00000500   Zero   RW         4894    .bss                bsp_uart.o
    0x200005d4        -       0x0000007c   Zero   RW         5022    .bss                bsp_adc.o
    0x20000650        -       0x00000200   Zero   RW         5323    .bss                foc_debug.o
    0x20000850        -       0x00000018   Zero   RW         5422    .bss                foc_control.o
    0x20000868        -       0x00006800   Zero   RW         5471    .bss                heap_4.o
    0x20007068        -       0x00000040   Zero   RW         5805    .bss                queue.o
    0x200070a8        -       0x000000c8   Zero   RW         6175    .bss                tasks.o
    0x20007170        -       0x00000028   Zero   RW         6490    .bss                timers.o
    0x20007198        -       0x00000400   Zero   RW          329    STACK               startup_stm32f40_41xxx.o


==============================================================================

Image component sizes


      Code (inc. data)   RO Data    RW Data    ZI Data      Debug   Object Name

      1840        202          0         28        124       8581   bsp_adc.o
        48          4          0          0          0        504   bsp_gpio.o
       676         58          0          4          0       3082   bsp_timer.o
       784         76          0          4       1280      32019   bsp_uart.o
         0          0          0          0          0      12028   event_groups.o
       666         82          0          8         24       3416   foc_control.o
       144          6          0          0          0       1723   foc_conversion.o
        86          6          0          0        512       2004   foc_debug.o
        24          0          0          0          0        959   foc_gather.o
       544        274          0          4          0      30940   foc_init.o
       448         22          0         28      26624      19407   heap_4.o
        56         10          0          0          0        873   led.o
       114          0          0          0          0       2733   list.o
        98         64          0          0          0      21998   main.o
       100          4          0          0          0     253144   misc.o
       786         82          0         12          0      10869   port.o
      1910         24          0          0         64      17749   queue.o
        36          8        392          0       1024        812   startup_stm32f40_41xxx.o
       490         20          0          0          0      11111   stm32f4xx_adc.o
       626         64          0          0          0       6562   stm32f4xx_dma.o
       204          0          0          0          0       2867   stm32f4xx_gpio.o
        12          0          0          0          0       2629   stm32f4xx_it.o
       216         30          0         16          0       4723   stm32f4xx_rcc.o
       782         60          0          0          0      12903   stm32f4xx_tim.o
       348          8          0          0          0       6012   stm32f4xx_usart.o
       272         36          0         20          0      66969   system_stm32f4xx.o
      3010        198          0         64        200      30798   tasks.o
       756         80          0         20         40      10642   timers.o

    ----------------------------------------------------------------------
     15114       1418        424        208      29892     578057   Object Totals
         0          0         32          0          0          0   (incl. Generated)
        38          0          0          0          0          0   (incl. Padding)

    ----------------------------------------------------------------------

      Code (inc. data)   RO Data    RW Data    ZI Data      Debug   Library Member Name

       336         56          0          0          0        136   cosf.o
        20          0          0          0          0        124   fabs.o
        38          0          0          0          0        116   fpclassifyf.o
        38         12          0          0          0        348   funder.o
       340         24         32          0          0        160   rredf.o
       400         56          0          0          0        212   sinf.o
        58          0          0          0          0        136   sqrtf.o
         0          0          0          0          0          0   entry.o
         0          0          0          0          0          0   entry10a.o
         0          0          0          0          0          0   entry11a.o
         8          4          0          0          0          0   entry2.o
         4          0          0          0          0          0   entry5.o
         0          0          0          0          0          0   entry7b.o
         0          0          0          0          0          0   entry8b.o
         8          4          0          0          0          0   entry9a.o
        12          6          0          4          0         68   errno.o
        30          0          0          0          0          0   handlers.o
        36          8          0          0          0         68   init.o
         0          0          0          0          0          0   iusefp.o
        30          0          0          0          0         68   llshl.o
        36          0          0          0          0         68   llsshr.o
        32          0          0          0          0         68   llushr.o
        36          0          0          0          0         68   memcpya.o
        36          0          0          0          0        108   memseta.o
      2292         84          0          0          0        516   printfa.o
        44          0          0          0          0         80   uidiv.o
        98          0          0          0          0         92   uldiv.o
        48          0          0          0          0         68   cdrcmple.o
       334          0          0          0          0        148   dadd.o
       222          0          0          0          0        100   ddiv.o
       186          0          0          0          0        176   depilogue.o
        48          0          0          0          0         68   dfixul.o
        34          0          0          0          0         76   dflti.o
       228          0          0          0          0         96   dmul.o
        38          0          0          0          0         68   f2d.o

    ----------------------------------------------------------------------
      5074        254         32          4          0       3236   Library Totals
         4          0          0          0          0          0   (incl. Padding)

    ----------------------------------------------------------------------

      Code (inc. data)   RO Data    RW Data    ZI Data      Debug   Library Name

      1230        148         32          0          0       1232   m_wm.l
      2702        106          0          4          0       1204   mc_w.l
      1138          0          0          0          0        800   mf_w.l

    ----------------------------------------------------------------------
      5074        254         32          4          0       3236   Library Totals

    ----------------------------------------------------------------------

==============================================================================


      Code (inc. data)   RO Data    RW Data    ZI Data      Debug   

     20188       1672        456        212      29892     562909   Grand Totals
     20188       1672        456        212      29892     562909   ELF Image Totals
     20188       1672        456        212          0          0   ROM Totals

==============================================================================

    Total RO  Size (Code + RO Data)                20644 (  20.16kB)
    Total RW  Size (RW Data + ZI Data)             30104 (  29.40kB)
    Total ROM Size (Code + RO Data + RW Data)      20856 (  20.37kB)

==============================================================================

