Component: ARM Compiler 5.06 update 6 (build 750) Tool: armlink [4d35ed]

==============================================================================

Section Cross References

    system_stm32f4xx.o(i.SystemCoreClockUpdate) refers to system_stm32f4xx.o(.data) for .data
    system_stm32f4xx.o(i.SystemInit) refers to system_stm32f4xx.o(i.SetSysClock) for SetSysClock
    main.o(i.main) refers to foc_init.o(i.foc_bsp_init) for foc_bsp_init
    main.o(i.main) refers to foc_init.o(i.foc_app_init) for foc_app_init
    main.o(i.main) refers to foc_init.o(i.foc_task_init) for foc_task_init
    main.o(i.main) refers to tasks.o(i.vTaskStartScheduler) for vTaskStartScheduler
    main.o(i.vApplicationMallocFailedHook) refers to bsp_uart.o(i.debug_log) for debug_log
    main.o(i.vApplicationStackOverflowHook) refers to bsp_uart.o(i.debug_log) for debug_log
    startup_stm32f40_41xxx.o(RESET) refers to startup_stm32f40_41xxx.o(STACK) for __initial_sp
    startup_stm32f40_41xxx.o(RESET) refers to startup_stm32f40_41xxx.o(.text) for Reset_Handler
    startup_stm32f40_41xxx.o(RESET) refers to stm32f4xx_it.o(i.NMI_Handler) for NMI_Handler
    startup_stm32f40_41xxx.o(RESET) refers to stm32f4xx_it.o(i.HardFault_Handler) for HardFault_Handler
    startup_stm32f40_41xxx.o(RESET) refers to stm32f4xx_it.o(i.MemManage_Handler) for MemManage_Handler
    startup_stm32f40_41xxx.o(RESET) refers to stm32f4xx_it.o(i.BusFault_Handler) for BusFault_Handler
    startup_stm32f40_41xxx.o(RESET) refers to stm32f4xx_it.o(i.UsageFault_Handler) for UsageFault_Handler
    startup_stm32f40_41xxx.o(RESET) refers to port.o(.emb_text) for SVC_Handler
    startup_stm32f40_41xxx.o(RESET) refers to stm32f4xx_it.o(i.DebugMon_Handler) for DebugMon_Handler
    startup_stm32f40_41xxx.o(RESET) refers to port.o(i.SysTick_Handler) for SysTick_Handler
    startup_stm32f40_41xxx.o(RESET) refers to bsp_uart.o(i.DMA1_Stream3_IRQHandler) for DMA1_Stream3_IRQHandler
    startup_stm32f40_41xxx.o(RESET) refers to bsp_adc.o(i.ADC_IRQHandler) for ADC_IRQHandler
    startup_stm32f40_41xxx.o(RESET) refers to bsp_timer.o(i.TIM2_IRQHandler) for TIM2_IRQHandler
    startup_stm32f40_41xxx.o(RESET) refers to bsp_adc.o(i.DMA2_Stream0_IRQHandler) for DMA2_Stream0_IRQHandler
    startup_stm32f40_41xxx.o(.text) refers to system_stm32f4xx.o(i.SystemInit) for SystemInit
    startup_stm32f40_41xxx.o(.text) refers to entry.o(.ARM.Collect$$$$00000000) for __main
    stm32f4xx_adc.o(i.ADC_DeInit) refers to stm32f4xx_rcc.o(i.RCC_APB2PeriphResetCmd) for RCC_APB2PeriphResetCmd
    stm32f4xx_can.o(i.CAN_DeInit) refers to stm32f4xx_rcc.o(i.RCC_APB1PeriphResetCmd) for RCC_APB1PeriphResetCmd
    stm32f4xx_can.o(i.CAN_GetITStatus) refers to stm32f4xx_can.o(i.CheckITStatus) for CheckITStatus
    stm32f4xx_cryp.o(i.CRYP_DeInit) refers to stm32f4xx_rcc.o(i.RCC_AHB2PeriphResetCmd) for RCC_AHB2PeriphResetCmd
    stm32f4xx_cryp_aes.o(i.CRYP_AES_CBC) refers to stm32f4xx_cryp.o(i.CRYP_KeyStructInit) for CRYP_KeyStructInit
    stm32f4xx_cryp_aes.o(i.CRYP_AES_CBC) refers to stm32f4xx_cryp.o(i.CRYP_KeyInit) for CRYP_KeyInit
    stm32f4xx_cryp_aes.o(i.CRYP_AES_CBC) refers to stm32f4xx_cryp.o(i.CRYP_Init) for CRYP_Init
    stm32f4xx_cryp_aes.o(i.CRYP_AES_CBC) refers to stm32f4xx_cryp.o(i.CRYP_IVInit) for CRYP_IVInit
    stm32f4xx_cryp_aes.o(i.CRYP_AES_CBC) refers to stm32f4xx_cryp.o(i.CRYP_FIFOFlush) for CRYP_FIFOFlush
    stm32f4xx_cryp_aes.o(i.CRYP_AES_CBC) refers to stm32f4xx_cryp.o(i.CRYP_Cmd) for CRYP_Cmd
    stm32f4xx_cryp_aes.o(i.CRYP_AES_CBC) refers to stm32f4xx_cryp.o(i.CRYP_GetCmdStatus) for CRYP_GetCmdStatus
    stm32f4xx_cryp_aes.o(i.CRYP_AES_CBC) refers to stm32f4xx_cryp.o(i.CRYP_GetFlagStatus) for CRYP_GetFlagStatus
    stm32f4xx_cryp_aes.o(i.CRYP_AES_CBC) refers to stm32f4xx_cryp.o(i.CRYP_DataIn) for CRYP_DataIn
    stm32f4xx_cryp_aes.o(i.CRYP_AES_CBC) refers to stm32f4xx_cryp.o(i.CRYP_DataOut) for CRYP_DataOut
    stm32f4xx_cryp_aes.o(i.CRYP_AES_CCM) refers to stm32f4xx_cryp.o(i.CRYP_KeyStructInit) for CRYP_KeyStructInit
    stm32f4xx_cryp_aes.o(i.CRYP_AES_CCM) refers to stm32f4xx_cryp.o(i.CRYP_FIFOFlush) for CRYP_FIFOFlush
    stm32f4xx_cryp_aes.o(i.CRYP_AES_CCM) refers to stm32f4xx_cryp.o(i.CRYP_KeyInit) for CRYP_KeyInit
    stm32f4xx_cryp_aes.o(i.CRYP_AES_CCM) refers to stm32f4xx_cryp.o(i.CRYP_IVInit) for CRYP_IVInit
    stm32f4xx_cryp_aes.o(i.CRYP_AES_CCM) refers to stm32f4xx_cryp.o(i.CRYP_Init) for CRYP_Init
    stm32f4xx_cryp_aes.o(i.CRYP_AES_CCM) refers to stm32f4xx_cryp.o(i.CRYP_PhaseConfig) for CRYP_PhaseConfig
    stm32f4xx_cryp_aes.o(i.CRYP_AES_CCM) refers to stm32f4xx_cryp.o(i.CRYP_DataIn) for CRYP_DataIn
    stm32f4xx_cryp_aes.o(i.CRYP_AES_CCM) refers to stm32f4xx_cryp.o(i.CRYP_Cmd) for CRYP_Cmd
    stm32f4xx_cryp_aes.o(i.CRYP_AES_CCM) refers to stm32f4xx_cryp.o(i.CRYP_GetCmdStatus) for CRYP_GetCmdStatus
    stm32f4xx_cryp_aes.o(i.CRYP_AES_CCM) refers to stm32f4xx_cryp.o(i.CRYP_GetFlagStatus) for CRYP_GetFlagStatus
[...]
    i.bsp_gpio_init                          0x08002aa0   Section        0  bsp_gpio.o(i.bsp_gpio_init)
    i.bsp_hall_gpio_init                     0x08002ad0   Section        0  bsp_gpio.o(i.bsp_hall_gpio_init)
    i.bsp_pwm_set_duty                       0x08002b04   Section        0  bsp_timer.o(i.bsp_pwm_set_duty)
    i.bsp_pwm_start                          0x08002b2c   Section        0  bsp_timer.o(i.bsp_pwm_start)
    i.bsp_pwm_stop                           0x08002b48   Section        0  bsp_timer.o(i.bsp_pwm_stop)
    i.bsp_timer_init                         0x08002b64   Section        0  bsp_timer.o(i.bsp_timer_init)
    i.bsp_timestamp_init                     0x08002cc4   Section        0  bsp_timer.o(i.bsp_timestamp_init)
    i.bsp_uart_dma_init                      0x08002d28   Section        0  bsp_uart.o(i.bsp_uart_dma_init)
    i.bsp_uart_init                          0x08002dcc   Section        0  bsp_uart.o(i.bsp_uart_init)
    i.bsp_uart_send                          0x08002e8c   Section        0  bsp_uart.o(i.bsp_uart_send)
    i.bsp_uart_send_byte                     0x08002ea8   Section        0  bsp_uart.o(i.bsp_uart_send_byte)
    i.butterworth_filter                     0x08002ed8   Section        0  foc_conversion.o(i.butterworth_filter)
    i.butterworth_init                       0x08002f28   Section        0  foc_conversion.o(i.butterworth_init)
    i.clark_transform                        0x08002ff0   Section        0  foc_conversion.o(i.clark_transform)
    i.debug_log                              0x08003050   Section        0  bsp_uart.o(i.debug_log)
    i.flux_observer_init                     0x08003098   Section        0  foc_sensorless.o(i.flux_observer_init)
    i.flux_observer_update                   0x080030b8   Section        0  foc_sensorless.o(i.flux_observer_update)
    i.foc_app_init                           0x08003258   Section        0  foc_init.o(i.foc_app_init)
    i.foc_bsp_init                           0x08003284   Section        0  foc_init.o(i.foc_bsp_init)
    i.foc_control                            0x080032d8   Section        0  foc_control.o(i.foc_control)
    i.foc_current_control                    0x080032ec   Section        0  foc_control.o(i.foc_current_control)
    foc_current_control                      0x080032ed   Thumb Code   266  foc_control.o(i.foc_current_control)
    i.foc_current_pi_init                    0x0800342c   Section        0  foc_settings.o(i.foc_current_pi_init)
    i.foc_encoder_init                       0x08003460   Section        0  foc_encoder.o(i.foc_encoder_init)
    i.foc_id_pid_calculate                   0x0800348c   Section        0  foc_conversion.o(i.foc_id_pid_calculate)
    i.foc_iq_pid_calculate                   0x080034d8   Section        0  foc_conversion.o(i.foc_iq_pid_calculate)
    i.foc_position_pi_init                   0x08003524   Section        0  foc_settings.o(i.foc_position_pi_init)
    i.foc_speed_pi_init                      0x08003550   Section        0  foc_settings.o(i.foc_speed_pi_init)
    i.foc_task_init                          0x0800356c   Section        0  foc_init.o(i.foc_task_init)
    i.inv_park_transform_f32                 0x080035a0   Section        0  foc_conversion.o(i.inv_park_transform_f32)
    i.led_init                               0x080035cc   Section        0  led.o(i.led_init)
    i.main                                   0x080035d8   Section        0  main.o(i.main)
    i.park_transform                         0x080035ea   Section        0  foc_conversion.o(i.park_transform)
    i.prvAddCurrentTaskToDelayedList         0x08003608   Section        0  tasks.o(i.prvAddCurrentTaskToDelayedList)
    prvAddCurrentTaskToDelayedList           0x08003609   Thumb Code   128  tasks.o(i.prvAddCurrentTaskToDelayedList)
    i.prvAddNewTaskToReadyList               0x08003690   Section        0  tasks.o(i.prvAddNewTaskToReadyList)
    prvAddNewTaskToReadyList                 0x08003691   Thumb Code   228  tasks.o(i.prvAddNewTaskToReadyList)
    i.prvCheckForValidListAndQueue           0x08003780   Section        0  timers.o(i.prvCheckForValidListAndQueue)
    prvCheckForValidListAndQueue             0x08003781   Thumb Code    62  timers.o(i.prvCheckForValidListAndQueue)
    i.prvCopyDataFromQueue                   0x080037d0   Section        0  queue.o(i.prvCopyDataFromQueue)
    prvCopyDataFromQueue                     0x080037d1   Thumb Code    38  queue.o(i.prvCopyDataFromQueue)
    i.prvCopyDataToQueue                     0x080037f6   Section        0  queue.o(i.prvCopyDataToQueue)
    prvCopyDataToQueue                       0x080037f7   Thumb Code   108  queue.o(i.prvCopyDataToQueue)
    i.prvDeleteTCB                           0x08003862   Section        0  tasks.o(i.prvDeleteTCB)
    prvDeleteTCB                             0x08003863   Thumb Code    20  tasks.o(i.prvDeleteTCB)
    i.prvHeapInit                            0x08003878   Section        0  heap_4.o(i.prvHeapInit)
    prvHeapInit                              0x08003879   Thumb Code    60  heap_4.o(i.prvHeapInit)
    i.prvIdleTask                            0x080038bc   Section        0  tasks.o(i.prvIdleTask)
    prvIdleTask                              0x080038bd   Thumb Code    82  tasks.o(i.prvIdleTask)
    i.prvInitialiseNewTask                   0x0800391c   Section        0  tasks.o(i.prvInitialiseNewTask)
    prvInitialiseNewTask                     0x0800391d   Thumb Code   166  tasks.o(i.prvInitialiseNewTask)
    i.prvInsertBlockIntoFreeList             0x080039c4   Section        0  heap_4.o(i.prvInsertBlockIntoFreeList)
    prvInsertBlockIntoFreeList               0x080039c5   Thumb Code    72  heap_4.o(i.prvInsertBlockIntoFreeList)
    i.prvInsertTimerInActiveList             0x08003a10   Section        0  timers.o(i.prvInsertTimerInActiveList)
    prvInsertTimerInActiveList               0x08003a11   Thumb Code    52  timers.o(i.prvInsertTimerInActiveList)
    i.prvIsQueueEmpty                        0x08003a48   Section        0  queue.o(i.prvIsQueueEmpty)
    prvIsQueueEmpty                          0x08003a49   Thumb Code    28  queue.o(i.prvIsQueueEmpty)
    i.prvProcessExpiredTimer                 0x08003a64   Section        0  timers.o(i.prvProcessExpiredTimer)
    prvProcessExpiredTimer                   0x08003a65   Thumb Code    58  timers.o(i.prvProcessExpiredTimer)
    i.prvProcessReceivedCommands             0x08003aa4   Section        0  timers.o(i.prvProcessReceivedCommands)
    prvProcessReceivedCommands               0x08003aa5   Thumb Code   222  timers.o(i.prvProcessReceivedCommands)
    i.prvProcessTimerOrBlockTask             0x08003b88   Section        0  timers.o(i.prvProcessTimerOrBlockTask)
    prvProcessTimerOrBlockTask               0x08003b89   Thumb Code    98  timers.o(i.prvProcessTimerOrBlockTask)
    i.prvReloadTimer                         0x08003bf4   Section        0  timers.o(i.prvReloadTimer)
    prvReloadTimer                           0x08003bf5   Thumb Code    40  timers.o(i.prvReloadTimer)
    i.prvResetNextTaskUnblockTime            0x08003c1c   Section        0  tasks.o(i.prvResetNextTaskUnblockTime)
    prvResetNextTaskUnblockTime              0x08003c1d   Thumb Code    24  tasks.o(i.prvResetNextTaskUnblockTime)
    i.prvSampleTimeNow                       0x08003c38   Section        0  timers.o(i.prvSampleTimeNow)
    prvSampleTimeNow                         0x08003c39   Thumb Code    66  timers.o(i.prvSampleTimeNow)
    i.prvTaskExitError                       0x08003c80   Section        0  port.o(i.prvTaskExitError)
    prvTaskExitError                         0x08003c81   Thumb Code    36  port.o(i.prvTaskExitError)
    i.prvTimerTask                           0x08003ca8   Section        0  timers.o(i.prvTimerTask)
    prvTimerTask                             0x08003ca9   Thumb Code    32  timers.o(i.prvTimerTask)
    i.prvUnlockQueue                         0x08003ccc   Section        0  queue.o(i.prvUnlockQueue)
    prvUnlockQueue                           0x08003ccd   Thumb Code   106  queue.o(i.prvUnlockQueue)
    i.pvPortMalloc                           0x08003d38   Section        0  heap_4.o(i.pvPortMalloc)
    i.pxPortInitialiseStack                  0x08003e04   Section        0  port.o(i.pxPortInitialiseStack)
    i.rad2deg                                0x08003e30   Section        0  foc_conversion.o(i.rad2deg)
    i.svpwm_calc_times                       0x08003e40   Section        0  foc_conversion.o(i.svpwm_calc_times)
    i.svpwm_duty_calc                        0x08003f6c   Section        0  foc_conversion.o(i.svpwm_duty_calc)
    i.svpwm_sector_calc                      0x0800404c   Section        0  foc_conversion.o(i.svpwm_sector_calc)
    i.uxListRemove                           0x080040d4   Section        0  list.o(i.uxListRemove)
    i.uxTaskGetNumberOfTasks                 0x080040fc   Section        0  tasks.o(i.uxTaskGetNumberOfTasks)
    i.vApplicationMallocFailedHook           0x08004108   Section        0  main.o(i.vApplicationMallocFailedHook)
    i.vApplicationStackOverflowHook          0x0800412c   Section        0  main.o(i.vApplicationStackOverflowHook)
    i.vDebugProcessTask                      0x08004158   Section        0  foc_debug.o(i.vDebugProcessTask)
    i.vFOCControlTask                        0x08004164   Section        0  foc_control.o(i.vFOCControlTask)
    i.vGatherProcessTask                     0x0800423c   Section        0  foc_gather.o(i.vGatherProcessTask)
    i.vLEDProcessTask                        0x08004264   Section        0  led.o(i.vLEDProcessTask)
    i.vListInitialise                        0x08004290   Section        0  list.o(i.vListInitialise)
    i.vListInitialiseItem                    0x080042a6   Section        0  list.o(i.vListInitialiseItem)
    i.vListInsert                            0x080042ac   Section        0  list.o(i.vListInsert)
    i.vPortEnterCritical                     0x080042dc   Section        0  port.o(i.vPortEnterCritical)
    i.vPortExitCritical                      0x0800431c   Section        0  port.o(i.vPortExitCritical)
    i.vPortFree                              0x08004344   Section        0  heap_4.o(i.vPortFree)
    i.vPortSetupTimerInterrupt               0x080043a8   Section        0  port.o(i.vPortSetupTimerInterrupt)
    i.vPortValidateInterruptPriority         0x080043cc   Section        0  port.o(i.vPortValidateInterruptPriority)
    i.vQueueAddToRegistry                    0x08004420   Section        0  queue.o(i.vQueueAddToRegistry)
    i.vQueueWaitForMessageRestricted         0x08004470   Section        0  queue.o(i.vQueueWaitForMessageRestricted)
    i.vTaskDelay                             0x080044b4   Section        0  tasks.o(i.vTaskDelay)
    i.vTaskInternalSetTimeOutState           0x08004500   Section        0  tasks.o(i.vTaskInternalSetTimeOutState)
    i.vTaskMissedYield                       0x08004510   Section        0  tasks.o(i.vTaskMissedYield)
    i.vTaskPlaceOnEventList                  0x0800451c   Section        0  tasks.o(i.vTaskPlaceOnEventList)
    i.vTaskPlaceOnEventListRestricted        0x0800454c   Section        0  tasks.o(i.vTaskPlaceOnEventListRestricted)
    i.vTaskStartScheduler                    0x0800459c   Section        0  tasks.o(i.vTaskStartScheduler)
    i.vTaskSuspendAll                        0x0800460c   Section        0  tasks.o(i.vTaskSuspendAll)
    i.vTaskSwitchContext                     0x0800461c   Section        0  tasks.o(i.vTaskSwitchContext)
    i.xPortStartScheduler                    0x080046a4   Section        0  port.o(i.xPortStartScheduler)
    i.xQueueGenericCreate                    0x08004798   Section        0  queue.o(i.xQueueGenericCreate)
    i.xQueueGenericReset                     0x080047f8   Section        0  queue.o(i.xQueueGenericReset)
    i.xQueueGenericSend                      0x080048a8   Section        0  queue.o(i.xQueueGenericSend)
    i.xQueueGiveFromISR                      0x08004a08   Section        0  queue.o(i.xQueueGiveFromISR)
    i.xQueueReceive                          0x08004ac4   Section        0  queue.o(i.xQueueReceive)
    i.xTaskCheckForTimeOut                   0x08004bfc   Section        0  tasks.o(i.xTaskCheckForTimeOut)
    i.xTaskCreate                            0x08004c78   Section        0  tasks.o(i.xTaskCreate)
    i.xTaskDelayUntil                        0x08004cd4   Section        0  tasks.o(i.xTaskDelayUntil)
    i.xTaskGetSchedulerState                 0x08004d68   Section        0  tasks.o(i.xTaskGetSchedulerState)
    i.xTaskGetTickCount                      0x08004d84   Section        0  tasks.o(i.xTaskGetTickCount)
    i.xTaskIncrementTick                     0x08004d90   Section        0  tasks.o(i.xTaskIncrementTick)
    i.xTaskPriorityDisinherit                0x08004ec8   Section        0  tasks.o(i.xTaskPriorityDisinherit)
    i.xTaskRemoveFromEventList               0x08004f80   Section        0  tasks.o(i.xTaskRemoveFromEventList)
    i.xTaskResumeAll                         0x0800505c   Section        0  tasks.o(i.xTaskResumeAll)
    i.xTimerCreateTimerTask                  0x08005188   Section        0  timers.o(i.xTimerCreateTimerTask)
    .constdata                               0x080051d0   Section     2052  arm_common_tables.o(.constdata)
    .constdata                               0x080059d4   Section       32  rredf.o(.constdata)
    twooverpi                                0x080059d4   Data          32  rredf.o(.constdata)
    .data                                    0x20000000   Section       20  system_stm32f4xx.o(.data)
    .data                                    0x20000014   Section       16  stm32f4xx_rcc.o(.data)
    APBAHBPrescTable                         0x20000014   Data          16  stm32f4xx_rcc.o(.data)
    .data                                    0x20000024   Section        4  bsp_uart.o(.data)
    uart_tx_semaphore                        0x20000024   Data           4  bsp_uart.o(.data)
    .data                                    0x20000028   Section       28  bsp_adc.o(.data)
    adc1_offset                              0x20000030   Data           6  bsp_adc.o(.data)
    adc_calib                                0x20000038   Data          12  bsp_adc.o(.data)
    .data                                    0x20000044   Section        4  foc_init.o(.data)
    .data                                    0x20000048   Section        1  foc_sensorless.o(.data)
    filt_inited                              0x20000048   Data           1  foc_sensorless.o(.data)
    .data                                    0x2000004c   Section       28  heap_4.o(.data)
    pxEnd                                    0x2000004c   Data           4  heap_4.o(.data)
    xFreeBytesRemaining                      0x20000050   Data           4  heap_4.o(.data)
    xMinimumEverFreeBytesRemaining           0x20000054   Data           4  heap_4.o(.data)
    xNumberOfSuccessfulAllocations           0x20000058   Data           4  heap_4.o(.data)
    xNumberOfSuccessfulFrees                 0x2000005c   Data           4  heap_4.o(.data)
    xStart                                   0x20000060   Data           8  heap_4.o(.data)
    .data                                    0x20000068   Section       12  port.o(.data)
    ucMaxSysCallPriority                     0x20000068   Data           1  port.o(.data)
    uxCriticalNesting                        0x2000006c   Data           4  port.o(.data)
    ulMaxPRIGROUPValue                       0x20000070   Data           4  port.o(.data)
    .data                                    0x20000074   Section       64  tasks.o(.data)
    uxDeletedTasksWaitingCleanUp             0x20000078   Data           4  tasks.o(.data)
    uxCurrentNumberOfTasks                   0x2000007c   Data           4  tasks.o(.data)
    xTickCount                               0x20000080   Data           4  tasks.o(.data)
    uxTopReadyPriority                       0x20000084   Data           4  tasks.o(.data)
    xSchedulerRunning                        0x20000088   Data           4  tasks.o(.data)
    xPendedTicks                             0x2000008c   Data           4  tasks.o(.data)
    xYieldPending                            0x20000090   Data           4  tasks.o(.data)
    xNumOfOverflows                          0x20000094   Data           4  tasks.o(.data)
    uxTaskNumber                             0x20000098   Data           4  tasks.o(.data)
    xNextTaskUnblockTime                     0x2000009c   Data           4  tasks.o(.data)
    xIdleTaskHandle                          0x200000a0   Data           4  tasks.o(.data)
    uxSchedulerSuspended                     0x200000a8   Data           4  tasks.o(.data)
    pxDelayedTaskList                        0x200000ac   Data           4  tasks.o(.data)
    pxOverflowDelayedTaskList                0x200000b0   Data           4  tasks.o(.data)
    .data                                    0x200000b4   Section       20  timers.o(.data)
    xTimerQueue                              0x200000b4   Data           4  timers.o(.data)
    xTimerTaskHandle                         0x200000b8   Data           4  timers.o(.data)
    xLastTime                                0x200000bc   Data           4  timers.o(.data)
    pxCurrentTimerList                       0x200000c0   Data           4  timers.o(.data)
    pxOverflowTimerList                      0x200000c4   Data           4  timers.o(.data)
    .data                                    0x200000c8   Section        4  errno.o(.data)
    _errno                                   0x200000c8   Data           4  errno.o(.data)
    .bss                                     0x200000cc   Section     2304  bsp_uart.o(.bss)
    d_buffer                                 0x200000cc   Data         256  bsp_uart.o(.bss)
    dma_tx_buffer                            0x200001cc   Data        2048  bsp_uart.o(.bss)
    .bss                                     0x200009cc   Section       60  bsp_adc.o(.bss)
    adc_dma_buffer                           0x200009f8   Data          16  bsp_adc.o(.bss)
    .bss                                     0x20000a08   Section       56  foc_conversion.o(.bss)
    .bss                                     0x20000a40   Section       20  foc_conversion.o(.bss)
    .bss                                     0x20000a54   Section       24  foc_conversion.o(.bss)
    .bss                                     0x20000a6c   Section      128  foc_conversion.o(.bss)
    .bss                                     0x20000aec   Section       68  foc_encoder.o(.bss)
    g_pll                                    0x20000aec   Data          24  foc_encoder.o(.bss)
    omega_flux_filt                          0x20000b04   Data          44  foc_encoder.o(.bss)
    .bss                                     0x20000b30   Section       16  foc_encoder.o(.bss)
    .bss                                     0x20000b40   Section      156  foc_sensorless.o(.bss)
    omega_flux_filt                          0x20000b40   Data          44  foc_sensorless.o(.bss)
    .bss                                     0x20000bdc   Section       40  foc_sensorless.o(.bss)
    .bss                                     0x20000c04   Section    26624  heap_4.o(.bss)
    ucHeap                                   0x20000c04   Data       26624  heap_4.o(.bss)
    .bss                                     0x20007404   Section       64  queue.o(.bss)
    .bss                                     0x20007444   Section      200  tasks.o(.bss)
    pxReadyTasksLists                        0x20007444   Data         100  tasks.o(.bss)
    xDelayedTaskList1                        0x200074a8   Data          20  tasks.o(.bss)
    xDelayedTaskList2                        0x200074bc   Data          20  tasks.o(.bss)
    xPendingReadyList                        0x200074d0   Data          20  tasks.o(.bss)
    xTasksWaitingTermination                 0x200074e4   Data          20  tasks.o(.bss)
    xSuspendedTaskList                       0x200074f8   Data          20  tasks.o(.bss)
    .bss                                     0x2000750c   Section       40  timers.o(.bss)
    xActiveTimerList1                        0x2000750c   Data          20  timers.o(.bss)
    xActiveTimerList2                        0x20007520   Data          20  timers.o(.bss)
    STACK                                    0x20007538   Section     1024  startup_stm32f40_41xxx.o(STACK)

    Global Symbols

    Symbol Name                              Value     Ov Type        Size  Object(Section)

    BuildAttributes$$THM_ISAv4$E$P$D$K$B$S$7EM$VFPi3$EXTD16$VFPS$VFMA$PE$A:L22UL41UL21$X:L11$S22US41US21$IEEE1$IW$USESV6$~STKCKD$USESV7$~SHL$OTIME$ROPI$IEEEX$EBA8$MICROLIB$REQ8$PRES8$EABIv2 0x00000000   Number         0  anon$$obj.o ABSOLUTE
    __ARM_use_no_argv                        0x00000000   Number         0  main.o ABSOLUTE
    __cpp_initialize__aeabi_                  - Undefined Weak Reference
    __cxa_finalize                            - Undefined Weak Reference
    __decompress                              - Undefined Weak Reference
    _clock_init                               - Undefined Weak Reference
    _microlib_exit                            - Undefined Weak Reference
    __Vectors_Size                           0x00000188   Number         0  startup_stm32f40_41xxx.o ABSOLUTE
    __Vectors                                0x08000000   Data           4  startup_stm32f40_41xxx.o(RESET)
    __Vectors_End                            0x08000188   Data           0  startup_stm32f40_41xxx.o(RESET)
    __main                                   0x08000189   Thumb Code     0  entry.o(.ARM.Collect$$$$00000000)
    _main_stk                                0x08000189   Thumb Code     0  entry2.o(.ARM.Collect$$$$00000001)
    _main_scatterload                        0x0800018d   Thumb Code     0  entry5.o(.ARM.Collect$$$$00000004)
    __main_after_scatterload                 0x08000191   Thumb Code     0  entry5.o(.ARM.Collect$$$$00000004)
    _main_clock                              0x08000191   Thumb Code     0  entry7b.o(.ARM.Collect$$$$00000008)
    _main_cpp_init                           0x08000191   Thumb Code     0  entry8b.o(.ARM.Collect$$$$0000000A)
    _main_init                               0x08000191   Thumb Code     0  entry9a.o(.ARM.Collect$$$$0000000B)
    __rt_final_cpp                           0x08000199   Thumb Code     0  entry10a.o(.ARM.Collect$$$$0000000D)
    __rt_final_exit                          0x08000199   Thumb Code     0  entry11a.o(.ARM.Collect$$$$0000000F)
    SVC_Handler                              0x0800019d   Thumb Code    28  port.o(.emb_text)
    __asm___6_port_c_39a90d8d__prvStartFirstTask 0x080001bd   Thumb Code    36  port.o(.emb_text)
    __asm___6_port_c_39a90d8d__prvEnableVFP  0x080001e5   Thumb Code    16  port.o(.emb_text)
    PendSV_Handler                           0x080001f9   Thumb Code    88  port.o(.emb_text)
    vPortGetIPSR                             0x08000255   Thumb Code     6  port.o(.emb_text)
    Reset_Handler                            0x0800025d   Thumb Code     8  startup_stm32f40_41xxx.o(.text)
    CAN1_RX0_IRQHandler                      0x08000277   Thumb Code     0  startup_stm32f40_41xxx.o(.text)
    CAN1_RX1_IRQHandler                      0x08000277   Thumb Code     0  startup_stm32f40_41xxx.o(.text)
    CAN1_SCE_IRQHandler                      0x08000277   Thumb Code     0  startup_stm32f40_41xxx.o(.text)
    CAN1_TX_IRQHandler                       0x08000277   Thumb Code     0  startup_stm32f40_41xxx.o(.text)
    CAN2_RX0_IRQHandler                      0x08000277   Thumb Code     0  startup_stm32f40_41xxx.o(.text)
    CAN2_RX1_IRQHandler                      0x08000277   Thumb Code     0  startup_stm32f40_41xxx.o(.text)
    CAN2_SCE_IRQHandler                      0x08000277   Thumb Code     0  startup_stm32f40_41xxx.o(.text)
    CAN2_TX_IRQHandler                       0x08000277   Thumb Code     0  startup_stm32f40_41xxx.o(.text)
    CRYP_IRQHandler                          0x08000277   Thumb Code     0  startup_stm32f40_41xxx.o(.text)
    DCMI_IRQHandler                          0x08000277   Thumb Code     0  startup_stm32f40_41xxx.o(.text)
    DMA1_Stream0_IRQHandler                  0x08000277   Thumb Code     0  startup_stm32f40_41xxx.o(.text)
    DMA1_Stream1_IRQHandler                  0x08000277   Thumb Code     0  startup_stm32f40_41xxx.o(.text)
    DMA1_Stream2_IRQHandler                  0x08000277   Thumb Code     0  startup_stm32f40_41xxx.o(.text)
    DMA1_Stream4_IRQHandler                  0x08000277   Thumb Code     0  startup_stm32f40_41xxx.o(.text)
    DMA1_Stream5_IRQHandler                  0x08000277   Thumb Code     0  startup_stm32f40_41xxx.o(.text)
    DMA1_Stream6_IRQHandler                  0x08000277   Thumb Code     0  startup_stm32f40_41xxx.o(.text)
    DMA1_Stream7_IRQHandler                  0x08000277   Thumb Code     0  startup_stm32f40_41xxx.o(.text)
    DMA2_Stream1_IRQHandler                  0x08000277   Thumb Code     0  startup_stm32f40_41xxx.o(.text)
    DMA2_Stream2_IRQHandler                  0x08000277   Thumb Code     0  startup_stm32f40_41xxx.o(.text)
    DMA2_Stream3_IRQHandler                  0x08000277   Thumb Code     0  startup_stm32f40_41xxx.o(.text)
    DMA2_Stream4_IRQHandler                  0x08000277   Thumb Code     0  startup_stm32f40_41xxx.o(.text)
    DMA2_Stream5_IRQHandler                  0x08000277   Thumb Code     0  startup_stm32f40_41xxx.o(.text)
    DMA2_Stream6_IRQHandler                  0x08000277   Thumb Code     0  startup_stm32f40_41xxx.o(.text)
    DMA2_Stream7_IRQHandler                  0x08000277   Thumb Code     0  startup_stm32f40_41xxx.o(.text)
    ETH_IRQHandler                           0x08000277   Thumb Code     0  startup_stm32f40_41xxx.o(.text)
    ETH_WKUP_IRQHandler                      0x08000277   Thumb Code     0  startup_stm32f40_41xxx.o(.text)
    EXTI0_IRQHandler                         0x08000277   Thumb Code     0  startup_stm32f40_41xxx.o(.text)
    EXTI15_10_IRQHandler                     0x08000277   Thumb Code     0  startup_stm32f40_41xxx.o(.text)
    EXTI1_IRQHandler                         0x08000277   Thumb Code     0  startup_stm32f40_41xxx.o(.text)
    EXTI2_IRQHandler                         0x08000277   Thumb Code     0  startup_stm32f40_41xxx.o(.text)
    EXTI3_IRQHandler                         0x08000277   Thumb Code     0  startup_stm32f40_41xxx.o(.text)
    EXTI4_IRQHandler                         0x08000277   Thumb Code     0  startup_stm32f40_41xxx.o(.text)
    EXTI9_5_IRQHandler                       0x08000277   Thumb Code     0  startup_stm32f40_41xxx.o(.text)
    FLASH_IRQHandler                         0x08000277   Thumb Code     0  startup_stm32f40_41xxx.o(.text)
    FPU_IRQHandler                           0x08000277   Thumb Code     0  startup_stm32f40_41xxx.o(.text)
    FSMC_IRQHandler                          0x08000277   Thumb Code     0  startup_stm32f40_41xxx.o(.text)
    HASH_RNG_IRQHandler                      0x08000277   Thumb Code     0  startup_stm32f40_41xxx.o(.text)
    I2C1_ER_IRQHandler                       0x08000277   Thumb Code     0  startup_stm32f40_41xxx.o(.text)
    I2C1_EV_IRQHandler                       0x08000277   Thumb Code     0  startup_stm32f40_41xxx.o(.text)
    I2C2_ER_IRQHandler                       0x08000277   Thumb Code     0  startup_stm32f40_41xxx.o(.text)
    I2C2_EV_IRQHandler                       0x08000277   Thumb Code     0  startup_stm32f40_41xxx.o(.text)
    I2C3_ER_IRQHandler                       0x08000277   Thumb Code     0  startup_stm32f40_41xxx.o(.text)
    I2C3_EV_IRQHandler                       0x08000277   Thumb Code     0  startup_stm32f40_41xxx.o(.text)
    OTG_FS_IRQHandler                        0x08000277   Thumb Code     0  startup_stm32f40_41xxx.o(.text)
    OTG_FS_WKUP_IRQHandler                   0x08000277   Thumb Code     0  startup_stm32f40_41xxx.o(.text)
    OTG_HS_EP1_IN_IRQHandler                 0x08000277   Thumb Code     0  startup_stm32f40_41xxx.o(.text)
    OTG_HS_EP1_OUT_IRQHandler                0x08000277   Thumb Code     0  startup_stm32f40_41xxx.o(.text)
    OTG_HS_IRQHandler                        0x08000277   Thumb Code     0  startup_stm32f40_41xxx.o(.text)
    OTG_HS_WKUP_IRQHandler                   0x08000277   Thumb Code     0  startup_stm32f40_41xxx.o(.text)
    PVD_IRQHandler                           0x08000277   Thumb Code     0  startup_stm32f40_41xxx.o(.text)
    RCC_IRQHandler                           0x08000277   Thumb Code     0  startup_stm32f40_41xxx.o(.text)
    RTC_Alarm_IRQHandler                     0x08000277   Thumb Code     0  startup_stm32f40_41xxx.o(.text)
    RTC_WKUP_IRQHandler                      0x08000277   Thumb Code     0  startup_stm32f40_41xxx.o(.text)
    SDIO_IRQHandler                          0x08000277   Thumb Code     0  startup_stm32f40_41xxx.o(.text)
    SPI1_IRQHandler                          0x08000277   Thumb Code     0  startup_stm32f40_41xxx.o(.text)
    SPI2_IRQHandler                          0x08000277   Thumb Code     0  startup_stm32f40_41xxx.o(.text)
    SPI3_IRQHandler                          0x08000277   Thumb Code     0  startup_stm32f40_41xxx.o(.text)
    TAMP_STAMP_IRQHandler                    0x08000277   Thumb Code     0  startup_stm32f40_41xxx.o(.text)
    TIM1_BRK_TIM9_IRQHandler                 0x08000277   Thumb Code     0  startup_stm32f40_41xxx.o(.text)
    TIM1_CC_IRQHandler                       0x08000277   Thumb Code     0  startup_stm32f40_41xxx.o(.text)
    TIM1_TRG_COM_TIM11_IRQHandler            0x08000277   Thumb Code     0  startup_stm32f40_41xxx.o(.text)
    TIM1_UP_TIM10_IRQHandler                 0x08000277   Thumb Code     0  startup_stm32f40_41xxx.o(.text)
    TIM3_IRQHandler                          0x08000277   Thumb Code     0  startup_stm32f40_41xxx.o(.text)
    TIM4_IRQHandler                          0x08000277   Thumb Code     0  startup_stm32f40_41xxx.o(.text)
    TIM5_IRQHandler                          0x08000277   Thumb Code     0  startup_stm32f40_41xxx.o(.text)
    TIM6_DAC_IRQHandler                      0x08000277   Thumb Code     0  startup_stm32f40_41xxx.o(.text)
    TIM7_IRQHandler                          0x08000277   Thumb Code     0  startup_stm32f40_41xxx.o(.text)
    TIM8_BRK_TIM12_IRQHandler                0x08000277   Thumb Code     0  startup_stm32f40_41xxx.o(.text)
    TIM8_CC_IRQHandler                       0x08000277   Thumb Code     0  startup_stm32f40_41xxx.o(.text)
    TIM8_TRG_COM_TIM14_IRQHandler            0x08000277   Thumb Code     0  startup_stm32f40_41xxx.o(.text)
    TIM8_UP_TIM13_IRQHandler                 0x08000277   Thumb Code     0  startup_stm32f40_41xxx.o(.text)
    UART4_IRQHandler                         0x08000277   Thumb Code     0  startup_stm32f40_41xxx.o(.text)
    UART5_IRQHandler                         0x08000277   Thumb Code     0  startup_stm32f40_41xxx.o(.text)
    USART1_IRQHandler                        0x08000277   Thumb Code     0  startup_stm32f40_41xxx.o(.text)
    USART2_IRQHandler                        0x08000277   Thumb Code     0  startup_stm32f40_41xxx.o(.text)
    USART3_IRQHandler                        0x08000277   Thumb Code     0  startup_stm32f40_41xxx.o(.text)
    USART6_IRQHandler                        0x08000277   Thumb Code     0  startup_stm32f40_41xxx.o(.text)
    WWDG_IRQHandler                          0x08000277   Thumb Code     0  startup_stm32f40_41xxx.o(.text)
    arm_mult_f32                             0x08000281   Thumb Code   210  arm_mult_f32.o(.text)
    arm_sin_cos_f32                          0x08000355   Thumb Code   242  arm_sin_cos_f32.o(.text)
    __aeabi_memcpy                           0x08000459   Thumb Code    36  memcpya.o(.text)
    __aeabi_memcpy4                          0x08000459   Thumb Code     0  memcpya.o(.text)
    __aeabi_memcpy8                          0x08000459   Thumb Code     0  memcpya.o(.text)
    __aeabi_memset                           0x0800047d   Thumb Code    14  memseta.o(.text)
    __aeabi_memset4                          0x0800047d   Thumb Code     0  memseta.o(.text)
    __aeabi_memset8                          0x0800047d   Thumb Code     0  memseta.o(.text)
    __aeabi_memclr                           0x0800048b   Thumb Code     4  memseta.o(.text)
    __aeabi_memclr4                          0x0800048b   Thumb Code     0  memseta.o(.text)
    __aeabi_memclr8                          0x0800048b   Thumb Code     0  memseta.o(.text)
    memset                                   0x0800048f   Thumb Code    18  memseta.o(.text)
    __aeabi_f2d                              0x080004a1   Thumb Code    38  f2d.o(.text)
    __aeabi_uidiv                            0x080004c7   Thumb Code     0  uidiv.o(.text)
    __aeabi_uidivmod                         0x080004c7   Thumb Code    44  uidiv.o(.text)
    __aeabi_uldivmod                         0x080004f3   Thumb Code    98  uldiv.o(.text)
    __I$use$fp                               0x08000555   Thumb Code     0  iusefp.o(.text)
    _frem                                    0x08000555   Thumb Code    82  frem.o(.text)
    __aeabi_dadd                             0x080005a7   Thumb Code   322  dadd.o(.text)
    __aeabi_dsub                             0x080006e9   Thumb Code     6  dadd.o(.text)
    __aeabi_drsub                            0x080006ef   Thumb Code     6  dadd.o(.text)
    __aeabi_dmul                             0x080006f5   Thumb Code   228  dmul.o(.text)
    __aeabi_ddiv                             0x080007d9   Thumb Code   222  ddiv.o(.text)
    __aeabi_d2ulz                            0x080008b7   Thumb Code    48  dfixul.o(.text)
    __aeabi_cdrcmple                         0x080008e9   Thumb Code    48  cdrcmple.o(.text)
    __scatterload                            0x08000919   Thumb Code    28  init.o(.text)
    __scatterload_rt2                        0x08000919   Thumb Code     0  init.o(.text)
    __aeabi_llsl                             0x0800093d   Thumb Code    30  llshl.o(.text)
    _ll_shift_l                              0x0800093d   Thumb Code     0  llshl.o(.text)
    __aeabi_llsr                             0x0800095b   Thumb Code    32  llushr.o(.text)
    _ll_ushift_r                             0x0800095b   Thumb Code     0  llushr.o(.text)
    __aeabi_lasr                             0x0800097b   Thumb Code    36  llsshr.o(.text)
    _ll_sshift_r                             0x0800097b   Thumb Code     0  llsshr.o(.text)
    _float_round                             0x0800099f   Thumb Code    18  fepilogue.o(.text)
    _float_epilogue                          0x080009b1   Thumb Code    92  fepilogue.o(.text)
    _double_round                            0x08000a0d   Thumb Code    30  depilogue.o(.text)
    _double_epilogue                         0x08000a2b   Thumb Code   156  depilogue.o(.text)
    ADC_ClearFlag                            0x08000ac7   Thumb Code     6  stm32f4xx_adc.o(i.ADC_ClearFlag)
    ADC_ClearITPendingBit                    0x08000acd   Thumb Code     8  stm32f4xx_adc.o(i.ADC_ClearITPendingBit)
    ADC_Cmd                                  0x08000ad5   Thumb Code    20  stm32f4xx_adc.o(i.ADC_Cmd)
    ADC_CommonInit                           0x08000ae9   Thumb Code    34  stm32f4xx_adc.o(i.ADC_CommonInit)
    ADC_DMACmd                               0x08000b15   Thumb Code    20  stm32f4xx_adc.o(i.ADC_DMACmd)
    ADC_ExternalTrigInjectedConvConfig       0x08000b29   Thumb Code    12  stm32f4xx_adc.o(i.ADC_ExternalTrigInjectedConvConfig)
    ADC_ExternalTrigInjectedConvEdgeConfig   0x08000b35   Thumb Code    12  stm32f4xx_adc.o(i.ADC_ExternalTrigInjectedConvEdgeConfig)
    ADC_GetFlagStatus                        0x08000b41   Thumb Code    14  stm32f4xx_adc.o(i.ADC_GetFlagStatus)
    ADC_GetITStatus                          0x08000b4f   Thumb Code    30  stm32f4xx_adc.o(i.ADC_GetITStatus)
    ADC_GetInjectedConversionValue           0x08000b6d   Thumb Code    14  stm32f4xx_adc.o(i.ADC_GetInjectedConversionValue)
    ADC_IRQHandler                           0x08000b7d   Thumb Code   184  bsp_adc.o(i.ADC_IRQHandler)
    ADC_ITConfig                             0x08000c41   Thumb Code    18  stm32f4xx_adc.o(i.ADC_ITConfig)
    ADC_Init                                 0x08000c55   Thumb Code    66  stm32f4xx_adc.o(i.ADC_Init)
    ADC_InjectedChannelConfig                0x08000ca1   Thumb Code    74  stm32f4xx_adc.o(i.ADC_InjectedChannelConfig)
    ADC_InjectedSequencerLengthConfig        0x08000ceb   Thumb Code    16  stm32f4xx_adc.o(i.ADC_InjectedSequencerLengthConfig)
    ADC_RegularChannelConfig                 0x08000cfb   Thumb Code   116  stm32f4xx_adc.o(i.ADC_RegularChannelConfig)
    ADC_SoftwareStartConv                    0x08000d6f   Thumb Code    10  stm32f4xx_adc.o(i.ADC_SoftwareStartConv)
    ADC_SoftwareStartInjectedConv            0x08000d79   Thumb Code    10  stm32f4xx_adc.o(i.ADC_SoftwareStartInjectedConv)
    BusFault_Handler                         0x08000d83   Thumb Code     2  stm32f4xx_it.o(i.BusFault_Handler)
    DMA1_Stream3_IRQHandler                  0x08000d85   Thumb Code    72  bsp_uart.o(i.DMA1_Stream3_IRQHandler)
    DMA2_Stream0_IRQHandler                  0x08000ddd   Thumb Code   104  bsp_adc.o(i.DMA2_Stream0_IRQHandler)
    DMA_ClearFlag                            0x08000e59   Thumb Code    32  stm32f4xx_dma.o(i.DMA_ClearFlag)
    DMA_ClearITPendingBit                    0x08000e85   Thumb Code    32  stm32f4xx_dma.o(i.DMA_ClearITPendingBit)
    DMA_Cmd                                  0x08000eb1   Thumb Code    20  stm32f4xx_dma.o(i.DMA_Cmd)
    DMA_DeInit                               0x08000ec5   Thumb Code   272  stm32f4xx_dma.o(i.DMA_DeInit)
    DMA_GetITStatus                          0x08000fe9   Thumb Code    68  stm32f4xx_dma.o(i.DMA_GetITStatus)
    DMA_ITConfig                             0x0800103d   Thumb Code    44  stm32f4xx_dma.o(i.DMA_ITConfig)
    DMA_Init                                 0x08001069   Thumb Code    80  stm32f4xx_dma.o(i.DMA_Init)
    DebugMon_Handler                         0x080010bd   Thumb Code     2  stm32f4xx_it.o(i.DebugMon_Handler)
    Debug_task_create                        0x080010c1   Thumb Code    42  foc_init.o(i.Debug_task_create)
    FOC_Control_task_create                  0x0800111d   Thumb Code    42  foc_init.o(i.FOC_Control_task_create)
    GPIO_Init                                0x0800117d   Thumb Code   162  stm32f4xx_gpio.o(i.GPIO_Init)
    GPIO_PinAFConfig                         0x0800121f   Thumb Code    32  stm32f4xx_gpio.o(i.GPIO_PinAFConfig)
    GPIO_ResetBits                           0x0800123f   Thumb Code     6  stm32f4xx_gpio.o(i.GPIO_ResetBits)
    GPIO_SetBits                             0x08001245   Thumb Code     4  stm32f4xx_gpio.o(i.GPIO_SetBits)
    Gather_task_create                       0x08001249   Thumb Code    44  foc_init.o(i.Gather_task_create)
    HardFault_Handler                        0x080012a5   Thumb Code     2  stm32f4xx_it.o(i.HardFault_Handler)
    LED_task_create                          0x080012a9   Thumb Code    42  foc_init.o(i.LED_task_create)
    MemManage_Handler                        0x080012fd   Thumb Code     2  stm32f4xx_it.o(i.MemManage_Handler)
    NMI_Handler                              0x080012ff   Thumb Code     2  stm32f4xx_it.o(i.NMI_Handler)
    NVIC_Init                                0x08001301   Thumb Code    96  misc.o(i.NVIC_Init)
    RCC_AHB1PeriphClockCmd                   0x08001365   Thumb Code    18  stm32f4xx_rcc.o(i.RCC_AHB1PeriphClockCmd)
    RCC_APB1PeriphClockCmd                   0x0800137d   Thumb Code    18  stm32f4xx_rcc.o(i.RCC_APB1PeriphClockCmd)
    RCC_APB2PeriphClockCmd                   0x08001395   Thumb Code    18  stm32f4xx_rcc.o(i.RCC_APB2PeriphClockCmd)
    RCC_GetClocksFreq                        0x080013ad   Thumb Code   132  stm32f4xx_rcc.o(i.RCC_GetClocksFreq)
    SysTick_Handler                          0x080014f1   Thumb Code    38  port.o(i.SysTick_Handler)
    SystemInit                               0x0800151d   Thumb Code    74  system_stm32f4xx.o(i.SystemInit)
    TIM2_IRQHandler                          0x08001579   Thumb Code    30  bsp_timer.o(i.TIM2_IRQHandler)
    TIM_ClearITPendingBit                    0x08001597   Thumb Code     6  stm32f4xx_tim.o(i.TIM_ClearITPendingBit)
    TIM_Cmd                                  0x0800159d   Thumb Code    20  stm32f4xx_tim.o(i.TIM_Cmd)
    TIM_CtrlPWMOutputs                       0x080015b1   Thumb Code    22  stm32f4xx_tim.o(i.TIM_CtrlPWMOutputs)
    TIM_GetITStatus                          0x080015c7   Thumb Code    24  stm32f4xx_tim.o(i.TIM_GetITStatus)
    TIM_ITConfig                             0x080015df   Thumb Code    16  stm32f4xx_tim.o(i.TIM_ITConfig)
    TIM_OC1Init                              0x080015f1   Thumb Code    88  stm32f4xx_tim.o(i.TIM_OC1Init)
    TIM_OC1PreloadConfig                     0x08001651   Thumb Code    12  stm32f4xx_tim.o(i.TIM_OC1PreloadConfig)
    TIM_OC2Init                              0x0800165d   Thumb Code   120  stm32f4xx_tim.o(i.TIM_OC2Init)
    TIM_OC2PreloadConfig                     0x080016dd   Thumb Code    20  stm32f4xx_tim.o(i.TIM_OC2PreloadConfig)
    TIM_OC3Init                              0x080016f1   Thumb Code   116  stm32f4xx_tim.o(i.TIM_OC3Init)
    TIM_OC3PreloadConfig                     0x0800176d   Thumb Code    12  stm32f4xx_tim.o(i.TIM_OC3PreloadConfig)
    TIM_OC4Init                              0x08001779   Thumb Code    88  stm32f4xx_tim.o(i.TIM_OC4Init)
    TIM_OC4PreloadConfig                     0x080017d9   Thumb Code    20  stm32f4xx_tim.o(i.TIM_OC4PreloadConfig)
    TIM_SelectOutputTrigger                  0x080017ed   Thumb Code    16  stm32f4xx_tim.o(i.TIM_SelectOutputTrigger)
    TIM_SetCompare1                          0x080017fd   Thumb Code     4  stm32f4xx_tim.o(i.TIM_SetCompare1)
    TIM_SetCompare2                          0x08001801   Thumb Code     4  stm32f4xx_tim.o(i.TIM_SetCompare2)
    TIM_SetCompare3                          0x08001805   Thumb Code     4  stm32f4xx_tim.o(i.TIM_SetCompare3)
    TIM_TimeBaseInit                         0x08001809   Thumb Code    96  stm32f4xx_tim.o(i.TIM_TimeBaseInit)
    USART_Cmd                                0x08001885   Thumb Code    20  stm32f4xx_usart.o(i.USART_Cmd)
    USART_DMACmd                             0x08001899   Thumb Code    16  stm32f4xx_usart.o(i.USART_DMACmd)
    USART_GetFlagStatus                      0x080018a9   Thumb Code    14  stm32f4xx_usart.o(i.USART_GetFlagStatus)
    USART_Init                               0x080018b9   Thumb Code   164  stm32f4xx_usart.o(i.USART_Init)
    USART_SendData                           0x08001965   Thumb Code     8  stm32f4xx_usart.o(i.USART_SendData)
    UsageFault_Handler                       0x0800196d   Thumb Code     2  stm32f4xx_it.o(i.UsageFault_Handler)
    __0vsnprintf                             0x08001971   Thumb Code    40  printfa.o(i.__0vsnprintf)
    __1vsnprintf                             0x08001971   Thumb Code     0  printfa.o(i.__0vsnprintf)
    __2vsnprintf                             0x08001971   Thumb Code     0  printfa.o(i.__0vsnprintf)
    __c89vsnprintf                           0x08001971   Thumb Code     0  printfa.o(i.__0vsnprintf)
    vsnprintf                                0x08001971   Thumb Code     0  printfa.o(i.__0vsnprintf)
    __ARM_fpclassifyf                        0x0800199d   Thumb Code    38  fpclassifyf.o(i.__ARM_fpclassifyf)
    __hardfp_fmodf                           0x080019c3   Thumb Code   176  fmodf.o(i.__hardfp_fmodf)
    __hardfp_sqrtf                           0x08001a73   Thumb Code    58  sqrtf_full.o(i.__hardfp_sqrtf)
    __hardfp_tanf                            0x08001aad   Thumb Code   322  tanf.o(i.__hardfp_tanf)
    __mathlib_flt_infnan                     0x08001c29   Thumb Code     6  funder.o(i.__mathlib_flt_infnan)
    __mathlib_flt_invalid                    0x08001c31   Thumb Code    10  funder.o(i.__mathlib_flt_invalid)
    __mathlib_flt_underflow                  0x08001c41   Thumb Code    10  funder.o(i.__mathlib_flt_underflow)
    __mathlib_rredf2                         0x08001c51   Thumb Code   316  rredf.o(i.__mathlib_rredf2)
    __scatterload_copy                       0x08001da5   Thumb Code    14  handlers.o(i.__scatterload_copy)
    __scatterload_null                       0x08001db3   Thumb Code     2  handlers.o(i.__scatterload_null)
    __scatterload_zeroinit                   0x08001db5   Thumb Code    14  handlers.o(i.__scatterload_zeroinit)
    __set_errno                              0x08001dc5   Thumb Code     6  errno.o(i.__set_errno)
    angle_normalize                          0x08002699   Thumb Code    38  foc_conversion.o(i.angle_normalize)
    angle_normalize_360                      0x080026c5   Thumb Code    40  foc_conversion.o(i.angle_normalize_360)
    angle_normalize_pi                       0x080026f5   Thumb Code    40  foc_conversion.o(i.angle_normalize_pi)
    bsp_adc_current_offset_calibrate         0x08002745   Thumb Code   198  bsp_adc.o(i.bsp_adc_current_offset_calibrate)
    bsp_adc_get_calib_data                   0x08002825   Thumb Code     8  bsp_adc.o(i.bsp_adc_get_calib_data)
    bsp_adc_init                             0x08002831   Thumb Code   442  bsp_adc.o(i.bsp_adc_init)
    bsp_adc_process_data                     0x08002a05   Thumb Code   146  bsp_adc.o(i.bsp_adc_process_data)
    bsp_gpio_init                            0x08002aa1   Thumb Code    44  bsp_gpio.o(i.bsp_gpio_init)
    bsp_hall_gpio_init                       0x08002ad1   Thumb Code    48  bsp_gpio.o(i.bsp_hall_gpio_init)
    bsp_pwm_set_duty                         0x08002b05   Thumb Code    36  bsp_timer.o(i.bsp_pwm_set_duty)
    bsp_pwm_start                            0x08002b2d   Thumb Code    24  bsp_timer.o(i.bsp_pwm_start)
    bsp_pwm_stop                             0x08002b49   Thumb Code    24  bsp_timer.o(i.bsp_pwm_stop)
    bsp_timer_init                           0x08002b65   Thumb Code   340  bsp_timer.o(i.bsp_timer_init)
    bsp_timestamp_init                       0x08002cc5   Thumb Code   100  bsp_timer.o(i.bsp_timestamp_init)
    bsp_uart_dma_init                        0x08002d29   Thumb Code   142  bsp_uart.o(i.bsp_uart_dma_init)
    bsp_uart_init                            0x08002dcd   Thumb Code   180  bsp_uart.o(i.bsp_uart_init)
    bsp_uart_send                            0x08002e8d   Thumb Code    26  bsp_uart.o(i.bsp_uart_send)
    bsp_uart_send_byte                       0x08002ea9   Thumb Code    44  bsp_uart.o(i.bsp_uart_send_byte)
    butterworth_filter                       0x08002ed9   Thumb Code    78  foc_conversion.o(i.butterworth_filter)
    butterworth_init                         0x08002f29   Thumb Code   186  foc_conversion.o(i.butterworth_init)
    clark_transform                          0x08002ff1   Thumb Code    88  foc_conversion.o(i.clark_transform)
    debug_log                                0x08003051   Thumb Code    66  bsp_uart.o(i.debug_log)
    flux_observer_init                       0x08003099   Thumb Code    26  foc_sensorless.o(i.flux_observer_init)
    flux_observer_update                     0x080030b9   Thumb Code   348  foc_sensorless.o(i.flux_observer_update)
    foc_app_init                             0x08003259   Thumb Code    20  foc_init.o(i.foc_app_init)
    foc_bsp_init                             0x08003285   Thumb Code    52  foc_init.o(i.foc_bsp_init)
    foc_control                              0x080032d9   Thumb Code    14  foc_control.o(i.foc_control)
    foc_current_pi_init                      0x0800342d   Thumb Code    38  foc_settings.o(i.foc_current_pi_init)
    foc_encoder_init                         0x08003461   Thumb Code    30  foc_encoder.o(i.foc_encoder_init)
    foc_id_pid_calculate                     0x0800348d   Thumb Code    72  foc_conversion.o(i.foc_id_pid_calculate)
    foc_iq_pid_calculate                     0x080034d9   Thumb Code    72  foc_conversion.o(i.foc_iq_pid_calculate)
    foc_position_pi_init                     0x08003525   Thumb Code    36  foc_settings.o(i.foc_position_pi_init)
    foc_speed_pi_init                        0x08003551   Thumb Code    20  foc_settings.o(i.foc_speed_pi_init)
    foc_task_init                            0x0800356d   Thumb Code    28  foc_init.o(i.foc_task_init)
    inv_park_transform_f32                   0x080035a1   Thumb Code    42  foc_conversion.o(i.inv_park_transform_f32)
    led_init                                 0x080035cd   Thumb Code     8  led.o(i.led_init)
    main                                     0x080035d9   Thumb Code    18  main.o(i.main)
    park_transform                           0x080035eb   Thumb Code    28  foc_conversion.o(i.park_transform)
    pvPortMalloc                             0x08003d39   Thumb Code   200  heap_4.o(i.pvPortMalloc)
    pxPortInitialiseStack                    0x08003e05   Thumb Code    40  port.o(i.pxPortInitialiseStack)
    rad2deg                                  0x08003e31   Thumb Code    10  foc_conversion.o(i.rad2deg)
    svpwm_calc_times                         0x08003e41   Thumb Code   276  foc_conversion.o(i.svpwm_calc_times)
    svpwm_duty_calc                          0x08003f6d   Thumb Code   218  foc_conversion.o(i.svpwm_duty_calc)
    svpwm_sector_calc                        0x0800404d   Thumb Code   124  foc_conversion.o(i.svpwm_sector_calc)
    uxListRemove                             0x080040d5   Thumb Code    38  list.o(i.uxListRemove)
    uxTaskGetNumberOfTasks                   0x080040fd   Thumb Code     6  tasks.o(i.uxTaskGetNumberOfTasks)
    vApplicationMallocFailedHook             0x08004109   Thumb Code     8  main.o(i.vApplicationMallocFailedHook)
    vApplicationStackOverflowHook            0x0800412d   Thumb Code     8  main.o(i.vApplicationStackOverflowHook)
    vDebugProcessTask                        0x08004159   Thumb Code    12  foc_debug.o(i.vDebugProcessTask)
    vFOCControlTask                          0x08004165   Thumb Code   152  foc_control.o(i.vFOCControlTask)
    vGatherProcessTask                       0x0800423d   Thumb Code    36  foc_gather.o(i.vGatherProcessTask)
    vLEDProcessTask                          0x08004265   Thumb Code    38  led.o(i.vLEDProcessTask)
    vListInitialise                          0x08004291   Thumb Code    22  list.o(i.vListInitialise)
    vListInitialiseItem                      0x080042a7   Thumb Code     6  list.o(i.vListInitialiseItem)
    vListInsert                              0x080042ad   Thumb Code    48  list.o(i.vListInsert)
    vPortEnterCritical                       0x080042dd   Thumb Code    54  port.o(i.vPortEnterCritical)
    vPortExitCritical                        0x0800431d   Thumb Code    34  port.o(i.vPortExitCritical)
    vPortFree                                0x08004345   Thumb Code    94  heap_4.o(i.vPortFree)
    vPortSetupTimerInterrupt                 0x080043a9   Thumb Code    32  port.o(i.vPortSetupTimerInterrupt)
    vPortValidateInterruptPriority           0x080043cd   Thumb Code    74  port.o(i.vPortValidateInterruptPriority)
    vQueueAddToRegistry                      0x08004421   Thumb Code    74  queue.o(i.vQueueAddToRegistry)
    vQueueWaitForMessageRestricted           0x08004471   Thumb Code    68  queue.o(i.vQueueWaitForMessageRestricted)
    vTaskDelay                               0x080044b5   Thumb Code    66  tasks.o(i.vTaskDelay)
    vTaskInternalSetTimeOutState             0x08004501   Thumb Code    12  tasks.o(i.vTaskInternalSetTimeOutState)
    vTaskMissedYield                         0x08004511   Thumb Code     8  tasks.o(i.vTaskMissedYield)
    vTaskPlaceOnEventList                    0x0800451d   Thumb Code    44  tasks.o(i.vTaskPlaceOnEventList)
    vTaskPlaceOnEventListRestricted          0x0800454d   Thumb Code    76  tasks.o(i.vTaskPlaceOnEventListRestricted)
    vTaskStartScheduler                      0x0800459d   Thumb Code    94  tasks.o(i.vTaskStartScheduler)
    vTaskSuspendAll                          0x0800460d   Thumb Code    10  tasks.o(i.vTaskSuspendAll)
    vTaskSwitchContext                       0x0800461d   Thumb Code   126  tasks.o(i.vTaskSwitchContext)
    xPortStartScheduler                      0x080046a5   Thumb Code   222  port.o(i.xPortStartScheduler)
    xQueueGenericCreate                      0x08004799   Thumb Code    94  queue.o(i.xQueueGenericCreate)
    xQueueGenericReset                       0x080047f9   Thumb Code   172  queue.o(i.xQueueGenericReset)
    xQueueGenericSend                        0x080048a9   Thumb Code   346  queue.o(i.xQueueGenericSend)
    xQueueGiveFromISR                        0x08004a09   Thumb Code   188  queue.o(i.xQueueGiveFromISR)
    xQueueReceive                            0x08004ac5   Thumb Code   308  queue.o(i.xQueueReceive)
    xTaskCheckForTimeOut                     0x08004bfd   Thumb Code   118  tasks.o(i.xTaskCheckForTimeOut)
    xTaskCreate                              0x08004c79   Thumb Code    92  tasks.o(i.xTaskCreate)
    xTaskDelayUntil                          0x08004cd5   Thumb Code   138  tasks.o(i.xTaskDelayUntil)
    xTaskGetSchedulerState                   0x08004d69   Thumb Code    22  tasks.o(i.xTaskGetSchedulerState)
    xTaskGetTickCount                        0x08004d85   Thumb Code     6  tasks.o(i.xTaskGetTickCount)
    xTaskIncrementTick                       0x08004d91   Thumb Code   304  tasks.o(i.xTaskIncrementTick)
    xTaskPriorityDisinherit                  0x08004ec9   Thumb Code   174  tasks.o(i.xTaskPriorityDisinherit)
    xTaskRemoveFromEventList                 0x08004f81   Thumb Code   210  tasks.o(i.xTaskRemoveFromEventList)
    xTaskResumeAll                           0x0800505d   Thumb Code   286  tasks.o(i.xTaskResumeAll)
    xTimerCreateTimerTask                    0x08005189   Thumb Code    56  timers.o(i.xTimerCreateTimerTask)
    sinTable_f32                             0x080051d0   Data        2052  arm_common_tables.o(.constdata)
    Region$$Table$$Base                      0x080059f4   Number         0  anon$$obj.o(Region$$Table)
    Region$$Table$$Limit                     0x08005a14   Number         0  anon$$obj.o(Region$$Table)
    SystemCoreClock                          0x20000000   Data           4  system_stm32f4xx.o(.data)
    AHBPrescTable                            0x20000004   Data          16  system_stm32f4xx.o(.data)
    adc_data_ready                           0x20000028   Data           1  bsp_adc.o(.data)
    I_tran                                   0x2000002c   Data           4  bsp_adc.o(.data)
    xReturn                                  0x20000044   Data           4  foc_init.o(.data)
    pxCurrentTCB                             0x20000074   Data           4  tasks.o(.data)
    uxTopUsedPriority                        0x200000a4   Data           4  tasks.o(.data)
    foc_raw_data                             0x200009cc   Data          14  bsp_adc.o(.bss)
    foc_datav                                0x200009dc   Data          16  bsp_adc.o(.bss)
    foc_datai                                0x200009ec   Data          12  bsp_adc.o(.bss)
    foc_ctrl                                 0x20000a08   Data          56  foc_conversion.o(.bss)
    svpwm                                    0x20000a40   Data          20  foc_conversion.o(.bss)
    alpha_beta                               0x20000a54   Data          24  foc_conversion.o(.bss)
    iq_pid                                   0x20000a6c   Data          32  foc_conversion.o(.bss)
    id_pid                                   0x20000a8c   Data          32  foc_conversion.o(.bss)
    speed_pid                                0x20000aac   Data          32  foc_conversion.o(.bss)
    position_pid                             0x20000acc   Data          32  foc_conversion.o(.bss)
    hall_data                                0x20000b30   Data          16  foc_encoder.o(.bss)
    SMO_MotorPare                            0x20000b6c   Data          24  foc_sensorless.o(.bss)
    Angle_SMOPare                            0x20000b84   Data          88  foc_sensorless.o(.bss)
    g_flux_obs                               0x20000bdc   Data          40  foc_sensorless.o(.bss)
    xQueueRegistry                           0x20007404   Data          64  queue.o(.bss)
    __initial_sp                             0x20007938   Data           0  startup_stm32f40_41xxx.o(STACK)



==============================================================================

Memory Map of the image

  Image Entry point : 0x08000189

  Load Region LR_IROM1 (Base: 0x08000000, Size: 0x00005ae0, Max: 0x00100000, ABSOLUTE)

    Execution Region ER_IROM1 (Exec base: 0x08000000, Load base: 0x08000000, Size: 0x00005a14, Max: 0x00100000, ABSOLUTE)

    Exec Addr    Load Addr    Size         Type   Attr      Idx    E Section Name        Object

    0x08000000   0x08000000   0x00000188   Data   RO          448    RESET               startup_stm32f40_41xxx.o
    0x08000188   0x08000188   0x00000000   Code   RO         7359  * .ARM.Collect$$$$00000000  mc_w.l(entry.o)
    0x08000188   0x08000188   0x00000004   Code   RO         7419    .ARM.Collect$$$$00000001  mc_w.l(entry2.o)
    0x0800018c   0x0800018c   0x00000004   Code   RO         7422    .ARM.Collect$$$$00000004  mc_w.l(entry5.o)
    0x08000190   0x08000190   0x00000000   Code   RO         7424    .ARM.Collect$$$$00000008  mc_w.l(entry7b.o)
    0x08000190   0x08000190   0x00000000   Code   RO         7426    .ARM.Collect$$$$0000000A  mc_w.l(entry8b.o)
    0x08000190   0x08000190   0x00000008   Code   RO         7427    .ARM.Collect$$$$0000000B  mc_w.l(entry9a.o)
    0x08000198   0x08000198   0x00000000   Code   RO         7429    .ARM.Collect$$$$0000000D  mc_w.l(entry10a.o)
    0x08000198   0x08000198   0x00000000   Code   RO         7431    .ARM.Collect$$$$0000000F  mc_w.l(entry11a.o)
    0x08000198   0x08000198   0x00000004   Code   RO         7420    .ARM.Collect$$$$00002712  mc_w.l(entry2.o)
    0x0800019c   0x0800019c   0x000000be   Code   RO         6004    .emb_text           port.o
    0x0800025a   0x0800025a   0x00000002   PAD
    0x0800025c   0x0800025c   0x00000024   Code   RO          449    .text               startup_stm32f40_41xxx.o
    0x08000280   0x08000280   0x000000d2   Code   RO         7083    .text               arm_cortexM4lf_math.lib(arm_mult_f32.o)
    0x08000352   0x08000352   0x00000002   PAD
    0x08000354   0x08000354   0x00000104   Code   RO         7208    .text               arm_cortexM4lf_math.lib(arm_sin_cos_f32.o)
    0x08000458   0x08000458   0x00000024   Code   RO         7362    .text               mc_w.l(memcpya.o)
    0x0800047c   0x0800047c   0x00000024   Code   RO         7366    .text               mc_w.l(memseta.o)
    0x080004a0   0x080004a0   0x00000026   Code   RO         7398    .text               mf_w.l(f2d.o)
    0x080004c6   0x080004c6   0x0000002c   Code   RO         7436    .text               mc_w.l(uidiv.o)
    0x080004f2   0x080004f2   0x00000062   Code   RO         7438    .text               mc_w.l(uldiv.o)
    0x08000554   0x08000554   0x00000000   Code   RO         7447    .text               mc_w.l(iusefp.o)
    0x08000554   0x08000554   0x00000052   Code   RO         7448    .text               mf_w.l(frem.o)
    0x080005a6   0x080005a6   0x0000014e   Code   RO         7450    .text               mf_w.l(dadd.o)
    0x080006f4   0x080006f4   0x000000e4   Code   RO         7452    .text               mf_w.l(dmul.o)
    0x080007d8   0x080007d8   0x000000de   Code   RO         7454    .text               mf_w.l(ddiv.o)
    0x080008b6   0x080008b6   0x00000030   Code   RO         7456    .text               mf_w.l(dfixul.o)
    0x080008e6   0x080008e6   0x00000002   PAD
    0x080008e8   0x080008e8   0x00000030   Code   RO         7458    .text               mf_w.l(cdrcmple.o)
    0x08000918   0x08000918   0x00000024   Code   RO         7462    .text               mc_w.l(init.o)
    0x0800093c   0x0800093c   0x0000001e   Code   RO         7465    .text               mc_w.l(llshl.o)
    0x0800095a   0x0800095a   0x00000020   Code   RO         7467    .text               mc_w.l(llushr.o)
    0x0800097a   0x0800097a   0x00000024   Code   RO         7469    .text               mc_w.l(llsshr.o)
    0x0800099e   0x0800099e   0x0000006e   Code   RO         7472    .text               mf_w.l(fepilogue.o)
    0x08000a0c   0x08000a0c   0x000000ba   Code   RO         7474    .text               mf_w.l(depilogue.o)
    0x08000ac6   0x08000ac6   0x00000006   Code   RO          534    i.ADC_ClearFlag     stm32f4xx_adc.o
    0x08000acc   0x08000acc   0x00000008   Code   RO          535    i.ADC_ClearITPendingBit  stm32f4xx_adc.o
    0x08000ad4   0x08000ad4   0x00000014   Code   RO          536    i.ADC_Cmd           stm32f4xx_adc.o
    0x08000ae8   0x08000ae8   0x0000002c   Code   RO          537    i.ADC_CommonInit    stm32f4xx_adc.o
    0x08000b14   0x08000b14   0x00000014   Code   RO          540    i.ADC_DMACmd        stm32f4xx_adc.o
    0x08000b28   0x08000b28   0x0000000c   Code   RO          546    i.ADC_ExternalTrigInjectedConvConfig  stm32f4xx_adc.o
    0x08000b34   0x08000b34   0x0000000c   Code   RO          547    i.ADC_ExternalTrigInjectedConvEdgeConfig  stm32f4xx_adc.o
    0x08000b40   0x08000b40   0x0000000e   Code   RO          549    i.ADC_GetFlagStatus  stm32f4xx_adc.o
    0x08000b4e   0x08000b4e   0x0000001e   Code   RO          550    i.ADC_GetITStatus   stm32f4xx_adc.o
    0x08000b6c   0x08000b6c   0x0000000e   Code   RO          551    i.ADC_GetInjectedConversionValue  stm32f4xx_adc.o
    0x08000b7a   0x08000b7a   0x00000002   PAD
    0x08000b7c   0x08000b7c   0x000000c4   Code   RO         5151    i.ADC_IRQHandler    bsp_adc.o
    0x08000c40   0x08000c40   0x00000012   Code   RO          555    i.ADC_ITConfig      stm32f4xx_adc.o
    0x08000c52   0x08000c52   0x00000002   PAD
    0x08000c54   0x08000c54   0x0000004c   Code   RO          556    i.ADC_Init          stm32f4xx_adc.o
    0x08000ca0   0x08000ca0   0x0000004a   Code   RO          557    i.ADC_InjectedChannelConfig  stm32f4xx_adc.o
    0x08000cea   0x08000cea   0x00000010   Code   RO          559    i.ADC_InjectedSequencerLengthConfig  stm32f4xx_adc.o
    0x08000cfa   0x08000cfa   0x00000074   Code   RO          561    i.ADC_RegularChannelConfig  stm32f4xx_adc.o
    0x08000d6e   0x08000d6e   0x0000000a   Code   RO          563    i.ADC_SoftwareStartConv  stm32f4xx_adc.o
    0x08000d78   0x08000d78   0x0000000a   Code   RO          564    i.ADC_SoftwareStartInjectedConv  stm32f4xx_adc.o
    0x08000d82   0x08000d82   0x00000002   Code   RO          148    i.BusFault_Handler  stm32f4xx_it.o
    0x08000d84   0x08000d84   0x00000058   Code   RO         5001    i.DMA1_Stream3_IRQHandler  bsp_uart.o
    0x08000ddc   0x08000ddc   0x0000007c   Code   RO         5152    i.DMA2_Stream0_IRQHandler  bsp_adc.o
    0x08000e58   0x08000e58   0x0000002c   Code   RO         1555    i.DMA_ClearFlag     stm32f4xx_dma.o
    0x08000e84   0x08000e84   0x0000002c   Code   RO         1556    i.DMA_ClearITPendingBit  stm32f4xx_dma.o
    0x08000eb0   0x08000eb0   0x00000014   Code   RO         1557    i.DMA_Cmd           stm32f4xx_dma.o
    0x08000ec4   0x08000ec4   0x00000124   Code   RO         1558    i.DMA_DeInit        stm32f4xx_dma.o
    0x08000fe8   0x08000fe8   0x00000054   Code   RO         1567    i.DMA_GetITStatus   stm32f4xx_dma.o
    0x0800103c   0x0800103c   0x0000002c   Code   RO         1568    i.DMA_ITConfig      stm32f4xx_dma.o
    0x08001068   0x08001068   0x00000054   Code   RO         1569    i.DMA_Init          stm32f4xx_dma.o
    0x080010bc   0x080010bc   0x00000002   Code   RO          149    i.DebugMon_Handler  stm32f4xx_it.o
    0x080010be   0x080010be   0x00000002   PAD
    0x080010c0   0x080010c0   0x0000005c   Code   RO         5299    i.Debug_task_create  foc_init.o
    0x0800111c   0x0800111c   0x00000060   Code   RO         5300    i.FOC_Control_task_create  foc_init.o
    0x0800117c   0x0800117c   0x000000a2   Code   RO         2087    i.GPIO_Init         stm32f4xx_gpio.o
    0x0800121e   0x0800121e   0x00000020   Code   RO         2088    i.GPIO_PinAFConfig  stm32f4xx_gpio.o
    0x0800123e   0x0800123e   0x00000006   Code   RO         2094    i.GPIO_ResetBits    stm32f4xx_gpio.o
    0x08001244   0x08001244   0x00000004   Code   RO         2095    i.GPIO_SetBits      stm32f4xx_gpio.o
    0x08001248   0x08001248   0x0000005c   Code   RO         5301    i.Gather_task_create  foc_init.o
    0x080012a4   0x080012a4   0x00000002   Code   RO          150    i.HardFault_Handler  stm32f4xx_it.o
    0x080012a6   0x080012a6   0x00000002   PAD
    0x080012a8   0x080012a8   0x00000054   Code   RO         5302    i.LED_task_create   foc_init.o
    0x080012fc   0x080012fc   0x00000002   Code   RO          151    i.MemManage_Handler  stm32f4xx_it.o
    0x080012fe   0x080012fe   0x00000002   Code   RO          152    i.NMI_Handler       stm32f4xx_it.o
    0x08001300   0x08001300   0x00000064   Code   RO          456    i.NVIC_Init         misc.o
    0x08001364   0x08001364   0x00000018   Code   RO         2812    i.RCC_AHB1PeriphClockCmd  stm32f4xx_rcc.o
    0x0800137c   0x0800137c   0x00000018   Code   RO         2821    i.RCC_APB1PeriphClockCmd  stm32f4xx_rcc.o
    0x08001394   0x08001394   0x00000018   Code   RO         2824    i.RCC_APB2PeriphClockCmd  stm32f4xx_rcc.o
    0x080013ac   0x080013ac   0x00000090   Code   RO         2833    i.RCC_GetClocksFreq  stm32f4xx_rcc.o
    0x0800143c   0x0800143c   0x000000b4   Code   RO            4    i.SetSysClock       system_stm32f4xx.o
    0x080014f0   0x080014f0   0x0000002c   Code   RO         6005    i.SysTick_Handler   port.o
    0x0800151c   0x0800151c   0x0000005c   Code   RO            6    i.SystemInit        system_stm32f4xx.o
    0x08001578   0x08001578   0x0000001e   Code   RO         5242    i.TIM2_IRQHandler   bsp_timer.o
    0x08001596   0x08001596   0x00000006   Code   RO         4201    i.TIM_ClearITPendingBit  stm32f4xx_tim.o
    0x0800159c   0x0800159c   0x00000014   Code   RO         4206    i.TIM_Cmd           stm32f4xx_tim.o
    0x080015b0   0x080015b0   0x00000016   Code   RO         4208    i.TIM_CtrlPWMOutputs  stm32f4xx_tim.o
    0x080015c6   0x080015c6   0x00000018   Code   RO         4227    i.TIM_GetITStatus   stm32f4xx_tim.o
    0x080015de   0x080015de   0x00000010   Code   RO         4231    i.TIM_ITConfig      stm32f4xx_tim.o
    0x080015ee   0x080015ee   0x00000002   PAD
    0x080015f0   0x080015f0   0x00000060   Code   RO         4235    i.TIM_OC1Init       stm32f4xx_tim.o
    0x08001650   0x08001650   0x0000000c   Code   RO         4238    i.TIM_OC1PreloadConfig  stm32f4xx_tim.o
    0x0800165c   0x0800165c   0x00000080   Code   RO         4240    i.TIM_OC2Init       stm32f4xx_tim.o
    0x080016dc   0x080016dc   0x00000014   Code   RO         4243    i.TIM_OC2PreloadConfig  stm32f4xx_tim.o
    0x080016f0   0x080016f0   0x0000007c   Code   RO         4245    i.TIM_OC3Init       stm32f4xx_tim.o
    0x0800176c   0x0800176c   0x0000000c   Code   RO         4248    i.TIM_OC3PreloadConfig  stm32f4xx_tim.o
    0x08001778   0x08001778   0x00000060   Code   RO         4250    i.TIM_OC4Init       stm32f4xx_tim.o
    0x080017d8   0x080017d8   0x00000014   Code   RO         4252    i.TIM_OC4PreloadConfig  stm32f4xx_tim.o
    0x080017ec   0x080017ec   0x00000010   Code   RO         4264    i.TIM_SelectOutputTrigger  stm32f4xx_tim.o
    0x080017fc   0x080017fc   0x00000004   Code   RO         4268    i.TIM_SetCompare1   stm32f4xx_tim.o
    0x08001800   0x08001800   0x00000004   Code   RO         4269    i.TIM_SetCompare2   stm32f4xx_tim.o
    0x08001804   0x08001804   0x00000004   Code   RO         4270    i.TIM_SetCompare3   stm32f4xx_tim.o
    0x08001808   0x08001808   0x0000007c   Code   RO         4278    i.TIM_TimeBaseInit  stm32f4xx_tim.o
    0x08001884   0x08001884   0x00000014   Code   RO         4747    i.USART_Cmd         stm32f4xx_usart.o
    0x08001898   0x08001898   0x00000010   Code   RO         4748    i.USART_DMACmd      stm32f4xx_usart.o
    0x080018a8   0x080018a8   0x0000000e   Code   RO         4750    i.USART_GetFlagStatus  stm32f4xx_usart.o
    0x080018b6   0x080018b6   0x00000002   PAD
    0x080018b8   0x080018b8   0x000000ac   Code   RO         4754    i.USART_Init        stm32f4xx_usart.o
    0x08001964   0x08001964   0x00000008   Code   RO         4764    i.USART_SendData    stm32f4xx_usart.o
    0x0800196c   0x0800196c   0x00000002   Code   RO          153    i.UsageFault_Handler  stm32f4xx_it.o
    0x0800196e   0x0800196e   0x00000002   PAD
    0x08001970   0x08001970   0x0000002c   Code   RO         7376    i.__0vsnprintf      mc_w.l(printfa.o)
    0x0800199c   0x0800199c   0x00000026   Code   RO         7400    i.__ARM_fpclassifyf  m_wm.l(fpclassifyf.o)
    0x080019c2   0x080019c2   0x000000b0   Code   RO         7311    i.__hardfp_fmodf    m_wm.l(fmodf.o)
    0x08001a72   0x08001a72   0x0000003a   Code   RO         7347    i.__hardfp_sqrtf    m_wm.l(sqrtf_full.o)
    0x08001aac   0x08001aac   0x0000017c   Code   RO         7335    i.__hardfp_tanf     m_wm.l(tanf.o)
    0x08001c28   0x08001c28   0x00000006   Code   RO         7403    i.__mathlib_flt_infnan  m_wm.l(funder.o)
    0x08001c2e   0x08001c2e   0x00000002   PAD
    0x08001c30   0x08001c30   0x00000010   Code   RO         7405    i.__mathlib_flt_invalid  m_wm.l(funder.o)
    0x08001c40   0x08001c40   0x00000010   Code   RO         7408    i.__mathlib_flt_underflow  m_wm.l(funder.o)
    0x08001c50   0x08001c50   0x00000154   Code   RO         7416    i.__mathlib_rredf2  m_wm.l(rredf.o)
    0x08001da4   0x08001da4   0x0000000e   Code   RO         7478    i.__scatterload_copy  mc_w.l(handlers.o)
    0x08001db2   0x08001db2   0x00000002   Code   RO         7479    i.__scatterload_null  mc_w.l(handlers.o)
    0x08001db4   0x08001db4   0x0000000e   Code   RO         7480    i.__scatterload_zeroinit  mc_w.l(handlers.o)
    0x08001dc2   0x08001dc2   0x00000002   PAD
    0x08001dc4   0x08001dc4   0x0000000c   Code   RO         7442    i.__set_errno       mc_w.l(errno.o)
    0x08001dd0   0x08001dd0   0x00000184   Code   RO         7378    i._fp_digits        mc_w.l(printfa.o)
    0x08001f54   0x08001f54   0x000006dc   Code   RO         7379    i._printf_core      mc_w.l(printfa.o)
    0x08002630   0x08002630   0x00000024   Code   RO         7380    i._printf_post_padding  mc_w.l(printfa.o)
    0x08002654   0x08002654   0x0000002e   Code   RO         7381    i._printf_pre_padding  mc_w.l(printfa.o)
    0x08002682   0x08002682   0x00000016   Code   RO         7382    i._snputc           mc_w.l(printfa.o)
    0x08002698   0x08002698   0x0000002c   Code   RO         5486    i.angle_normalize   foc_conversion.o
    0x080026c4   0x080026c4   0x00000030   Code   RO         5487    i.angle_normalize_360  foc_conversion.o
    0x080026f4   0x080026f4   0x00000034   Code   RO         5488    i.angle_normalize_pi  foc_conversion.o
    0x08002728   0x08002728   0x0000001a   Code   RO         5489    i.arm_park_f32      foc_conversion.o
    0x08002742   0x08002742   0x00000002   PAD
    0x08002744   0x08002744   0x000000e0   Code   RO         5153    i.bsp_adc_current_offset_calibrate  bsp_adc.o
    0x08002824   0x08002824   0x0000000c   Code   RO         5155    i.bsp_adc_get_calib_data  bsp_adc.o
    0x08002830   0x08002830   0x000001d4   Code   RO         5156    i.bsp_adc_init      bsp_adc.o
    0x08002a04   0x08002a04   0x0000009c   Code   RO         5157    i.bsp_adc_process_data  bsp_adc.o
    0x08002aa0   0x08002aa0   0x00000030   Code   RO         5114    i.bsp_gpio_init     bsp_gpio.o
    0x08002ad0   0x08002ad0   0x00000034   Code   RO         5115    i.bsp_hall_gpio_init  bsp_gpio.o
    0x08002b04   0x08002b04   0x00000028   Code   RO         5243    i.bsp_pwm_set_duty  bsp_timer.o
    0x08002b2c   0x08002b2c   0x0000001c   Code   RO         5244    i.bsp_pwm_start     bsp_timer.o
    0x08002b48   0x08002b48   0x0000001c   Code   RO         5245    i.bsp_pwm_stop      bsp_timer.o
    0x08002b64   0x08002b64   0x00000160   Code   RO         5246    i.bsp_timer_init    bsp_timer.o
    0x08002cc4   0x08002cc4   0x00000064   Code   RO         5247    i.bsp_timestamp_init  bsp_timer.o
    0x08002d28   0x08002d28   0x000000a4   Code   RO         5002    i.bsp_uart_dma_init  bsp_uart.o
    0x08002dcc   0x08002dcc   0x000000c0   Code   RO         5003    i.bsp_uart_init     bsp_uart.o
    0x08002e8c   0x08002e8c   0x0000001a   Code   RO         5004    i.bsp_uart_send     bsp_uart.o
    0x08002ea6   0x08002ea6   0x00000002   PAD
    0x08002ea8   0x08002ea8   0x00000030   Code   RO         5006    i.bsp_uart_send_byte  bsp_uart.o
    0x08002ed8   0x08002ed8   0x0000004e   Code   RO         5490    i.butterworth_filter  foc_conversion.o
    0x08002f26   0x08002f26   0x00000002   PAD
    0x08002f28   0x08002f28   0x000000c8   Code   RO         5491    i.butterworth_init  foc_conversion.o
    0x08002ff0   0x08002ff0   0x00000060   Code   RO         5492    i.clark_transform   foc_conversion.o
    0x08003050   0x08003050   0x00000048   Code   RO         5008    i.debug_log         bsp_uart.o
    0x08003098   0x08003098   0x00000020   Code   RO         5797    i.flux_observer_init  foc_sensorless.o
    0x080030b8   0x080030b8   0x000001a0   Code   RO         5798    i.flux_observer_update  foc_sensorless.o
    0x08003258   0x08003258   0x0000002c   Code   RO         5303    i.foc_app_init      foc_init.o
    0x08003284   0x08003284   0x00000054   Code   RO         5304    i.foc_bsp_init      foc_init.o
    0x080032d8   0x080032d8   0x00000014   Code   RO         5690    i.foc_control       foc_control.o
    0x080032ec   0x080032ec   0x00000140   Code   RO         5692    i.foc_current_control  foc_control.o
    0x0800342c   0x0800342c   0x00000034   Code   RO         5755    i.foc_current_pi_init  foc_settings.o
    0x08003460   0x08003460   0x0000002c   Code   RO         5644    i.foc_encoder_init  foc_encoder.o
    0x0800348c   0x0800348c   0x0000004c   Code   RO         5494    i.foc_id_pid_calculate  foc_conversion.o
    0x080034d8   0x080034d8   0x0000004c   Code   RO         5495    i.foc_iq_pid_calculate  foc_conversion.o
    0x08003524   0x08003524   0x0000002c   Code   RO         5756    i.foc_position_pi_init  foc_settings.o
    0x08003550   0x08003550   0x0000001c   Code   RO         5757    i.foc_speed_pi_init  foc_settings.o
    0x0800356c   0x0800356c   0x00000034   Code   RO         5305    i.foc_task_init     foc_init.o
    0x080035a0   0x080035a0   0x0000002a   Code   RO         5498    i.inv_park_transform_f32  foc_conversion.o
    0x080035ca   0x080035ca   0x00000002   PAD
    0x080035cc   0x080035cc   0x0000000c   Code   RO         5383    i.led_init          led.o
    0x080035d8   0x080035d8   0x00000012   Code   RO          209    i.main              main.o
    0x080035ea   0x080035ea   0x0000001c   Code   RO         5499    i.park_transform    foc_conversion.o
    0x08003606   0x08003606   0x00000002   PAD
    0x08003608   0x08003608   0x00000088   Code   RO         6588    i.prvAddCurrentTaskToDelayedList  tasks.o
    0x08003690   0x08003690   0x000000f0   Code   RO         6589    i.prvAddNewTaskToReadyList  tasks.o
    0x08003780   0x08003780   0x00000050   Code   RO         6936    i.prvCheckForValidListAndQueue  timers.o
    0x080037d0   0x080037d0   0x00000026   Code   RO         6240    i.prvCopyDataFromQueue  queue.o
    0x080037f6   0x080037f6   0x0000006c   Code   RO         6241    i.prvCopyDataToQueue  queue.o
    0x08003862   0x08003862   0x00000014   Code   RO         6590    i.prvDeleteTCB      tasks.o
    0x08003876   0x08003876   0x00000002   PAD
    0x08003878   0x08003878   0x00000044   Code   RO         5906    i.prvHeapInit       heap_4.o
    0x080038bc   0x080038bc   0x00000060   Code   RO         6591    i.prvIdleTask       tasks.o
    0x0800391c   0x0800391c   0x000000a6   Code   RO         6592    i.prvInitialiseNewTask  tasks.o
    0x080039c2   0x080039c2   0x00000002   PAD
    0x080039c4   0x080039c4   0x0000004c   Code   RO         5907    i.prvInsertBlockIntoFreeList  heap_4.o
    0x08003a10   0x08003a10   0x00000038   Code   RO         6937    i.prvInsertTimerInActiveList  timers.o
    0x08003a48   0x08003a48   0x0000001c   Code   RO         6242    i.prvIsQueueEmpty   queue.o
    0x08003a64   0x08003a64   0x00000040   Code   RO         6938    i.prvProcessExpiredTimer  timers.o
    0x08003aa4   0x08003aa4   0x000000e4   Code   RO         6939    i.prvProcessReceivedCommands  timers.o
    0x08003b88   0x08003b88   0x0000006c   Code   RO         6940    i.prvProcessTimerOrBlockTask  timers.o
    0x08003bf4   0x08003bf4   0x00000028   Code   RO         6941    i.prvReloadTimer    timers.o
    0x08003c1c   0x08003c1c   0x0000001c   Code   RO         6594    i.prvResetNextTaskUnblockTime  tasks.o
    0x08003c38   0x08003c38   0x00000048   Code   RO         6942    i.prvSampleTimeNow  timers.o
    0x08003c80   0x08003c80   0x00000028   Code   RO         6006    i.prvTaskExitError  port.o
    0x08003ca8   0x08003ca8   0x00000024   Code   RO         6943    i.prvTimerTask      timers.o
    0x08003ccc   0x08003ccc   0x0000006a   Code   RO         6243    i.prvUnlockQueue    queue.o
    0x08003d36   0x08003d36   0x00000002   PAD
    0x08003d38   0x08003d38   0x000000cc   Code   RO         5909    i.pvPortMalloc      heap_4.o
    0x08003e04   0x08003e04   0x0000002c   Code   RO         6007    i.pxPortInitialiseStack  port.o
    0x08003e30   0x08003e30   0x00000010   Code   RO         5500    i.rad2deg           foc_conversion.o
    0x08003e40   0x08003e40   0x0000012c   Code   RO         5501    i.svpwm_calc_times  foc_conversion.o
    0x08003f6c   0x08003f6c   0x000000e0   Code   RO         5502    i.svpwm_duty_calc   foc_conversion.o
    0x0800404c   0x0800404c   0x00000088   Code   RO         5503    i.svpwm_sector_calc  foc_conversion.o
    0x080040d4   0x080040d4   0x00000026   Code   RO         6200    i.uxListRemove      list.o
    0x080040fa   0x080040fa   0x00000002   PAD
    0x080040fc   0x080040fc   0x0000000c   Code   RO         6599    i.uxTaskGetNumberOfTasks  tasks.o
    0x08004108   0x08004108   0x00000024   Code   RO          210    i.vApplicationMallocFailedHook  main.o
    0x0800412c   0x0800412c   0x0000002c   Code   RO          211    i.vApplicationStackOverflowHook  main.o
    0x08004158   0x08004158   0x0000000c   Code   RO         5451    i.vDebugProcessTask  foc_debug.o
    0x08004164   0x08004164   0x000000d8   Code   RO         5694    i.vFOCControlTask   foc_control.o
    0x0800423c   0x0800423c   0x00000028   Code   RO         5413    i.vGatherProcessTask  foc_gather.o
    0x08004264   0x08004264   0x0000002c   Code   RO         5384    i.vLEDProcessTask   led.o
    0x08004290   0x08004290   0x00000016   Code   RO         6201    i.vListInitialise   list.o
    0x080042a6   0x080042a6   0x00000006   Code   RO         6202    i.vListInitialiseItem  list.o
    0x080042ac   0x080042ac   0x00000030   Code   RO         6203    i.vListInsert       list.o
    0x080042dc   0x080042dc   0x00000040   Code   RO         6009    i.vPortEnterCritical  port.o
    0x0800431c   0x0800431c   0x00000028   Code   RO         6010    i.vPortExitCritical  port.o
    0x08004344   0x08004344   0x00000064   Code   RO         5910    i.vPortFree         heap_4.o
    0x080043a8   0x080043a8   0x00000024   Code   RO         6011    i.vPortSetupTimerInterrupt  port.o
    0x080043cc   0x080043cc   0x00000054   Code   RO         6012    i.vPortValidateInterruptPriority  port.o
    0x08004420   0x08004420   0x00000050   Code   RO         6249    i.vQueueAddToRegistry  queue.o
    0x08004470   0x08004470   0x00000044   Code   RO         6253    i.vQueueWaitForMessageRestricted  queue.o
    0x080044b4   0x080044b4   0x0000004c   Code   RO         6605    i.vTaskDelay        tasks.o
    0x08004500   0x08004500   0x00000010   Code   RO         6610    i.vTaskInternalSetTimeOutState  tasks.o
    0x08004510   0x08004510   0x0000000c   Code   RO         6611    i.vTaskMissedYield  tasks.o
    0x0800451c   0x0800451c   0x00000030   Code   RO         6612    i.vTaskPlaceOnEventList  tasks.o
    0x0800454c   0x0800454c   0x00000050   Code   RO         6613    i.vTaskPlaceOnEventListRestricted  tasks.o
    0x0800459c   0x0800459c   0x00000070   Code   RO         6621    i.vTaskStartScheduler  tasks.o
    0x0800460c   0x0800460c   0x00000010   Code   RO         6623    i.vTaskSuspendAll   tasks.o
    0x0800461c   0x0800461c   0x00000088   Code   RO         6624    i.vTaskSwitchContext  tasks.o
    0x080046a4   0x080046a4   0x000000f4   Code   RO         6013    i.xPortStartScheduler  port.o
    0x08004798   0x08004798   0x0000005e   Code   RO         6256    i.xQueueGenericCreate  queue.o
    0x080047f6   0x080047f6   0x00000002   PAD
    0x080047f8   0x080047f8   0x000000b0   Code   RO         6257    i.xQueueGenericReset  queue.o
    0x080048a8   0x080048a8   0x00000160   Code   RO         6258    i.xQueueGenericSend  queue.o
    0x08004a08   0x08004a08   0x000000bc   Code   RO         6260    i.xQueueGiveFromISR  queue.o
    0x08004ac4   0x08004ac4   0x00000138   Code   RO         6266    i.xQueueReceive     queue.o
    0x08004bfc   0x08004bfc   0x0000007c   Code   RO         6626    i.xTaskCheckForTimeOut  tasks.o
    0x08004c78   0x08004c78   0x0000005c   Code   RO         6627    i.xTaskCreate       tasks.o
    0x08004cd4   0x08004cd4   0x00000094   Code   RO         6628    i.xTaskDelayUntil   tasks.o
    0x08004d68   0x08004d68   0x0000001c   Code   RO         6634    i.xTaskGetSchedulerState  tasks.o
    0x08004d84   0x08004d84   0x0000000c   Code   RO         6635    i.xTaskGetTickCount  tasks.o
    0x08004d90   0x08004d90   0x00000138   Code   RO         6637    i.xTaskIncrementTick  tasks.o
    0x08004ec8   0x08004ec8   0x000000b8   Code   RO         6638    i.xTaskPriorityDisinherit  tasks.o
    0x08004f80   0x08004f80   0x000000dc   Code   RO         6640    i.xTaskRemoveFromEventList  tasks.o
    0x0800505c   0x0800505c   0x0000012c   Code   RO         6641    i.xTaskResumeAll    tasks.o
    0x08005188   0x08005188   0x00000048   Code   RO         6951    i.xTimerCreateTimerTask  timers.o
    0x080051d0   0x080051d0   0x00000804   Data   RO         7288    .constdata          arm_cortexM4lf_math.lib(arm_common_tables.o)
    0x080059d4   0x080059d4   0x00000020   Data   RO         7417    .constdata          m_wm.l(rredf.o)
    0x080059f4   0x080059f4   0x00000020   Data   RO         7476    Region$$Table       anon$$obj.o


    Execution Region RW_IRAM1 (Exec base: 0x20000000, Load base: 0x08005a14, Size: 0x00007938, Max: 0x00020000, ABSOLUTE)

    Exec Addr    Load Addr    Size         Type   Attr      Idx    E Section Name        Object

    0x20000000   0x08005a14   0x00000014   Data   RW            7    .data               system_stm32f4xx.o
    0x20000014   0x08005a28   0x00000010   Data   RW         2865    .data               stm32f4xx_rcc.o
    0x20000024   0x08005a38   0x00000004   Data   RW         5010    .data               bsp_uart.o
    0x20000028   0x08005a3c   0x0000001c   Data   RW         5159    .data               bsp_adc.o
    0x20000044   0x08005a58   0x00000004   Data   RW         5306    .data               foc_init.o
    0x20000048   0x08005a5c   0x00000001   Data   RW         5802    .data               foc_sensorless.o
    0x20000049   0x08005a5d   0x00000003   PAD
    0x2000004c   0x08005a60   0x0000001c   Data   RW         5916    .data               heap_4.o
    0x20000068   0x08005a7c   0x0000000c   Data   RW         6014    .data               port.o
    0x20000074   0x08005a88   0x00000040   Data   RW         6644    .data               tasks.o
    0x200000b4   0x08005ac8   0x00000014   Data   RW         6959    .data               timers.o
    0x200000c8   0x08005adc   0x00000004   Data   RW         7443    .data               mc_w.l(errno.o)
    0x200000cc        -       0x00000900   Zero   RW         5009    .bss                bsp_uart.o
    0x200009cc        -       0x0000003c   Zero   RW         5158    .bss                bsp_adc.o
    0x20000a08        -       0x00000038   Zero   RW         5504    .bss                foc_conversion.o
    0x20000a40        -       0x00000014   Zero   RW         5505    .bss                foc_conversion.o
    0x20000a54        -       0x00000018   Zero   RW         5506    .bss                foc_conversion.o
    0x20000a6c        -       0x00000080   Zero   RW         5507    .bss                foc_conversion.o
    0x20000aec        -       0x00000044   Zero   RW         5647    .bss                foc_encoder.o
    0x20000b30        -       0x00000010   Zero   RW         5648    .bss                foc_encoder.o
    0x20000b40        -       0x0000009c   Zero   RW         5800    .bss                foc_sensorless.o
    0x20000bdc        -       0x00000028   Zero   RW         5801    .bss                foc_sensorless.o
    0x20000c04        -       0x00006800   Zero   RW         5915    .bss                heap_4.o
    0x20007404        -       0x00000040   Zero   RW         6270    .bss                queue.o
    0x20007444        -       0x000000c8   Zero   RW         6643    .bss                tasks.o
    0x2000750c        -       0x00000028   Zero   RW         6958    .bss                timers.o
    0x20007534   0x08005ae0   0x00000004   PAD
    0x20007538        -       0x00000400   Zero   RW          446    STACK               startup_stm32f40_41xxx.o


==============================================================================

Image component sizes


      Code (inc. data)   RO Data    RW Data    ZI Data      Debug   Object Name

      1180         98          0         28         60       7982   bsp_adc.o
       100          8          0          0          0       1045   bsp_gpio.o
       578         24          0          0          0       3554   bsp_timer.o
       590         60          0          4       2304     282700   bsp_uart.o
         0          0          0          0          0       5904   croutine.o
         0          0          0          0          0      12028   event_groups.o
       556        124          0          0          0       1828   foc_control.o
      1442        128          0          0        228      30627   foc_conversion.o
        12          0          0          0          0        484   foc_debug.o
        44         14          0          0         84       2335   foc_encoder.o
        40          4          0          0          0        553   foc_gather.o
       544        274          0          4          0      31280   foc_init.o
       448         74          0          1        196       5463   foc_sensorless.o
       124         30          0          0          0       1837   foc_settings.o
       448         22          0         28      26624      21539   heap_4.o
        56         10          0          0          0        897   led.o
       114          0          0          0          0       2733   list.o
        98         64          0          0          0      91122   main.o
       100          4          0          0          0     253144   misc.o
       786         82          0         12          0      10869   port.o
      1550         20          0          0         64      16191   queue.o
        36          8        392          0       1024        812   startup_stm32f40_41xxx.o
       500         20          0          0          0      11626   stm32f4xx_adc.o
       612         64          0          0          0       5971   stm32f4xx_dma.o
       204          0          0          0          0       2867   stm32f4xx_gpio.o
        12          0          0          0          0       2629   stm32f4xx_it.o
       216         30          0         16          0       4723   stm32f4xx_rcc.o
       748         60          0          0          0      12342   stm32f4xx_tim.o
       230          8          0          0          0       3919   stm32f4xx_usart.o
       272         36          0         20          0      66969   system_stm32f4xx.o
      2614        174          0         64        200      28393   tasks.o
       756         80          0         20         40      12858   timers.o

    ----------------------------------------------------------------------
     15046       1520        424        200      30828     937224   Object Totals
         0          0         32          0          0          0   (incl. Generated)
        36          0          0          3          4          0   (incl. Padding)

    ----------------------------------------------------------------------

      Code (inc. data)   RO Data    RW Data    ZI Data      Debug   Library Member Name

         0          0       2052          0          0       4636   arm_common_tables.o
       210          0          0          0          0      17267   arm_mult_f32.o
       260         18          0          0          0        826   arm_sin_cos_f32.o
       176          0          0          0          0        168   fmodf.o
        38          0          0          0          0        116   fpclassifyf.o
        38         12          0          0          0        348   funder.o
       340         24         32          0          0        160   rredf.o
        58          0          0          0          0        136   sqrtf_full.o
       380         58          0          0          0        200   tanf.o
         0          0          0          0          0          0   entry.o
         0          0          0          0          0          0   entry10a.o
         0          0          0          0          0          0   entry11a.o
         8          4          0          0          0          0   entry2.o
         4          0          0          0          0          0   entry5.o
         0          0          0          0          0          0   entry7b.o
         0          0          0          0          0          0   entry8b.o
         8          4          0          0          0          0   entry9a.o
        12          6          0          4          0         68   errno.o
        30          0          0          0          0          0   handlers.o
        36          8          0          0          0         68   init.o
         0          0          0          0          0          0   iusefp.o
        30          0          0          0          0         68   llshl.o
        36          0          0          0          0         68   llsshr.o
        32          0          0          0          0         68   llushr.o
        36          0          0          0          0         68   memcpya.o
        36          0          0          0          0        108   memseta.o
      2292         84          0          0          0        516   printfa.o
        44          0          0          0          0         80   uidiv.o
        98          0          0          0          0         92   uldiv.o
        48          0          0          0          0         68   cdrcmple.o
       334          0          0          0          0        148   dadd.o
       222          0          0          0          0        100   ddiv.o
       186          0          0          0          0        176   depilogue.o
        48          0          0          0          0         68   dfixul.o
       228          0          0          0          0         96   dmul.o
        38          0          0          0          0         68   f2d.o
       110          0          0          0          0        168   fepilogue.o
        82          0          0          0          0         96   frem.o

    ----------------------------------------------------------------------
      5506        218       2084          4          0      26049   Library Totals
         8          0          0          0          0          0   (incl. Padding)

    ----------------------------------------------------------------------

      Code (inc. data)   RO Data    RW Data    ZI Data      Debug   Library Name

       470         18       2052          0          0      22729   arm_cortexM4lf_math.lib
      1030         94         32          0          0       1128   m_wm.l
      2702        106          0          4          0       1204   mc_w.l
      1296          0          0          0          0        988   mf_w.l

    ----------------------------------------------------------------------
      5506        218       2084          4          0      26049   Library Totals

    ----------------------------------------------------------------------

==============================================================================


      Code (inc. data)   RO Data    RW Data    ZI Data      Debug   

     20552       1738       2508        204      30828     944885   Grand Totals
     20552       1738       2508        204      30828     944885   ELF Image Totals
     20552       1738       2508        204          0          0   ROM Totals

==============================================================================

    Total RO  Size (Code + RO Data)                23060 (  22.52kB)
    Total RW  Size (RW Data + ZI Data)             31032 (  30.30kB)
    Total ROM Size (Code + RO Data + RW Data)      23264 (  22.72kB)

==============================================================================

